Component: Arm Compiler for Embedded 6.21 Tool: armlink [5ec1fa00]

==============================================================================

Section Cross References

    main.o(.text.initLEDs) refers to dio.o(.text.DIO_Init) for DIO_Init
    main.o(.text.initLEDs) refers to dio.o(.text.DIO_SetupDirection) for DIO_SetupDirection
    main.o(.ARM.exidx.text.initLEDs) refers to main.o(.text.initLEDs) for [Anonymous Symbol]
    main.o(.text.init) refers to main.o(.text.initLEDs) for initLEDs
    main.o(.text.init) refers to systicktimer.o(.text.SysTickDisable) for SysTickDisable
    main.o(.text.init) refers to systicktimer.o(.text.SysTickPeriodSet) for SysTickPeriodSet
    main.o(.text.init) refers to timers.o(.text.Timer1_init) for Timer1_init
    main.o(.text.init) refers to timers.o(.text.Timer1_setDelay) for Timer1_setDelay
    main.o(.text.init) refers to bluetooth.o(.text.bluetooth_Init) for bluetooth_Init
    main.o(.text.init) refers to ultrasonic.o(.text.ultrasonic_Init) for ultrasonic_Init
    main.o(.text.init) refers to timers.o(.text.Timer2_init) for Timer2_init
    main.o(.text.init) refers to timers.o(.text.Timer2_setDelay) for Timer2_setDelay
    main.o(.text.init) refers to buzzer.o(.text.buzzerInit) for buzzerInit
    main.o(.text.init) refers to timers.o(.text.Timer1_enableInterrupt) for Timer1_enableInterrupt
    main.o(.text.init) refers to systicktimer.o(.text.SysTickEnable) for SysTickEnable
    main.o(.text.init) refers to dio.o(.text.DIO_WritePin) for DIO_WritePin
    main.o(.ARM.exidx.text.init) refers to main.o(.text.init) for [Anonymous Symbol]
    main.o(.text.getPassword) refers to bluetooth.o(.text.bluetooth_Read) for bluetooth_Read
    main.o(.text.getPassword) refers to main.o(.bss.input) for input
    main.o(.text.getPassword) refers to main.o(.data.password) for password
    main.o(.ARM.exidx.text.getPassword) refers to main.o(.text.getPassword) for [Anonymous Symbol]
    main.o(.text.main) refers to main.o(.text.init) for init
    main.o(.text.main) refers to main.o(.rodata.str1.1) for .L.str
    main.o(.text.main) refers to bluetooth.o(.text.bluetooth_Write_String) for bluetooth_Write_String
    main.o(.text.main) refers to main.o(.text.getPassword) for getPassword
    main.o(.text.main) refers to timers.o(.text.Timer2_start) for Timer2_start
    main.o(.text.main) refers to timers.o(.text.Timer2_stop) for Timer2_stop
    main.o(.text.main) refers to bluetooth.o(.text.bluetooth_Read) for bluetooth_Read
    main.o(.text.main) refers to dio.o(.text.DIO_WritePin) for DIO_WritePin
    main.o(.ARM.exidx.text.main) refers to main.o(.text.main) for [Anonymous Symbol]
    main.o(.text.SystickHandler) refers to dio.o(.text.DIO_WritePin) for DIO_WritePin
    main.o(.text.SystickHandler) refers to systicktimer.o(.text.SysTickDisable) for SysTickDisable
    main.o(.text.SystickHandler) refers to timers.o(.text.Timer1_start) for Timer1_start
    main.o(.ARM.exidx.text.SystickHandler) refers to main.o(.text.SystickHandler) for [Anonymous Symbol]
    main.o(.text.TIMER0_HANDLER) refers to main.o(.bss.lastEdge) for lastEdge
    main.o(.text.TIMER0_HANDLER) refers to main.o(.bss.lastedgeIn_flag) for lastedgeIn_flag
    main.o(.text.TIMER0_HANDLER) refers to main.o(.bss.thisEdge) for thisEdge
    main.o(.text.TIMER0_HANDLER) refers to main.o(.bss.time) for time
    main.o(.text.TIMER0_HANDLER) refers to main.o(.bss.distance) for distance
    main.o(.text.TIMER0_HANDLER) refers to dio.o(.text.DIO_WritePin) for DIO_WritePin
    main.o(.text.TIMER0_HANDLER) refers to buzzer.o(.text.buzzerOFF) for buzzerOFF
    main.o(.text.TIMER0_HANDLER) refers to buzzer.o(.text.buzzerON) for buzzerON
    main.o(.text.TIMER0_HANDLER) refers to main.o(.rodata.str1.1) for .L.str.18
    main.o(.text.TIMER0_HANDLER) refers to bluetooth.o(.text.bluetooth_Write_String) for bluetooth_Write_String
    main.o(.ARM.exidx.text.TIMER0_HANDLER) refers to main.o(.text.TIMER0_HANDLER) for [Anonymous Symbol]
    main.o(.text.TIMER1_HANDLER) refers to dio.o(.text.DIO_WritePin) for DIO_WritePin
    main.o(.text.TIMER1_HANDLER) refers to timers.o(.text.Timer1_stop) for Timer1_stop
    main.o(.text.TIMER1_HANDLER) refers to systicktimer.o(.text.SysTickEnable) for SysTickEnable
    main.o(.ARM.exidx.text.TIMER1_HANDLER) refers to main.o(.text.TIMER1_HANDLER) for [Anonymous Symbol]
    bluetooth.o(.text.bluetooth_Init) refers to uart.o(.text.UART_Init) for UART_Init
    bluetooth.o(.ARM.exidx.text.bluetooth_Init) refers to bluetooth.o(.text.bluetooth_Init) for [Anonymous Symbol]
    bluetooth.o(.ARM.exidx.text.bluetooth_Read) refers to bluetooth.o(.text.bluetooth_Read) for [Anonymous Symbol]
    bluetooth.o(.ARM.exidx.text.bluetooth_Write) refers to bluetooth.o(.text.bluetooth_Write) for [Anonymous Symbol]
    bluetooth.o(.text.bluetooth_Write_String) refers to bluetooth.o(.text.bluetooth_Write) for bluetooth_Write
    bluetooth.o(.ARM.exidx.text.bluetooth_Write_String) refers to bluetooth.o(.text.bluetooth_Write_String) for [Anonymous Symbol]
    ultrasonic.o(.text.ultrasonic_Init) refers to timers.o(.text.Timer0ACapture_init) for Timer0ACapture_init
    ultrasonic.o(.text.ultrasonic_Init) refers to dio.o(.text.DIO_Init) for DIO_Init
    ultrasonic.o(.text.ultrasonic_Init) refers to dio.o(.text.DIO_SetupDirection) for DIO_SetupDirection
    ultrasonic.o(.ARM.exidx.text.ultrasonic_Init) refers to ultrasonic.o(.text.ultrasonic_Init) for [Anonymous Symbol]
    ultrasonic.o(.ARM.exidx.text.Delay) refers to ultrasonic.o(.text.Delay) for [Anonymous Symbol]
    buzzer.o(.text.buzzerInit) refers to dio.o(.text.DIO_SetupDirection) for DIO_SetupDirection
    buzzer.o(.ARM.exidx.text.buzzerInit) refers to buzzer.o(.text.buzzerInit) for [Anonymous Symbol]
    buzzer.o(.text.buzzerON) refers to dio.o(.text.DIO_WritePin) for DIO_WritePin
    buzzer.o(.ARM.exidx.text.buzzerON) refers to buzzer.o(.text.buzzerON) for [Anonymous Symbol]
    buzzer.o(.text.buzzerOFF) refers to dio.o(.text.DIO_WritePin) for DIO_WritePin
    buzzer.o(.ARM.exidx.text.buzzerOFF) refers to buzzer.o(.text.buzzerOFF) for [Anonymous Symbol]
    dio.o(.ARM.exidx.text.DIO_Init) refers to dio.o(.text.DIO_Init) for [Anonymous Symbol]
    dio.o(.ARM.exidx.text.DIO_SetupDirection) refers to dio.o(.text.DIO_SetupDirection) for [Anonymous Symbol]
    dio.o(.ARM.exidx.text.DIO_WritePort) refers to dio.o(.text.DIO_WritePort) for [Anonymous Symbol]
    dio.o(.ARM.exidx.text.DIO_WritePin) refers to dio.o(.text.DIO_WritePin) for [Anonymous Symbol]
    dio.o(.ARM.exidx.text.DIO_ReadPort) refers to dio.o(.text.DIO_ReadPort) for [Anonymous Symbol]
    dio.o(.ARM.exidx.text.DIO_ReadPin) refers to dio.o(.text.DIO_ReadPin) for [Anonymous Symbol]
    interrupt.o(.ARM.exidx.text.interrupt_init) refers to interrupt.o(.text.interrupt_init) for [Anonymous Symbol]
    interrupt.o(.ARM.exidx.text.interrupt_enable_pin) refers to interrupt.o(.text.interrupt_enable_pin) for [Anonymous Symbol]
    interrupt.o(.ARM.exidx.text.interrupt_disable_pin) refers to interrupt.o(.text.interrupt_disable_pin) for [Anonymous Symbol]
    systicktimer.o(.ARM.exidx.text.enableInterruptToProcessor) refers to systicktimer.o(.text.enableInterruptToProcessor) for [Anonymous Symbol]
    systicktimer.o(.ARM.exidx.text.waitForInterrupt) refers to systicktimer.o(.text.waitForInterrupt) for [Anonymous Symbol]
    systicktimer.o(.ARM.exidx.text.SysTickDisable) refers to systicktimer.o(.text.SysTickDisable) for [Anonymous Symbol]
    systicktimer.o(.ARM.exidx.text.SysTickEnable) refers to systicktimer.o(.text.SysTickEnable) for [Anonymous Symbol]
    systicktimer.o(.ARM.exidx.text.SysTickPeriodGet) refers to systicktimer.o(.text.SysTickPeriodGet) for [Anonymous Symbol]
    systicktimer.o(.ARM.exidx.text.SysTickPeriodSet) refers to systicktimer.o(.text.SysTickPeriodSet) for [Anonymous Symbol]
    systicktimer.o(.ARM.exidx.text.SysTickValueGet) refers to systicktimer.o(.text.SysTickValueGet) for [Anonymous Symbol]
    systicktimer.o(.ARM.exidx.text.SysTick_Is_Time_out) refers to systicktimer.o(.text.SysTick_Is_Time_out) for [Anonymous Symbol]
    timers.o(.text.Timer0ACapture_init) refers to dio.o(.text.DIO_Init) for DIO_Init
    timers.o(.text.Timer0ACapture_init) refers to dio.o(.text.DIO_SetupDirection) for DIO_SetupDirection
    timers.o(.ARM.exidx.text.Timer0ACapture_init) refers to timers.o(.text.Timer0ACapture_init) for [Anonymous Symbol]
    timers.o(.ARM.exidx.text.Timer1_init) refers to timers.o(.text.Timer1_init) for [Anonymous Symbol]
    timers.o(.ARM.exidx.text.Timer1_setDelay) refers to timers.o(.text.Timer1_setDelay) for [Anonymous Symbol]
    timers.o(.ARM.exidx.text.Timer1_start) refers to timers.o(.text.Timer1_start) for [Anonymous Symbol]
    timers.o(.ARM.exidx.text.Timer1_stop) refers to timers.o(.text.Timer1_stop) for [Anonymous Symbol]
    timers.o(.ARM.exidx.text.Timer1_enableInterrupt) refers to timers.o(.text.Timer1_enableInterrupt) for [Anonymous Symbol]
    timers.o(.ARM.exidx.text.Timer2_init) refers to timers.o(.text.Timer2_init) for [Anonymous Symbol]
    timers.o(.ARM.exidx.text.Timer2_setDelay) refers to timers.o(.text.Timer2_setDelay) for [Anonymous Symbol]
    timers.o(.ARM.exidx.text.Timer2_start) refers to timers.o(.text.Timer2_start) for [Anonymous Symbol]
    timers.o(.ARM.exidx.text.Timer2_stop) refers to timers.o(.text.Timer2_stop) for [Anonymous Symbol]
    timers.o(.ARM.exidx.text.Timer2_enableInterrupt) refers to timers.o(.text.Timer2_enableInterrupt) for [Anonymous Symbol]
    uart.o(.text.UART_Init) refers to uart.o(.text.UART_setBaudRate) for UART_setBaudRate
    uart.o(.ARM.exidx.text.UART_Init) refers to uart.o(.text.UART_Init) for [Anonymous Symbol]
    uart.o(.ARM.exidx.text.UART_setBaudRate) refers to uart.o(.text.UART_setBaudRate) for [Anonymous Symbol]
    startup_tm4c123.o(STACK) refers (Special) to heapauxi.o(.text) for __use_two_region_memory
    startup_tm4c123.o(HEAP) refers (Special) to heapauxi.o(.text) for __use_two_region_memory
    startup_tm4c123.o(RESET) refers (Special) to heapauxi.o(.text) for __use_two_region_memory
    startup_tm4c123.o(RESET) refers to startup_tm4c123.o(STACK) for __initial_sp
    startup_tm4c123.o(RESET) refers to startup_tm4c123.o(.text) for Reset_Handler
    startup_tm4c123.o(.text) refers (Special) to heapauxi.o(.text) for __use_two_region_memory
    startup_tm4c123.o(.text) refers to system_tm4c123.o(.text.SystemInit) for SystemInit
    startup_tm4c123.o(.text) refers to __main.o(!!!main) for __main
    startup_tm4c123.o(.text) refers to startup_tm4c123.o(HEAP) for Heap_Mem
    startup_tm4c123.o(.text) refers to startup_tm4c123.o(STACK) for Stack_Mem
    system_tm4c123.o(.text.SystemCoreClockUpdate) refers to system_tm4c123.o(.text.getOscClk) for getOscClk
    system_tm4c123.o(.text.SystemCoreClockUpdate) refers to system_tm4c123.o(.data.SystemCoreClock) for SystemCoreClock
    system_tm4c123.o(.ARM.exidx.text.SystemCoreClockUpdate) refers to system_tm4c123.o(.text.SystemCoreClockUpdate) for [Anonymous Symbol]
    system_tm4c123.o(.ARM.exidx.text.getOscClk) refers to system_tm4c123.o(.text.getOscClk) for [Anonymous Symbol]
    system_tm4c123.o(.ARM.exidx.text.SystemInit) refers to system_tm4c123.o(.text.SystemInit) for [Anonymous Symbol]
    __main.o(!!!main) refers to __rtentry.o(.ARM.Collect$$rtentry$$00000000) for __rt_entry
    __rtentry.o(.ARM.Collect$$rtentry$$00000000) refers (Special) to __rtentry2.o(.ARM.Collect$$rtentry$$0000000A) for __rt_entry_li
    __rtentry.o(.ARM.Collect$$rtentry$$00000000) refers (Special) to __rtentry2.o(.ARM.Collect$$rtentry$$0000000D) for __rt_entry_main
    __rtentry.o(.ARM.Collect$$rtentry$$00000000) refers (Special) to __rtentry2.o(.ARM.Collect$$rtentry$$0000000C) for __rt_entry_postli_1
    __rtentry.o(.ARM.Collect$$rtentry$$00000000) refers (Special) to __rtentry2.o(.ARM.Collect$$rtentry$$00000009) for __rt_entry_postsh_1
    __rtentry.o(.ARM.Collect$$rtentry$$00000000) refers (Special) to __rtentry2.o(.ARM.Collect$$rtentry$$00000002) for __rt_entry_presh_1
    __rtentry.o(.ARM.Collect$$rtentry$$00000000) refers (Special) to __rtentry4.o(.ARM.Collect$$rtentry$$00000004) for __rt_entry_sh
    __rtentry2.o(.ARM.Collect$$rtentry$$00000008) refers to boardinit2.o(.text) for _platform_post_stackheap_init
    __rtentry2.o(.ARM.Collect$$rtentry$$0000000A) refers to libinit.o(.ARM.Collect$$libinit$$00000000) for __rt_lib_init
    __rtentry2.o(.ARM.Collect$$rtentry$$0000000B) refers to boardinit3.o(.text) for _platform_post_lib_init
    __rtentry2.o(.ARM.Collect$$rtentry$$0000000D) refers to main.o(.text.main) for main
    __rtentry2.o(.ARM.Collect$$rtentry$$0000000D) refers to exit.o(.text) for exit
    __rtentry2.o(.ARM.exidx) refers to __rtentry2.o(.ARM.Collect$$rtentry$$00000001) for .ARM.Collect$$rtentry$$00000001
    __rtentry2.o(.ARM.exidx) refers to __rtentry2.o(.ARM.Collect$$rtentry$$00000008) for .ARM.Collect$$rtentry$$00000008
    __rtentry2.o(.ARM.exidx) refers to __rtentry2.o(.ARM.Collect$$rtentry$$0000000A) for .ARM.Collect$$rtentry$$0000000A
    __rtentry2.o(.ARM.exidx) refers to __rtentry2.o(.ARM.Collect$$rtentry$$0000000B) for .ARM.Collect$$rtentry$$0000000B
    __rtentry2.o(.ARM.exidx) refers to __rtentry2.o(.ARM.Collect$$rtentry$$0000000D) for .ARM.Collect$$rtentry$$0000000D
    __rtentry4.o(.ARM.Collect$$rtentry$$00000004) refers to sys_stackheap_outer.o(.text) for __user_setup_stackheap
    __rtentry4.o(.ARM.exidx) refers to __rtentry4.o(.ARM.Collect$$rtentry$$00000004) for .ARM.Collect$$rtentry$$00000004
    sys_stackheap_outer.o(.text) refers to libspace.o(.text) for __user_perproc_libspace
    sys_stackheap_outer.o(.text) refers to startup_tm4c123.o(.text) for __user_initial_stackheap
    exit.o(.text) refers to rtexit.o(.ARM.Collect$$rtexit$$00000000) for __rt_exit
    libinit.o(.ARM.Collect$$libinit$$00000000) refers (Special) to libinit2.o(.ARM.Collect$$libinit$$00000030) for __rt_lib_init_alloca_1
    libinit.o(.ARM.Collect$$libinit$$00000000) refers (Special) to libinit2.o(.ARM.Collect$$libinit$$0000002E) for __rt_lib_init_argv_1
    libinit.o(.ARM.Collect$$libinit$$00000000) refers (Special) to libinit2.o(.ARM.Collect$$libinit$$0000001D) for __rt_lib_init_atexit_1
    libinit.o(.ARM.Collect$$libinit$$00000000) refers (Special) to libinit2.o(.ARM.Collect$$libinit$$00000023) for __rt_lib_init_clock_1
    libinit.o(.ARM.Collect$$libinit$$00000000) refers (Special) to libinit2.o(.ARM.Collect$$libinit$$00000034) for __rt_lib_init_cpp_1
    libinit.o(.ARM.Collect$$libinit$$00000000) refers (Special) to libinit2.o(.ARM.Collect$$libinit$$00000032) for __rt_lib_init_exceptions_1
    libinit.o(.ARM.Collect$$libinit$$00000000) refers (Special) to libinit2.o(.ARM.Collect$$libinit$$00000001) for __rt_lib_init_fp_1
    libinit.o(.ARM.Collect$$libinit$$00000000) refers (Special) to libinit2.o(.ARM.Collect$$libinit$$00000021) for __rt_lib_init_fp_trap_1
    libinit.o(.ARM.Collect$$libinit$$00000000) refers (Special) to libinit2.o(.ARM.Collect$$libinit$$00000025) for __rt_lib_init_getenv_1
    libinit.o(.ARM.Collect$$libinit$$00000000) refers (Special) to libinit2.o(.ARM.Collect$$libinit$$0000000C) for __rt_lib_init_heap_1
    libinit.o(.ARM.Collect$$libinit$$00000000) refers (Special) to libinit2.o(.ARM.Collect$$libinit$$00000013) for __rt_lib_init_lc_collate_1
    libinit.o(.ARM.Collect$$libinit$$00000000) refers (Special) to libinit2.o(.ARM.Collect$$libinit$$00000015) for __rt_lib_init_lc_ctype_1
    libinit.o(.ARM.Collect$$libinit$$00000000) refers (Special) to libinit2.o(.ARM.Collect$$libinit$$00000017) for __rt_lib_init_lc_monetary_1
    libinit.o(.ARM.Collect$$libinit$$00000000) refers (Special) to libinit2.o(.ARM.Collect$$libinit$$00000019) for __rt_lib_init_lc_numeric_1
    libinit.o(.ARM.Collect$$libinit$$00000000) refers (Special) to libinit2.o(.ARM.Collect$$libinit$$0000001B) for __rt_lib_init_lc_time_1
    libinit.o(.ARM.Collect$$libinit$$00000000) refers (Special) to libinit2.o(.ARM.Collect$$libinit$$00000006) for __rt_lib_init_preinit_1
    libinit.o(.ARM.Collect$$libinit$$00000000) refers (Special) to libinit2.o(.ARM.Collect$$libinit$$00000010) for __rt_lib_init_rand_1
    libinit.o(.ARM.Collect$$libinit$$00000000) refers (Special) to libinit2.o(.ARM.Collect$$libinit$$00000004) for __rt_lib_init_relocate_pie_1
    libinit.o(.ARM.Collect$$libinit$$00000000) refers (Special) to libinit2.o(.ARM.Collect$$libinit$$00000035) for __rt_lib_init_return
    libinit.o(.ARM.Collect$$libinit$$00000000) refers (Special) to libinit2.o(.ARM.Collect$$libinit$$0000001F) for __rt_lib_init_signal_1
    libinit.o(.ARM.Collect$$libinit$$00000000) refers (Special) to libinit2.o(.ARM.Collect$$libinit$$00000027) for __rt_lib_init_stdio_1
    libinit.o(.ARM.Collect$$libinit$$00000000) refers (Special) to libinit2.o(.ARM.Collect$$libinit$$0000000E) for __rt_lib_init_user_alloc_1
    libspace.o(.text) refers to libspace.o(.bss) for __libspace_start
    rtexit.o(.ARM.Collect$$rtexit$$00000000) refers (Special) to rtexit2.o(.ARM.Collect$$rtexit$$00000004) for __rt_exit_exit
    rtexit.o(.ARM.Collect$$rtexit$$00000000) refers (Special) to rtexit2.o(.ARM.Collect$$rtexit$$00000003) for __rt_exit_ls
    rtexit.o(.ARM.Collect$$rtexit$$00000000) refers (Special) to rtexit2.o(.ARM.Collect$$rtexit$$00000002) for __rt_exit_prels_1
    rtexit.o(.ARM.exidx) refers (Special) to rtexit2.o(.ARM.Collect$$rtexit$$00000004) for __rt_exit_exit
    rtexit.o(.ARM.exidx) refers (Special) to rtexit2.o(.ARM.Collect$$rtexit$$00000003) for __rt_exit_ls
    rtexit.o(.ARM.exidx) refers (Special) to rtexit2.o(.ARM.Collect$$rtexit$$00000002) for __rt_exit_prels_1
    rtexit.o(.ARM.exidx) refers to rtexit.o(.ARM.Collect$$rtexit$$00000000) for .ARM.Collect$$rtexit$$00000000
    libinit2.o(.ARM.Collect$$libinit$$00000001) refers to fpinit.o(x$fpl$fpinit) for _fp_init
    libinit2.o(.ARM.Collect$$libinit$$00000012) refers to libinit2.o(.ARM.Collect$$libinit$$00000011) for .ARM.Collect$$libinit$$00000011
    libinit2.o(.ARM.Collect$$libinit$$00000014) refers to libinit2.o(.ARM.Collect$$libinit$$00000011) for .ARM.Collect$$libinit$$00000011
    libinit2.o(.ARM.Collect$$libinit$$00000016) refers to libinit2.o(.ARM.Collect$$libinit$$00000011) for .ARM.Collect$$libinit$$00000011
    libinit2.o(.ARM.Collect$$libinit$$00000018) refers to libinit2.o(.ARM.Collect$$libinit$$00000011) for .ARM.Collect$$libinit$$00000011
    libinit2.o(.ARM.Collect$$libinit$$0000001A) refers to libinit2.o(.ARM.Collect$$libinit$$00000011) for .ARM.Collect$$libinit$$00000011
    libinit2.o(.ARM.Collect$$libinit$$00000028) refers to argv_veneer.o(.emb_text) for __ARM_argv_veneer
    libinit2.o(.ARM.Collect$$libinit$$00000029) refers to argv_veneer.o(.emb_text) for __ARM_argv_veneer
    rtexit2.o(.ARM.Collect$$rtexit$$00000003) refers to libshutdown.o(.ARM.Collect$$libshutdown$$00000000) for __rt_lib_shutdown
    rtexit2.o(.ARM.Collect$$rtexit$$00000004) refers to sys_exit.o(.text) for _sys_exit
    rtexit2.o(.ARM.exidx) refers to rtexit2.o(.ARM.Collect$$rtexit$$00000001) for .ARM.Collect$$rtexit$$00000001
    rtexit2.o(.ARM.exidx) refers to rtexit2.o(.ARM.Collect$$rtexit$$00000003) for .ARM.Collect$$rtexit$$00000003
    rtexit2.o(.ARM.exidx) refers to rtexit2.o(.ARM.Collect$$rtexit$$00000004) for .ARM.Collect$$rtexit$$00000004
    argv_veneer.o(.emb_text) refers to no_argv.o(.text) for __ARM_get_argv
    sys_exit.o(.text) refers (Special) to use_no_semi.o(.text) for __I$use$semihosting
    sys_exit.o(.text) refers (Special) to indicate_semi.o(.text) for __semihosting_library_function
    sys_exit_hlt.o(.text) refers (Special) to use_no_semi.o(.text) for __I$use$semihosting
    sys_exit_hlt.o(.text) refers (Special) to indicate_semi.o(.text) for __semihosting_library_function
    _get_argv_nomalloc.o(.text) refers (Special) to hrguard.o(.text) for __heap_region$guard
    _get_argv_nomalloc.o(.text) refers to defsig_rtmem_outer.o(.text) for __rt_SIGRTMEM
    _get_argv_nomalloc.o(.text) refers to sys_command.o(.text) for _sys_command_string
    libshutdown.o(.ARM.Collect$$libshutdown$$00000000) refers (Special) to libshutdown2.o(.ARM.Collect$$libshutdown$$00000002) for __rt_lib_shutdown_cpp_1
    libshutdown.o(.ARM.Collect$$libshutdown$$00000000) refers (Special) to libshutdown2.o(.ARM.Collect$$libshutdown$$00000007) for __rt_lib_shutdown_fp_trap_1
    libshutdown.o(.ARM.Collect$$libshutdown$$00000000) refers (Special) to libshutdown2.o(.ARM.Collect$$libshutdown$$0000000F) for __rt_lib_shutdown_heap_1
    libshutdown.o(.ARM.Collect$$libshutdown$$00000000) refers (Special) to libshutdown2.o(.ARM.Collect$$libshutdown$$00000010) for __rt_lib_shutdown_return
    libshutdown.o(.ARM.Collect$$libshutdown$$00000000) refers (Special) to libshutdown2.o(.ARM.Collect$$libshutdown$$0000000A) for __rt_lib_shutdown_signal_1
    libshutdown.o(.ARM.Collect$$libshutdown$$00000000) refers (Special) to libshutdown2.o(.ARM.Collect$$libshutdown$$00000004) for __rt_lib_shutdown_stdio_1
    libshutdown.o(.ARM.Collect$$libshutdown$$00000000) refers (Special) to libshutdown2.o(.ARM.Collect$$libshutdown$$0000000C) for __rt_lib_shutdown_user_alloc_1
    sys_command.o(.text) refers (Special) to use_no_semi.o(.text) for __I$use$semihosting
    sys_command.o(.text) refers (Special) to indicate_semi.o(.text) for __semihosting_library_function
    sys_command_hlt.o(.text) refers (Special) to use_no_semi.o(.text) for __I$use$semihosting
    sys_command_hlt.o(.text) refers (Special) to indicate_semi.o(.text) for __semihosting_library_function
    defsig_rtmem_outer.o(.text) refers to defsig_rtmem_inner.o(.text) for __rt_SIGRTMEM_inner
    defsig_rtmem_outer.o(.text) refers to defsig_exit.o(.text) for __sig_exit
    defsig_rtmem_formal.o(.text) refers to rt_raise.o(.text) for __rt_raise
    rt_raise.o(.text) refers to __raise.o(.text) for __raise
    rt_raise.o(.text) refers to sys_exit.o(.text) for _sys_exit
    defsig_exit.o(.text) refers to sys_exit.o(.text) for _sys_exit
    defsig_rtmem_inner.o(.text) refers to defsig_general.o(.text) for __default_signal_display
    __raise.o(.text) refers to defsig.o(CL$$defsig) for __default_signal_handler
    defsig_general.o(.text) refers to sys_wrch.o(.text) for _ttywrch
    sys_wrch.o(.text) refers (Special) to use_no_semi.o(.text) for __I$use$semihosting
    sys_wrch.o(.text) refers (Special) to indicate_semi.o(.text) for __semihosting_library_function
    sys_wrch_hlt.o(.text) refers (Special) to use_no_semi.o(.text) for __I$use$semihosting
    sys_wrch_hlt.o(.text) refers (Special) to indicate_semi.o(.text) for __semihosting_library_function
    defsig.o(CL$$defsig) refers to defsig_rtmem_inner.o(.text) for __rt_SIGRTMEM_inner
    defsig_abrt_inner.o(.text) refers to defsig_general.o(.text) for __default_signal_display
    defsig_fpe_inner.o(.text) refers to defsig_general.o(.text) for __default_signal_display
    defsig_rtred_inner.o(.text) refers to defsig_general.o(.text) for __default_signal_display
    defsig_stak_inner.o(.text) refers to defsig_general.o(.text) for __default_signal_display
    defsig_pvfn_inner.o(.text) refers to defsig_general.o(.text) for __default_signal_display
    defsig_cppl_inner.o(.text) refers to defsig_general.o(.text) for __default_signal_display
    defsig_segv_inner.o(.text) refers to defsig_general.o(.text) for __default_signal_display
    defsig_other.o(.text) refers to defsig_general.o(.text) for __default_signal_display


==============================================================================

Removing Unused input sections from the image.

    Removing main.o(.text), (0 bytes).
    Removing main.o(.ARM.exidx.text.initLEDs), (8 bytes).
    Removing main.o(.ARM.exidx.text.init), (8 bytes).
    Removing main.o(.ARM.exidx.text.getPassword), (8 bytes).
    Removing main.o(.ARM.exidx.text.main), (8 bytes).
    Removing main.o(.text.SystickHandler), (40 bytes).
    Removing main.o(.ARM.exidx.text.SystickHandler), (8 bytes).
    Removing main.o(.text.TIMER0_HANDLER), (268 bytes).
    Removing main.o(.ARM.exidx.text.TIMER0_HANDLER), (8 bytes).
    Removing main.o(.text.TIMER1_HANDLER), (42 bytes).
    Removing main.o(.ARM.exidx.text.TIMER1_HANDLER), (8 bytes).
    Removing main.o(.bss.lastedgeIn_flag), (1 bytes).
    Removing main.o(.bss.i), (4 bytes).
    Removing main.o(.bss.lastEdge), (4 bytes).
    Removing main.o(.bss.thisEdge), (4 bytes).
    Removing main.o(.bss.time), (4 bytes).
    Removing main.o(.bss.distance), (4 bytes).
    Removing main.o(.ARM.use_no_argv), (4 bytes).
    Removing bluetooth.o(.text), (0 bytes).
    Removing bluetooth.o(.ARM.exidx.text.bluetooth_Init), (8 bytes).
    Removing bluetooth.o(.ARM.exidx.text.bluetooth_Read), (8 bytes).
    Removing bluetooth.o(.ARM.exidx.text.bluetooth_Write), (8 bytes).
    Removing bluetooth.o(.ARM.exidx.text.bluetooth_Write_String), (8 bytes).
    Removing ultrasonic.o(.text), (0 bytes).
    Removing ultrasonic.o(.ARM.exidx.text.ultrasonic_Init), (8 bytes).
    Removing ultrasonic.o(.text.Delay), (42 bytes).
    Removing ultrasonic.o(.ARM.exidx.text.Delay), (8 bytes).
    Removing buzzer.o(.text), (0 bytes).
    Removing buzzer.o(.ARM.exidx.text.buzzerInit), (8 bytes).
    Removing buzzer.o(.text.buzzerON), (30 bytes).
    Removing buzzer.o(.ARM.exidx.text.buzzerON), (8 bytes).
    Removing buzzer.o(.text.buzzerOFF), (30 bytes).
    Removing buzzer.o(.ARM.exidx.text.buzzerOFF), (8 bytes).
    Removing dio.o(.text), (0 bytes).
    Removing dio.o(.ARM.exidx.text.DIO_Init), (8 bytes).
    Removing dio.o(.ARM.exidx.text.DIO_SetupDirection), (8 bytes).
    Removing dio.o(.text.DIO_WritePort), (156 bytes).
    Removing dio.o(.ARM.exidx.text.DIO_WritePort), (8 bytes).
    Removing dio.o(.ARM.exidx.text.DIO_WritePin), (8 bytes).
    Removing dio.o(.text.DIO_ReadPort), (144 bytes).
    Removing dio.o(.ARM.exidx.text.DIO_ReadPort), (8 bytes).
    Removing dio.o(.text.DIO_ReadPin), (208 bytes).
    Removing dio.o(.ARM.exidx.text.DIO_ReadPin), (8 bytes).
    Removing interrupt.o(.text), (0 bytes).
    Removing interrupt.o(.text.interrupt_init), (380 bytes).
    Removing interrupt.o(.ARM.exidx.text.interrupt_init), (8 bytes).
    Removing interrupt.o(.text.interrupt_enable_pin), (34 bytes).
    Removing interrupt.o(.ARM.exidx.text.interrupt_enable_pin), (8 bytes).
    Removing interrupt.o(.text.interrupt_disable_pin), (34 bytes).
    Removing interrupt.o(.ARM.exidx.text.interrupt_disable_pin), (8 bytes).
    Removing systicktimer.o(.text), (0 bytes).
    Removing systicktimer.o(.text.enableInterruptToProcessor), (4 bytes).
    Removing systicktimer.o(.ARM.exidx.text.enableInterruptToProcessor), (8 bytes).
    Removing systicktimer.o(.text.waitForInterrupt), (4 bytes).
    Removing systicktimer.o(.ARM.exidx.text.waitForInterrupt), (8 bytes).
    Removing systicktimer.o(.ARM.exidx.text.SysTickDisable), (8 bytes).
    Removing systicktimer.o(.ARM.exidx.text.SysTickEnable), (8 bytes).
    Removing systicktimer.o(.text.SysTickPeriodGet), (12 bytes).
    Removing systicktimer.o(.ARM.exidx.text.SysTickPeriodGet), (8 bytes).
    Removing systicktimer.o(.ARM.exidx.text.SysTickPeriodSet), (8 bytes).
    Removing systicktimer.o(.text.SysTickValueGet), (12 bytes).
    Removing systicktimer.o(.ARM.exidx.text.SysTickValueGet), (8 bytes).
    Removing systicktimer.o(.text.SysTick_Is_Time_out), (26 bytes).
    Removing systicktimer.o(.ARM.exidx.text.SysTick_Is_Time_out), (8 bytes).
    Removing timers.o(.text), (0 bytes).
    Removing timers.o(.ARM.exidx.text.Timer0ACapture_init), (8 bytes).
    Removing timers.o(.ARM.exidx.text.Timer1_init), (8 bytes).
    Removing timers.o(.ARM.exidx.text.Timer1_setDelay), (8 bytes).
    Removing timers.o(.text.Timer1_start), (14 bytes).
    Removing timers.o(.ARM.exidx.text.Timer1_start), (8 bytes).
    Removing timers.o(.text.Timer1_stop), (14 bytes).
    Removing timers.o(.ARM.exidx.text.Timer1_stop), (8 bytes).
    Removing timers.o(.ARM.exidx.text.Timer1_enableInterrupt), (8 bytes).
    Removing timers.o(.ARM.exidx.text.Timer2_init), (8 bytes).
    Removing timers.o(.ARM.exidx.text.Timer2_setDelay), (8 bytes).
    Removing timers.o(.ARM.exidx.text.Timer2_start), (8 bytes).
    Removing timers.o(.ARM.exidx.text.Timer2_stop), (8 bytes).
    Removing timers.o(.text.Timer2_enableInterrupt), (34 bytes).
    Removing timers.o(.ARM.exidx.text.Timer2_enableInterrupt), (8 bytes).
    Removing uart.o(.text), (0 bytes).
    Removing uart.o(.ARM.exidx.text.UART_Init), (8 bytes).
    Removing uart.o(.ARM.exidx.text.UART_setBaudRate), (8 bytes).
    Removing system_tm4c123.o(.text), (0 bytes).
    Removing system_tm4c123.o(.text.SystemCoreClockUpdate), (326 bytes).
    Removing system_tm4c123.o(.ARM.exidx.text.SystemCoreClockUpdate), (8 bytes).
    Removing system_tm4c123.o(.text.getOscClk), (360 bytes).
    Removing system_tm4c123.o(.ARM.exidx.text.getOscClk), (8 bytes).
    Removing system_tm4c123.o(.ARM.exidx.text.SystemInit), (8 bytes).
    Removing system_tm4c123.o(.data.SystemCoreClock), (4 bytes).

89 unused section(s) (total 2635 bytes) removed from the image.

==============================================================================

Image Symbol Table

    Local Symbols

    Symbol Name                              Value     Ov Type        Size  Object(Section)

    ../clib/angel/boardlib.s                 0x00000000   Number         0  boardinit1.o ABSOLUTE
    ../clib/angel/boardlib.s                 0x00000000   Number         0  boardinit2.o ABSOLUTE
    ../clib/angel/boardlib.s                 0x00000000   Number         0  boardinit3.o ABSOLUTE
    ../clib/angel/boardlib.s                 0x00000000   Number         0  boardshut.o ABSOLUTE
    ../clib/angel/handlers.s                 0x00000000   Number         0  __scatter_copy.o ABSOLUTE
    ../clib/angel/handlers.s                 0x00000000   Number         0  __scatter_zi.o ABSOLUTE
    ../clib/angel/kernel.s                   0x00000000   Number         0  __rtentry.o ABSOLUTE
    ../clib/angel/kernel.s                   0x00000000   Number         0  __rtentry2.o ABSOLUTE
    ../clib/angel/kernel.s                   0x00000000   Number         0  __rtentry4.o ABSOLUTE
    ../clib/angel/kernel.s                   0x00000000   Number         0  rtexit.o ABSOLUTE
    ../clib/angel/kernel.s                   0x00000000   Number         0  rtexit2.o ABSOLUTE
    ../clib/angel/rt.s                       0x00000000   Number         0  rt_raise.o ABSOLUTE
    ../clib/angel/scatter.s                  0x00000000   Number         0  __scatter.o ABSOLUTE
    ../clib/angel/startup.s                  0x00000000   Number         0  __main.o ABSOLUTE
    ../clib/angel/sys.s                      0x00000000   Number         0  sys_stackheap_outer.o ABSOLUTE
    ../clib/angel/sys.s                      0x00000000   Number         0  libspace.o ABSOLUTE
    ../clib/angel/sys.s                      0x00000000   Number         0  use_no_semi.o ABSOLUTE
    ../clib/angel/sys.s                      0x00000000   Number         0  indicate_semi.o ABSOLUTE
    ../clib/angel/sysapp.c                   0x00000000   Number         0  sys_exit.o ABSOLUTE
    ../clib/angel/sysapp.c                   0x00000000   Number         0  sys_exit_hlt.o ABSOLUTE
    ../clib/angel/sysapp.c                   0x00000000   Number         0  sys_command.o ABSOLUTE
    ../clib/angel/sysapp.c                   0x00000000   Number         0  sys_command_hlt.o ABSOLUTE
    ../clib/angel/sysapp.c                   0x00000000   Number         0  sys_wrch.o ABSOLUTE
    ../clib/angel/sysapp.c                   0x00000000   Number         0  sys_wrch_hlt.o ABSOLUTE
    ../clib/armsys.c                         0x00000000   Number         0  argv_veneer.o ABSOLUTE
    ../clib/armsys.c                         0x00000000   Number         0  argv_veneer.o ABSOLUTE
    ../clib/armsys.c                         0x00000000   Number         0  _get_argv_nomalloc.o ABSOLUTE
    ../clib/armsys.c                         0x00000000   Number         0  no_argv.o ABSOLUTE
    ../clib/heapalloc.c                      0x00000000   Number         0  hrguard.o ABSOLUTE
    ../clib/heapaux.c                        0x00000000   Number         0  heapauxi.o ABSOLUTE
    ../clib/libinit.s                        0x00000000   Number         0  libinit.o ABSOLUTE
    ../clib/libinit.s                        0x00000000   Number         0  libinit2.o ABSOLUTE
    ../clib/libinit.s                        0x00000000   Number         0  libshutdown.o ABSOLUTE
    ../clib/libinit.s                        0x00000000   Number         0  libshutdown2.o ABSOLUTE
    ../clib/signal.c                         0x00000000   Number         0  defsig_rtmem_outer.o ABSOLUTE
    ../clib/signal.c                         0x00000000   Number         0  defsig_rtmem_formal.o ABSOLUTE
    ../clib/signal.c                         0x00000000   Number         0  defsig_exit.o ABSOLUTE
    ../clib/signal.c                         0x00000000   Number         0  defsig_rtmem_inner.o ABSOLUTE
    ../clib/signal.c                         0x00000000   Number         0  __raise.o ABSOLUTE
    ../clib/signal.c                         0x00000000   Number         0  defsig_general.o ABSOLUTE
    ../clib/signal.c                         0x00000000   Number         0  defsig_abrt_inner.o ABSOLUTE
    ../clib/signal.c                         0x00000000   Number         0  defsig_fpe_inner.o ABSOLUTE
    ../clib/signal.c                         0x00000000   Number         0  defsig_rtred_inner.o ABSOLUTE
    ../clib/signal.c                         0x00000000   Number         0  defsig_stak_inner.o ABSOLUTE
    ../clib/signal.c                         0x00000000   Number         0  defsig_pvfn_inner.o ABSOLUTE
    ../clib/signal.c                         0x00000000   Number         0  defsig_cppl_inner.o ABSOLUTE
    ../clib/signal.c                         0x00000000   Number         0  defsig_segv_inner.o ABSOLUTE
    ../clib/signal.c                         0x00000000   Number         0  defsig_other.o ABSOLUTE
    ../clib/signal.s                         0x00000000   Number         0  defsig.o ABSOLUTE
    ../clib/stdlib.c                         0x00000000   Number         0  exit.o ABSOLUTE
    ../fplib/fpinit.s                        0x00000000   Number         0  fpinit.o ABSOLUTE
    BLUETOOTH.c                              0x00000000   Number         0  bluetooth.o ABSOLUTE
    BUZZER.c                                 0x00000000   Number         0  buzzer.o ABSOLUTE
    DIO.c                                    0x00000000   Number         0  dio.o ABSOLUTE
    INTERRUPT.c                              0x00000000   Number         0  interrupt.o ABSOLUTE
    RTE/Device/TM4C123GH6PM/startup_TM4C123.s 0x00000000   Number         0  startup_tm4c123.o ABSOLUTE
    SYSTICKTimer.c                           0x00000000   Number         0  systicktimer.o ABSOLUTE
    TIMERS.c                                 0x00000000   Number         0  timers.o ABSOLUTE
    UART.c                                   0x00000000   Number         0  uart.o ABSOLUTE
    ULTRASONIC.c                             0x00000000   Number         0  ultrasonic.o ABSOLUTE
    dc.s                                     0x00000000   Number         0  dc.o ABSOLUTE
    main.c                                   0x00000000   Number         0  main.o ABSOLUTE
    system_TM4C123.c                         0x00000000   Number         0  system_tm4c123.o ABSOLUTE
    RESET                                    0x00000000   Section      620  startup_tm4c123.o(RESET)
    !!!main                                  0x0000026c   Section        8  __main.o(!!!main)
    !!!scatter                               0x00000274   Section       92  __scatter.o(!!!scatter)
    !!handler_copy                           0x000002d0   Section       26  __scatter_copy.o(!!handler_copy)
    !!handler_null                           0x000002ec   Section        2  __scatter.o(!!handler_null)
    !!handler_zi                             0x000002f0   Section       28  __scatter_zi.o(!!handler_zi)
    .ARM.Collect$$libinit$$00000000          0x0000030c   Section        2  libinit.o(.ARM.Collect$$libinit$$00000000)
    .ARM.Collect$$libinit$$00000001          0x0000030e   Section        4  libinit2.o(.ARM.Collect$$libinit$$00000001)
    .ARM.Collect$$libinit$$00000004          0x00000312   Section        0  libinit2.o(.ARM.Collect$$libinit$$00000004)
    .ARM.Collect$$libinit$$00000006          0x00000312   Section        0  libinit2.o(.ARM.Collect$$libinit$$00000006)
    .ARM.Collect$$libinit$$0000000C          0x00000312   Section        0  libinit2.o(.ARM.Collect$$libinit$$0000000C)
    .ARM.Collect$$libinit$$0000000E          0x00000312   Section        0  libinit2.o(.ARM.Collect$$libinit$$0000000E)
    .ARM.Collect$$libinit$$00000010          0x00000312   Section        0  libinit2.o(.ARM.Collect$$libinit$$00000010)
    .ARM.Collect$$libinit$$00000013          0x00000312   Section        0  libinit2.o(.ARM.Collect$$libinit$$00000013)
    .ARM.Collect$$libinit$$00000015          0x00000312   Section        0  libinit2.o(.ARM.Collect$$libinit$$00000015)
    .ARM.Collect$$libinit$$00000017          0x00000312   Section        0  libinit2.o(.ARM.Collect$$libinit$$00000017)
    .ARM.Collect$$libinit$$00000019          0x00000312   Section        0  libinit2.o(.ARM.Collect$$libinit$$00000019)
    .ARM.Collect$$libinit$$0000001B          0x00000312   Section        0  libinit2.o(.ARM.Collect$$libinit$$0000001B)
    .ARM.Collect$$libinit$$0000001D          0x00000312   Section        0  libinit2.o(.ARM.Collect$$libinit$$0000001D)
    .ARM.Collect$$libinit$$0000001F          0x00000312   Section        0  libinit2.o(.ARM.Collect$$libinit$$0000001F)
    .ARM.Collect$$libinit$$00000021          0x00000312   Section        0  libinit2.o(.ARM.Collect$$libinit$$00000021)
    .ARM.Collect$$libinit$$00000023          0x00000312   Section        0  libinit2.o(.ARM.Collect$$libinit$$00000023)
    .ARM.Collect$$libinit$$00000025          0x00000312   Section        0  libinit2.o(.ARM.Collect$$libinit$$00000025)
    .ARM.Collect$$libinit$$00000027          0x00000312   Section        0  libinit2.o(.ARM.Collect$$libinit$$00000027)
    .ARM.Collect$$libinit$$0000002E          0x00000312   Section        0  libinit2.o(.ARM.Collect$$libinit$$0000002E)
    .ARM.Collect$$libinit$$00000030          0x00000312   Section        0  libinit2.o(.ARM.Collect$$libinit$$00000030)
    .ARM.Collect$$libinit$$00000032          0x00000312   Section        0  libinit2.o(.ARM.Collect$$libinit$$00000032)
    .ARM.Collect$$libinit$$00000034          0x00000312   Section        0  libinit2.o(.ARM.Collect$$libinit$$00000034)
    .ARM.Collect$$libinit$$00000035          0x00000312   Section        2  libinit2.o(.ARM.Collect$$libinit$$00000035)
    .ARM.Collect$$libshutdown$$00000000      0x00000314   Section        2  libshutdown.o(.ARM.Collect$$libshutdown$$00000000)
    .ARM.Collect$$libshutdown$$00000002      0x00000316   Section        0  libshutdown2.o(.ARM.Collect$$libshutdown$$00000002)
    .ARM.Collect$$libshutdown$$00000004      0x00000316   Section        0  libshutdown2.o(.ARM.Collect$$libshutdown$$00000004)
    .ARM.Collect$$libshutdown$$00000007      0x00000316   Section        0  libshutdown2.o(.ARM.Collect$$libshutdown$$00000007)
    .ARM.Collect$$libshutdown$$0000000A      0x00000316   Section        0  libshutdown2.o(.ARM.Collect$$libshutdown$$0000000A)
    .ARM.Collect$$libshutdown$$0000000C      0x00000316   Section        0  libshutdown2.o(.ARM.Collect$$libshutdown$$0000000C)
    .ARM.Collect$$libshutdown$$0000000F      0x00000316   Section        0  libshutdown2.o(.ARM.Collect$$libshutdown$$0000000F)
    .ARM.Collect$$libshutdown$$00000010      0x00000316   Section        2  libshutdown2.o(.ARM.Collect$$libshutdown$$00000010)
    .ARM.Collect$$rtentry$$00000000          0x00000318   Section        0  __rtentry.o(.ARM.Collect$$rtentry$$00000000)
    .ARM.Collect$$rtentry$$00000002          0x00000318   Section        0  __rtentry2.o(.ARM.Collect$$rtentry$$00000002)
    .ARM.Collect$$rtentry$$00000004          0x00000318   Section        6  __rtentry4.o(.ARM.Collect$$rtentry$$00000004)
    .ARM.Collect$$rtentry$$00000009          0x0000031e   Section        0  __rtentry2.o(.ARM.Collect$$rtentry$$00000009)
    .ARM.Collect$$rtentry$$0000000A          0x0000031e   Section        4  __rtentry2.o(.ARM.Collect$$rtentry$$0000000A)
    .ARM.Collect$$rtentry$$0000000C          0x00000322   Section        0  __rtentry2.o(.ARM.Collect$$rtentry$$0000000C)
    .ARM.Collect$$rtentry$$0000000D          0x00000322   Section        8  __rtentry2.o(.ARM.Collect$$rtentry$$0000000D)
    .ARM.Collect$$rtexit$$00000000           0x0000032a   Section        2  rtexit.o(.ARM.Collect$$rtexit$$00000000)
    .ARM.Collect$$rtexit$$00000002           0x0000032c   Section        0  rtexit2.o(.ARM.Collect$$rtexit$$00000002)
    .ARM.Collect$$rtexit$$00000003           0x0000032c   Section        4  rtexit2.o(.ARM.Collect$$rtexit$$00000003)
    .ARM.Collect$$rtexit$$00000004           0x00000330   Section        6  rtexit2.o(.ARM.Collect$$rtexit$$00000004)
    $v0                                      0x00000338   Number         0  startup_tm4c123.o(.text)
    .text                                    0x00000338   Section      276  startup_tm4c123.o(.text)
    .text                                    0x0000044c   Section        0  heapauxi.o(.text)
    .text                                    0x00000452   Section       74  sys_stackheap_outer.o(.text)
    .text                                    0x0000049c   Section        0  exit.o(.text)
    .text                                    0x000004b0   Section        8  libspace.o(.text)
    .text                                    0x000004b8   Section        0  sys_exit.o(.text)
    .text                                    0x000004c4   Section        2  use_no_semi.o(.text)
    .text                                    0x000004c6   Section        0  indicate_semi.o(.text)
    [Anonymous Symbol]                       0x000004c8   Section        0  dio.o(.text.DIO_Init)
    [Anonymous Symbol]                       0x000006d8   Section        0  dio.o(.text.DIO_SetupDirection)
    [Anonymous Symbol]                       0x00000984   Section        0  dio.o(.text.DIO_WritePin)
    [Anonymous Symbol]                       0x00000b3c   Section        0  systicktimer.o(.text.SysTickDisable)
    [Anonymous Symbol]                       0x00000b60   Section        0  systicktimer.o(.text.SysTickEnable)
    [Anonymous Symbol]                       0x00000b90   Section        0  systicktimer.o(.text.SysTickPeriodSet)
    [Anonymous Symbol]                       0x00000bdc   Section        0  system_tm4c123.o(.text.SystemInit)
    [Anonymous Symbol]                       0x00000bf0   Section        0  timers.o(.text.Timer0ACapture_init)
    [Anonymous Symbol]                       0x00000c8c   Section        0  timers.o(.text.Timer1_enableInterrupt)
    [Anonymous Symbol]                       0x00000cb0   Section        0  timers.o(.text.Timer1_init)
    [Anonymous Symbol]                       0x00000d1c   Section        0  timers.o(.text.Timer1_setDelay)
    [Anonymous Symbol]                       0x00000d30   Section        0  timers.o(.text.Timer2_init)
    [Anonymous Symbol]                       0x00000d88   Section        0  timers.o(.text.Timer2_setDelay)
    [Anonymous Symbol]                       0x00000d9c   Section        0  timers.o(.text.Timer2_start)
    [Anonymous Symbol]                       0x00000dac   Section        0  timers.o(.text.Timer2_stop)
    [Anonymous Symbol]                       0x00000dbc   Section        0  uart.o(.text.UART_Init)
    [Anonymous Symbol]                       0x00000e74   Section        0  uart.o(.text.UART_setBaudRate)
    [Anonymous Symbol]                       0x00000e90   Section        0  bluetooth.o(.text.bluetooth_Init)
    [Anonymous Symbol]                       0x00000e9c   Section        0  bluetooth.o(.text.bluetooth_Read)
    [Anonymous Symbol]                       0x00000ec0   Section        0  bluetooth.o(.text.bluetooth_Write)
    [Anonymous Symbol]                       0x00000ef0   Section        0  bluetooth.o(.text.bluetooth_Write_String)
    [Anonymous Symbol]                       0x00000f14   Section        0  buzzer.o(.text.buzzerInit)
    [Anonymous Symbol]                       0x00000f34   Section        0  main.o(.text.getPassword)
    [Anonymous Symbol]                       0x00000fc8   Section        0  main.o(.text.init)
    [Anonymous Symbol]                       0x00001034   Section        0  main.o(.text.initLEDs)
    [Anonymous Symbol]                       0x00001090   Section        0  main.o(.text.main)
    [Anonymous Symbol]                       0x000012d4   Section        0  ultrasonic.o(.text.ultrasonic_Init)
    $v0                                      0x00001304   Number         0  fpinit.o(x$fpl$fpinit)
    x$fpl$fpinit                             0x00001304   Section       26  fpinit.o(x$fpl$fpinit)
    .L.str.7                                 0x0000131e   Data          27  main.o(.rodata.str1.1)
    [Anonymous Symbol]                       0x0000131e   Section        0  main.o(.rodata.str1.1)
    .L.str.2                                 0x00001339   Data          27  main.o(.rodata.str1.1)
    .L.str.1                                 0x00001354   Data          14  main.o(.rodata.str1.1)
    .L.str.4                                 0x00001362   Data          74  main.o(.rodata.str1.1)
    .L.str.3                                 0x000013ac   Data          71  main.o(.rodata.str1.1)
    .L.str.6                                 0x000013f3   Data          27  main.o(.rodata.str1.1)
    .L.str.5                                 0x0000140e   Data          76  main.o(.rodata.str1.1)
    .L.str                                   0x0000145a   Data          28  main.o(.rodata.str1.1)
    .L.str.9                                 0x00001493   Data          33  main.o(.rodata.str1.1)
    .L.str.8                                 0x000014b4   Data          34  main.o(.rodata.str1.1)
    .L.str.10                                0x000014d6   Data          32  main.o(.rodata.str1.1)
    .L.str.12                                0x000014f6   Data          36  main.o(.rodata.str1.1)
    .L.str.11                                0x0000151a   Data          36  main.o(.rodata.str1.1)
    .L.str.14                                0x0000153e   Data          33  main.o(.rodata.str1.1)
    .L.str.13                                0x0000155f   Data          34  main.o(.rodata.str1.1)
    .L.str.15                                0x00001581   Data          32  main.o(.rodata.str1.1)
    .L.str.17                                0x000015a1   Data          36  main.o(.rodata.str1.1)
    .L.str.16                                0x000015c5   Data          36  main.o(.rodata.str1.1)
    .L.str.18                                0x000015cc   Data          29  main.o(.rodata.str1.1)
    .bss                                     0x20000008   Section       96  libspace.o(.bss)
    Heap_Mem                                 0x20000070   Data           0  startup_tm4c123.o(HEAP)
    Stack_Mem                                0x20000070   Data         512  startup_tm4c123.o(STACK)
    HEAP                                     0x20000070   Section        0  startup_tm4c123.o(HEAP)
    STACK                                    0x20000070   Section      512  startup_tm4c123.o(STACK)
    __initial_sp                             0x20000270   Data           0  startup_tm4c123.o(STACK)

    Global Symbols

    Symbol Name                              Value     Ov Type        Size  Object(Section)

    BuildAttributes$$THM_ISAv4$E$P$D$K$B$S$7EM$VFPi3$EXTD16$VFPS$VFMA$PE$A:L22UL41UL21$X:L11$S22US41US21$IEEE1$IW$~IW$USESV6$~STKCKD$USESV7$~SHL$OSPACE$ROPI$EBA8$UX$STANDARDLIB$REQ8$PRES8$EABIv2 0x00000000   Number         0  anon$$obj.o ABSOLUTE
    __Vectors                                0x00000000   Data           4  startup_tm4c123.o(RESET)
    __ARM_exceptions_init                     - Undefined Weak Reference
    __alloca_initialize                       - Undefined Weak Reference
    __arm_preinit_                            - Undefined Weak Reference
    __arm_relocate_pie_                       - Undefined Weak Reference
    __cpp_initialize__aeabi_                  - Undefined Weak Reference
    __cxa_finalize                            - Undefined Weak Reference
    __rt_locale                               - Undefined Weak Reference
    __sigvec_lookup                           - Undefined Weak Reference
    _atexit_init                              - Undefined Weak Reference
    _call_atexit_fns                          - Undefined Weak Reference
    _clock_init                               - Undefined Weak Reference
    _fp_trap_init                             - Undefined Weak Reference
    _fp_trap_shutdown                         - Undefined Weak Reference
    _get_lc_collate                           - Undefined Weak Reference
    _get_lc_ctype                             - Undefined Weak Reference
    _get_lc_monetary                          - Undefined Weak Reference
    _get_lc_numeric                           - Undefined Weak Reference
    _get_lc_time                              - Undefined Weak Reference
    _getenv_init                              - Undefined Weak Reference
    _handle_redirection                       - Undefined Weak Reference
    _init_alloc                               - Undefined Weak Reference
    _init_user_alloc                          - Undefined Weak Reference
    _initio                                   - Undefined Weak Reference
    _rand_init                                - Undefined Weak Reference
    _signal_finish                            - Undefined Weak Reference
    _signal_init                              - Undefined Weak Reference
    _terminate_alloc                          - Undefined Weak Reference
    _terminate_user_alloc                     - Undefined Weak Reference
    _terminateio                              - Undefined Weak Reference
    __Vectors_End                            0x0000026c   Data           0  startup_tm4c123.o(RESET)
    __Vectors_Size                           0x0000026c   Number         0  startup_tm4c123.o ABSOLUTE
    __main                                   0x0000026d   Thumb Code     8  __main.o(!!!main)
    __scatterload                            0x00000275   Thumb Code     0  __scatter.o(!!!scatter)
    __scatterload_rt2                        0x00000275   Thumb Code    84  __scatter.o(!!!scatter)
    __scatterload_rt2_thumb_only             0x00000275   Thumb Code     0  __scatter.o(!!!scatter)
    __scatterload_loop                       0x0000027f   Thumb Code     0  __scatter.o(!!!scatter)
    __scatterload_copy                       0x000002d1   Thumb Code    26  __scatter_copy.o(!!handler_copy)
    __scatterload_null                       0x000002ed   Thumb Code     2  __scatter.o(!!handler_null)
    __scatterload_zeroinit                   0x000002f1   Thumb Code    28  __scatter_zi.o(!!handler_zi)
    __rt_lib_init                            0x0000030d   Thumb Code     0  libinit.o(.ARM.Collect$$libinit$$00000000)
    __rt_lib_init_fp_1                       0x0000030f   Thumb Code     0  libinit2.o(.ARM.Collect$$libinit$$00000001)
    __rt_lib_init_alloca_1                   0x00000313   Thumb Code     0  libinit2.o(.ARM.Collect$$libinit$$00000030)
    __rt_lib_init_argv_1                     0x00000313   Thumb Code     0  libinit2.o(.ARM.Collect$$libinit$$0000002E)
    __rt_lib_init_atexit_1                   0x00000313   Thumb Code     0  libinit2.o(.ARM.Collect$$libinit$$0000001D)
    __rt_lib_init_clock_1                    0x00000313   Thumb Code     0  libinit2.o(.ARM.Collect$$libinit$$00000023)
    __rt_lib_init_cpp_1                      0x00000313   Thumb Code     0  libinit2.o(.ARM.Collect$$libinit$$00000034)
    __rt_lib_init_exceptions_1               0x00000313   Thumb Code     0  libinit2.o(.ARM.Collect$$libinit$$00000032)
    __rt_lib_init_fp_trap_1                  0x00000313   Thumb Code     0  libinit2.o(.ARM.Collect$$libinit$$00000021)
    __rt_lib_init_getenv_1                   0x00000313   Thumb Code     0  libinit2.o(.ARM.Collect$$libinit$$00000025)
    __rt_lib_init_heap_1                     0x00000313   Thumb Code     0  libinit2.o(.ARM.Collect$$libinit$$0000000C)
    __rt_lib_init_lc_collate_1               0x00000313   Thumb Code     0  libinit2.o(.ARM.Collect$$libinit$$00000013)
    __rt_lib_init_lc_ctype_1                 0x00000313   Thumb Code     0  libinit2.o(.ARM.Collect$$libinit$$00000015)
    __rt_lib_init_lc_monetary_1              0x00000313   Thumb Code     0  libinit2.o(.ARM.Collect$$libinit$$00000017)
    __rt_lib_init_lc_numeric_1               0x00000313   Thumb Code     0  libinit2.o(.ARM.Collect$$libinit$$00000019)
    __rt_lib_init_lc_time_1                  0x00000313   Thumb Code     0  libinit2.o(.ARM.Collect$$libinit$$0000001B)
    __rt_lib_init_preinit_1                  0x00000313   Thumb Code     0  libinit2.o(.ARM.Collect$$libinit$$00000006)
    __rt_lib_init_rand_1                     0x00000313   Thumb Code     0  libinit2.o(.ARM.Collect$$libinit$$00000010)
    __rt_lib_init_relocate_pie_1             0x00000313   Thumb Code     0  libinit2.o(.ARM.Collect$$libinit$$00000004)
    __rt_lib_init_return                     0x00000313   Thumb Code     0  libinit2.o(.ARM.Collect$$libinit$$00000035)
    __rt_lib_init_signal_1                   0x00000313   Thumb Code     0  libinit2.o(.ARM.Collect$$libinit$$0000001F)
    __rt_lib_init_stdio_1                    0x00000313   Thumb Code     0  libinit2.o(.ARM.Collect$$libinit$$00000027)
    __rt_lib_init_user_alloc_1               0x00000313   Thumb Code     0  libinit2.o(.ARM.Collect$$libinit$$0000000E)
    __rt_lib_shutdown                        0x00000315   Thumb Code     0  libshutdown.o(.ARM.Collect$$libshutdown$$00000000)
    __rt_lib_shutdown_cpp_1                  0x00000317   Thumb Code     0  libshutdown2.o(.ARM.Collect$$libshutdown$$00000002)
    __rt_lib_shutdown_fp_trap_1              0x00000317   Thumb Code     0  libshutdown2.o(.ARM.Collect$$libshutdown$$00000007)
    __rt_lib_shutdown_heap_1                 0x00000317   Thumb Code     0  libshutdown2.o(.ARM.Collect$$libshutdown$$0000000F)
    __rt_lib_shutdown_return                 0x00000317   Thumb Code     0  libshutdown2.o(.ARM.Collect$$libshutdown$$00000010)
    __rt_lib_shutdown_signal_1               0x00000317   Thumb Code     0  libshutdown2.o(.ARM.Collect$$libshutdown$$0000000A)
    __rt_lib_shutdown_stdio_1                0x00000317   Thumb Code     0  libshutdown2.o(.ARM.Collect$$libshutdown$$00000004)
    __rt_lib_shutdown_user_alloc_1           0x00000317   Thumb Code     0  libshutdown2.o(.ARM.Collect$$libshutdown$$0000000C)
    __rt_entry                               0x00000319   Thumb Code     0  __rtentry.o(.ARM.Collect$$rtentry$$00000000)
    __rt_entry_presh_1                       0x00000319   Thumb Code     0  __rtentry2.o(.ARM.Collect$$rtentry$$00000002)
    __rt_entry_sh                            0x00000319   Thumb Code     0  __rtentry4.o(.ARM.Collect$$rtentry$$00000004)
    __rt_entry_li                            0x0000031f   Thumb Code     0  __rtentry2.o(.ARM.Collect$$rtentry$$0000000A)
    __rt_entry_postsh_1                      0x0000031f   Thumb Code     0  __rtentry2.o(.ARM.Collect$$rtentry$$00000009)
    __rt_entry_main                          0x00000323   Thumb Code     0  __rtentry2.o(.ARM.Collect$$rtentry$$0000000D)
    __rt_entry_postli_1                      0x00000323   Thumb Code     0  __rtentry2.o(.ARM.Collect$$rtentry$$0000000C)
    __rt_exit                                0x0000032b   Thumb Code     0  rtexit.o(.ARM.Collect$$rtexit$$00000000)
    __rt_exit_ls                             0x0000032d   Thumb Code     0  rtexit2.o(.ARM.Collect$$rtexit$$00000003)
    __rt_exit_prels_1                        0x0000032d   Thumb Code     0  rtexit2.o(.ARM.Collect$$rtexit$$00000002)
    __rt_exit_exit                           0x00000331   Thumb Code     0  rtexit2.o(.ARM.Collect$$rtexit$$00000004)
    Reset_Handler                            0x00000339   Thumb Code     8  startup_tm4c123.o(.text)
    NMI_Handler                              0x00000341   Thumb Code     2  startup_tm4c123.o(.text)
    HardFault_Handler                        0x00000343   Thumb Code     2  startup_tm4c123.o(.text)
    MemManage_Handler                        0x00000345   Thumb Code     2  startup_tm4c123.o(.text)
    BusFault_Handler                         0x00000347   Thumb Code     2  startup_tm4c123.o(.text)
    UsageFault_Handler                       0x00000349   Thumb Code     2  startup_tm4c123.o(.text)
    SVC_Handler                              0x0000034b   Thumb Code     2  startup_tm4c123.o(.text)
    DebugMon_Handler                         0x0000034d   Thumb Code     2  startup_tm4c123.o(.text)
    PendSV_Handler                           0x0000034f   Thumb Code     2  startup_tm4c123.o(.text)
    SysTick_Handler                          0x00000351   Thumb Code     2  startup_tm4c123.o(.text)
    GPIOA_Handler                            0x00000353   Thumb Code     2  startup_tm4c123.o(.text)
    GPIOB_Handler                            0x00000355   Thumb Code     2  startup_tm4c123.o(.text)
    GPIOC_Handler                            0x00000357   Thumb Code     2  startup_tm4c123.o(.text)
    GPIOD_Handler                            0x00000359   Thumb Code     2  startup_tm4c123.o(.text)
    GPIOE_Handler                            0x0000035b   Thumb Code     2  startup_tm4c123.o(.text)
    UART0_Handler                            0x0000035d   Thumb Code     2  startup_tm4c123.o(.text)
    UART1_Handler                            0x0000035f   Thumb Code     2  startup_tm4c123.o(.text)
    SSI0_Handler                             0x00000361   Thumb Code     2  startup_tm4c123.o(.text)
    I2C0_Handler                             0x00000363   Thumb Code     2  startup_tm4c123.o(.text)
    PMW0_FAULT_Handler                       0x00000365   Thumb Code     2  startup_tm4c123.o(.text)
    PWM0_0_Handler                           0x00000367   Thumb Code     2  startup_tm4c123.o(.text)
    PWM0_1_Handler                           0x00000369   Thumb Code     2  startup_tm4c123.o(.text)
    PWM0_2_Handler                           0x0000036b   Thumb Code     2  startup_tm4c123.o(.text)
    QEI0_Handler                             0x0000036d   Thumb Code     2  startup_tm4c123.o(.text)
    ADC0SS0_Handler                          0x0000036f   Thumb Code     2  startup_tm4c123.o(.text)
    ADC0SS1_Handler                          0x00000371   Thumb Code     2  startup_tm4c123.o(.text)
    ADC0SS2_Handler                          0x00000373   Thumb Code     2  startup_tm4c123.o(.text)
    ADC0SS3_Handler                          0x00000375   Thumb Code     2  startup_tm4c123.o(.text)
    WDT0_Handler                             0x00000377   Thumb Code     2  startup_tm4c123.o(.text)
    TIMER0A_Handler                          0x00000379   Thumb Code     2  startup_tm4c123.o(.text)
    TIMER0B_Handler                          0x0000037b   Thumb Code     2  startup_tm4c123.o(.text)
    TIMER1A_Handler                          0x0000037d   Thumb Code     2  startup_tm4c123.o(.text)
    TIMER1B_Handler                          0x0000037f   Thumb Code     2  startup_tm4c123.o(.text)
    TIMER2A_Handler                          0x00000381   Thumb Code     2  startup_tm4c123.o(.text)
    TIMER2B_Handler                          0x00000383   Thumb Code     2  startup_tm4c123.o(.text)
    COMP0_Handler                            0x00000385   Thumb Code     2  startup_tm4c123.o(.text)
    COMP1_Handler                            0x00000387   Thumb Code     2  startup_tm4c123.o(.text)
    COMP2_Handler                            0x00000389   Thumb Code     2  startup_tm4c123.o(.text)
    SYSCTL_Handler                           0x0000038b   Thumb Code     2  startup_tm4c123.o(.text)
    FLASH_Handler                            0x0000038d   Thumb Code     2  startup_tm4c123.o(.text)
    GPIOF_Handler                            0x0000038f   Thumb Code     2  startup_tm4c123.o(.text)
    GPIOG_Handler                            0x00000391   Thumb Code     2  startup_tm4c123.o(.text)
    GPIOH_Handler                            0x00000393   Thumb Code     2  startup_tm4c123.o(.text)
    UART2_Handler                            0x00000395   Thumb Code     2  startup_tm4c123.o(.text)
    SSI1_Handler                             0x00000397   Thumb Code     2  startup_tm4c123.o(.text)
    TIMER3A_Handler                          0x00000399   Thumb Code     2  startup_tm4c123.o(.text)
    TIMER3B_Handler                          0x0000039b   Thumb Code     2  startup_tm4c123.o(.text)
    I2C1_Handler                             0x0000039d   Thumb Code     2  startup_tm4c123.o(.text)
    QEI1_Handler                             0x0000039f   Thumb Code     2  startup_tm4c123.o(.text)
    CAN0_Handler                             0x000003a1   Thumb Code     2  startup_tm4c123.o(.text)
    CAN1_Handler                             0x000003a3   Thumb Code     2  startup_tm4c123.o(.text)
    CAN2_Handler                             0x000003a5   Thumb Code     2  startup_tm4c123.o(.text)
    HIB_Handler                              0x000003a7   Thumb Code     2  startup_tm4c123.o(.text)
    USB0_Handler                             0x000003a9   Thumb Code     2  startup_tm4c123.o(.text)
    PWM0_3_Handler                           0x000003ab   Thumb Code     2  startup_tm4c123.o(.text)
    UDMA_Handler                             0x000003ad   Thumb Code     2  startup_tm4c123.o(.text)
    UDMAERR_Handler                          0x000003af   Thumb Code     2  startup_tm4c123.o(.text)
    ADC1SS0_Handler                          0x000003b1   Thumb Code     2  startup_tm4c123.o(.text)
    ADC1SS1_Handler                          0x000003b3   Thumb Code     2  startup_tm4c123.o(.text)
    ADC1SS2_Handler                          0x000003b5   Thumb Code     2  startup_tm4c123.o(.text)
    ADC1SS3_Handler                          0x000003b7   Thumb Code     2  startup_tm4c123.o(.text)
    GPIOJ_Handler                            0x000003b9   Thumb Code     2  startup_tm4c123.o(.text)
    GPIOK_Handler                            0x000003bb   Thumb Code     2  startup_tm4c123.o(.text)
    GPIOL_Handler                            0x000003bd   Thumb Code     2  startup_tm4c123.o(.text)
    SSI2_Handler                             0x000003bf   Thumb Code     2  startup_tm4c123.o(.text)
    SSI3_Handler                             0x000003c1   Thumb Code     2  startup_tm4c123.o(.text)
    UART3_Handler                            0x000003c3   Thumb Code     2  startup_tm4c123.o(.text)
    UART4_Handler                            0x000003c5   Thumb Code     2  startup_tm4c123.o(.text)
    UART5_Handler                            0x000003c7   Thumb Code     2  startup_tm4c123.o(.text)
    UART6_Handler                            0x000003c9   Thumb Code     2  startup_tm4c123.o(.text)
    UART7_Handler                            0x000003cb   Thumb Code     2  startup_tm4c123.o(.text)
    I2C2_Handler                             0x000003cd   Thumb Code     2  startup_tm4c123.o(.text)
    I2C3_Handler                             0x000003cf   Thumb Code     2  startup_tm4c123.o(.text)
    TIMER4A_Handler                          0x000003d1   Thumb Code     2  startup_tm4c123.o(.text)
    TIMER4B_Handler                          0x000003d3   Thumb Code     2  startup_tm4c123.o(.text)
    TIMER5A_Handler                          0x000003d5   Thumb Code     2  startup_tm4c123.o(.text)
    TIMER5B_Handler                          0x000003d7   Thumb Code     2  startup_tm4c123.o(.text)
    WTIMER0A_Handler                         0x000003d9   Thumb Code     2  startup_tm4c123.o(.text)
    WTIMER0B_Handler                         0x000003db   Thumb Code     2  startup_tm4c123.o(.text)
    WTIMER1A_Handler                         0x000003dd   Thumb Code     2  startup_tm4c123.o(.text)
    WTIMER1B_Handler                         0x000003df   Thumb Code     2  startup_tm4c123.o(.text)
    WTIMER2A_Handler                         0x000003e1   Thumb Code     2  startup_tm4c123.o(.text)
    WTIMER2B_Handler                         0x000003e3   Thumb Code     2  startup_tm4c123.o(.text)
    WTIMER3A_Handler                         0x000003e5   Thumb Code     2  startup_tm4c123.o(.text)
    WTIMER3B_Handler                         0x000003e7   Thumb Code     2  startup_tm4c123.o(.text)
    WTIMER4A_Handler                         0x000003e9   Thumb Code     2  startup_tm4c123.o(.text)
    WTIMER4B_Handler                         0x000003eb   Thumb Code     2  startup_tm4c123.o(.text)
    WTIMER5A_Handler                         0x000003ed   Thumb Code     2  startup_tm4c123.o(.text)
    WTIMER5B_Handler                         0x000003ef   Thumb Code     2  startup_tm4c123.o(.text)
    FPU_Handler                              0x000003f1   Thumb Code     2  startup_tm4c123.o(.text)
    I2C4_Handler                             0x000003f3   Thumb Code     2  startup_tm4c123.o(.text)
    I2C5_Handler                             0x000003f5   Thumb Code     2  startup_tm4c123.o(.text)
    GPIOM_Handler                            0x000003f7   Thumb Code     2  startup_tm4c123.o(.text)
    GPION_Handler                            0x000003f9   Thumb Code     2  startup_tm4c123.o(.text)
    QEI2_Handler                             0x000003fb   Thumb Code     2  startup_tm4c123.o(.text)
    GPIOP0_Handler                           0x000003fd   Thumb Code     2  startup_tm4c123.o(.text)
    GPIOP1_Handler                           0x000003ff   Thumb Code     2  startup_tm4c123.o(.text)
    GPIOP2_Handler                           0x00000401   Thumb Code     2  startup_tm4c123.o(.text)
    GPIOP3_Handler                           0x00000403   Thumb Code     2  startup_tm4c123.o(.text)
    GPIOP4_Handler                           0x00000405   Thumb Code     2  startup_tm4c123.o(.text)
    GPIOP5_Handler                           0x00000407   Thumb Code     2  startup_tm4c123.o(.text)
    GPIOP6_Handler                           0x00000409   Thumb Code     2  startup_tm4c123.o(.text)
    GPIOP7_Handler                           0x0000040b   Thumb Code     2  startup_tm4c123.o(.text)
    GPIOQ0_Handler                           0x0000040d   Thumb Code     2  startup_tm4c123.o(.text)
    GPIOQ1_Handler                           0x0000040f   Thumb Code     2  startup_tm4c123.o(.text)
    GPIOQ2_Handler                           0x00000411   Thumb Code     2  startup_tm4c123.o(.text)
    GPIOQ3_Handler                           0x00000413   Thumb Code     2  startup_tm4c123.o(.text)
    GPIOQ4_Handler                           0x00000415   Thumb Code     2  startup_tm4c123.o(.text)
    GPIOQ5_Handler                           0x00000417   Thumb Code     2  startup_tm4c123.o(.text)
    GPIOQ6_Handler                           0x00000419   Thumb Code     2  startup_tm4c123.o(.text)
    GPIOQ7_Handler                           0x0000041b   Thumb Code     2  startup_tm4c123.o(.text)
    GPIOR_Handler                            0x0000041d   Thumb Code     2  startup_tm4c123.o(.text)
    GPIOS_Handler                            0x0000041f   Thumb Code     2  startup_tm4c123.o(.text)
    PMW1_0_Handler                           0x00000421   Thumb Code     2  startup_tm4c123.o(.text)
    PWM1_1_Handler                           0x00000423   Thumb Code     2  startup_tm4c123.o(.text)
    PWM1_2_Handler                           0x00000425   Thumb Code     2  startup_tm4c123.o(.text)
    PWM1_3_Handler                           0x00000427   Thumb Code     2  startup_tm4c123.o(.text)
    PWM1_FAULT_Handler                       0x00000429   Thumb Code     2  startup_tm4c123.o(.text)
    __user_initial_stackheap                 0x0000042d   Thumb Code     0  startup_tm4c123.o(.text)
    __use_two_region_memory                  0x0000044d   Thumb Code     2  heapauxi.o(.text)
    __rt_heap_escrow$2region                 0x0000044f   Thumb Code     2  heapauxi.o(.text)
    __rt_heap_expand$2region                 0x00000451   Thumb Code     2  heapauxi.o(.text)
    __user_setup_stackheap                   0x00000453   Thumb Code    74  sys_stackheap_outer.o(.text)
    exit                                     0x0000049d   Thumb Code    18  exit.o(.text)
    __user_libspace                          0x000004b1   Thumb Code     8  libspace.o(.text)
    __user_perproc_libspace                  0x000004b1   Thumb Code     0  libspace.o(.text)
    __user_perthread_libspace                0x000004b1   Thumb Code     0  libspace.o(.text)
    _sys_exit                                0x000004b9   Thumb Code     8  sys_exit.o(.text)
    __I$use$semihosting                      0x000004c5   Thumb Code     0  use_no_semi.o(.text)
    __use_no_semihosting_swi                 0x000004c5   Thumb Code     2  use_no_semi.o(.text)
    __semihosting_library_function           0x000004c7   Thumb Code     0  indicate_semi.o(.text)
    DIO_Init                                 0x000004c9   Thumb Code   526  dio.o(.text.DIO_Init)
    DIO_SetupDirection                       0x000006d9   Thumb Code   682  dio.o(.text.DIO_SetupDirection)
    DIO_WritePin                             0x00000985   Thumb Code   438  dio.o(.text.DIO_WritePin)
    SysTickDisable                           0x00000b3d   Thumb Code    34  systicktimer.o(.text.SysTickDisable)
    SysTickEnable                            0x00000b61   Thumb Code    46  systicktimer.o(.text.SysTickEnable)
    SysTickPeriodSet                         0x00000b91   Thumb Code    76  systicktimer.o(.text.SysTickPeriodSet)
    SystemInit                               0x00000bdd   Thumb Code    18  system_tm4c123.o(.text.SystemInit)
    Timer0ACapture_init                      0x00000bf1   Thumb Code   156  timers.o(.text.Timer0ACapture_init)
    Timer1_enableInterrupt                   0x00000c8d   Thumb Code    34  timers.o(.text.Timer1_enableInterrupt)
    Timer1_init                              0x00000cb1   Thumb Code   108  timers.o(.text.Timer1_init)
    Timer1_setDelay                          0x00000d1d   Thumb Code    20  timers.o(.text.Timer1_setDelay)
    Timer2_init                              0x00000d31   Thumb Code    86  timers.o(.text.Timer2_init)
    Timer2_setDelay                          0x00000d89   Thumb Code    20  timers.o(.text.Timer2_setDelay)
    Timer2_start                             0x00000d9d   Thumb Code    14  timers.o(.text.Timer2_start)
    Timer2_stop                              0x00000dad   Thumb Code    14  timers.o(.text.Timer2_stop)
    UART_Init                                0x00000dbd   Thumb Code   182  uart.o(.text.UART_Init)
    UART_setBaudRate                         0x00000e75   Thumb Code    26  uart.o(.text.UART_setBaudRate)
    bluetooth_Init                           0x00000e91   Thumb Code    10  bluetooth.o(.text.bluetooth_Init)
    bluetooth_Read                           0x00000e9d   Thumb Code    36  bluetooth.o(.text.bluetooth_Read)
    bluetooth_Write                          0x00000ec1   Thumb Code    46  bluetooth.o(.text.bluetooth_Write)
    bluetooth_Write_String                   0x00000ef1   Thumb Code    34  bluetooth.o(.text.bluetooth_Write_String)
    buzzerInit                               0x00000f15   Thumb Code    32  buzzer.o(.text.buzzerInit)
    getPassword                              0x00000f35   Thumb Code   148  main.o(.text.getPassword)
    init                                     0x00000fc9   Thumb Code   108  main.o(.text.init)
    initLEDs                                 0x00001035   Thumb Code    90  main.o(.text.initLEDs)
    main                                     0x00001091   Thumb Code   580  main.o(.text.main)
    ultrasonic_Init                          0x000012d5   Thumb Code    48  ultrasonic.o(.text.ultrasonic_Init)
    _fp_init                                 0x00001305   Thumb Code    26  fpinit.o(x$fpl$fpinit)
    __fplib_config_fpu_vfp                   0x0000131d   Thumb Code     0  fpinit.o(x$fpl$fpinit)
    __fplib_config_pureend_doubles           0x0000131d   Thumb Code     0  fpinit.o(x$fpl$fpinit)
    Region$$Table$$Base                      0x000015ec   Number         0  anon$$obj.o(Region$$Table)
    Region$$Table$$Limit                     0x0000160c   Number         0  anon$$obj.o(Region$$Table)
    password                                 0x20000000   Data           4  main.o(.data.password)
    __libspace_start                         0x20000008   Data          96  libspace.o(.bss)
    __temporary_stack_top$libspace           0x20000068   Data           0  libspace.o(.bss)
    input                                    0x20000068   Data           4  main.o(.bss.input)



==============================================================================

Memory Map of the image

  Image Entry point : 0x0000026d

  Load Region LR_IROM1 (Base: 0x00000000, Size: 0x00001618, Max: 0x00040000, ABSOLUTE)

    Execution Region ER_IROM1 (Exec base: 0x00000000, Load base: 0x00000000, Size: 0x0000160c, Max: 0x00040000, ABSOLUTE)

    Exec Addr    Load Addr    Size         Type   Attr      Idx    E Section Name        Object

    0x00000000   0x00000000   0x0000026c   Data   RO          168    RESET               startup_tm4c123.o
    0x0000026c   0x0000026c   0x00000008   Code   RO          193  * !!!main             c_w.l(__main.o)
    0x00000274   0x00000274   0x0000005c   Code   RO          358    !!!scatter          c_w.l(__scatter.o)
    0x000002d0   0x000002d0   0x0000001a   Code   RO          362    !!handler_copy      c_w.l(__scatter_copy.o)
    0x000002ea   0x000002ea   0x00000002   PAD
    0x000002ec   0x000002ec   0x00000002   Code   RO          359    !!handler_null      c_w.l(__scatter.o)
    0x000002ee   0x000002ee   0x00000002   PAD
    0x000002f0   0x000002f0   0x0000001c   Code   RO          364    !!handler_zi        c_w.l(__scatter_zi.o)
    0x0000030c   0x0000030c   0x00000002   Code   RO          220    .ARM.Collect$$libinit$$00000000  c_w.l(libinit.o)
    0x0000030e   0x0000030e   0x00000004   Code   RO          226    .ARM.Collect$$libinit$$00000001  c_w.l(libinit2.o)
    0x00000312   0x00000312   0x00000000   Code   RO          229    .ARM.Collect$$libinit$$00000004  c_w.l(libinit2.o)
    0x00000312   0x00000312   0x00000000   Code   RO          231    .ARM.Collect$$libinit$$00000006  c_w.l(libinit2.o)
    0x00000312   0x00000312   0x00000000   Code   RO          234    .ARM.Collect$$libinit$$0000000C  c_w.l(libinit2.o)
    0x00000312   0x00000312   0x00000000   Code   RO          236    .ARM.Collect$$libinit$$0000000E  c_w.l(libinit2.o)
    0x00000312   0x00000312   0x00000000   Code   RO          238    .ARM.Collect$$libinit$$00000010  c_w.l(libinit2.o)
    0x00000312   0x00000312   0x00000000   Code   RO          241    .ARM.Collect$$libinit$$00000013  c_w.l(libinit2.o)
    0x00000312   0x00000312   0x00000000   Code   RO          243    .ARM.Collect$$libinit$$00000015  c_w.l(libinit2.o)
    0x00000312   0x00000312   0x00000000   Code   RO          245    .ARM.Collect$$libinit$$00000017  c_w.l(libinit2.o)
    0x00000312   0x00000312   0x00000000   Code   RO          247    .ARM.Collect$$libinit$$00000019  c_w.l(libinit2.o)
    0x00000312   0x00000312   0x00000000   Code   RO          249    .ARM.Collect$$libinit$$0000001B  c_w.l(libinit2.o)
    0x00000312   0x00000312   0x00000000   Code   RO          251    .ARM.Collect$$libinit$$0000001D  c_w.l(libinit2.o)
    0x00000312   0x00000312   0x00000000   Code   RO          253    .ARM.Collect$$libinit$$0000001F  c_w.l(libinit2.o)
    0x00000312   0x00000312   0x00000000   Code   RO          255    .ARM.Collect$$libinit$$00000021  c_w.l(libinit2.o)
    0x00000312   0x00000312   0x00000000   Code   RO          257    .ARM.Collect$$libinit$$00000023  c_w.l(libinit2.o)
    0x00000312   0x00000312   0x00000000   Code   RO          259    .ARM.Collect$$libinit$$00000025  c_w.l(libinit2.o)
    0x00000312   0x00000312   0x00000000   Code   RO          261    .ARM.Collect$$libinit$$00000027  c_w.l(libinit2.o)
    0x00000312   0x00000312   0x00000000   Code   RO          265    .ARM.Collect$$libinit$$0000002E  c_w.l(libinit2.o)
    0x00000312   0x00000312   0x00000000   Code   RO          267    .ARM.Collect$$libinit$$00000030  c_w.l(libinit2.o)
    0x00000312   0x00000312   0x00000000   Code   RO          269    .ARM.Collect$$libinit$$00000032  c_w.l(libinit2.o)
    0x00000312   0x00000312   0x00000000   Code   RO          271    .ARM.Collect$$libinit$$00000034  c_w.l(libinit2.o)
    0x00000312   0x00000312   0x00000002   Code   RO          272    .ARM.Collect$$libinit$$00000035  c_w.l(libinit2.o)
    0x00000314   0x00000314   0x00000002   Code   RO          294    .ARM.Collect$$libshutdown$$00000000  c_w.l(libshutdown.o)
    0x00000316   0x00000316   0x00000000   Code   RO          309    .ARM.Collect$$libshutdown$$00000002  c_w.l(libshutdown2.o)
    0x00000316   0x00000316   0x00000000   Code   RO          311    .ARM.Collect$$libshutdown$$00000004  c_w.l(libshutdown2.o)
    0x00000316   0x00000316   0x00000000   Code   RO          314    .ARM.Collect$$libshutdown$$00000007  c_w.l(libshutdown2.o)
    0x00000316   0x00000316   0x00000000   Code   RO          317    .ARM.Collect$$libshutdown$$0000000A  c_w.l(libshutdown2.o)
    0x00000316   0x00000316   0x00000000   Code   RO          319    .ARM.Collect$$libshutdown$$0000000C  c_w.l(libshutdown2.o)
    0x00000316   0x00000316   0x00000000   Code   RO          322    .ARM.Collect$$libshutdown$$0000000F  c_w.l(libshutdown2.o)
    0x00000316   0x00000316   0x00000002   Code   RO          323    .ARM.Collect$$libshutdown$$00000010  c_w.l(libshutdown2.o)
    0x00000318   0x00000318   0x00000000   Code   RO          195    .ARM.Collect$$rtentry$$00000000  c_w.l(__rtentry.o)
    0x00000318   0x00000318   0x00000000   Code   RO          197    .ARM.Collect$$rtentry$$00000002  c_w.l(__rtentry2.o)
    0x00000318   0x00000318   0x00000006   Code   RO          209    .ARM.Collect$$rtentry$$00000004  c_w.l(__rtentry4.o)
    0x0000031e   0x0000031e   0x00000000   Code   RO          199    .ARM.Collect$$rtentry$$00000009  c_w.l(__rtentry2.o)
    0x0000031e   0x0000031e   0x00000004   Code   RO          200    .ARM.Collect$$rtentry$$0000000A  c_w.l(__rtentry2.o)
    0x00000322   0x00000322   0x00000000   Code   RO          202    .ARM.Collect$$rtentry$$0000000C  c_w.l(__rtentry2.o)
    0x00000322   0x00000322   0x00000008   Code   RO          203    .ARM.Collect$$rtentry$$0000000D  c_w.l(__rtentry2.o)
    0x0000032a   0x0000032a   0x00000002   Code   RO          224    .ARM.Collect$$rtexit$$00000000  c_w.l(rtexit.o)
    0x0000032c   0x0000032c   0x00000000   Code   RO          274    .ARM.Collect$$rtexit$$00000002  c_w.l(rtexit2.o)
    0x0000032c   0x0000032c   0x00000004   Code   RO          275    .ARM.Collect$$rtexit$$00000003  c_w.l(rtexit2.o)
    0x00000330   0x00000330   0x00000006   Code   RO          276    .ARM.Collect$$rtexit$$00000004  c_w.l(rtexit2.o)
    0x00000336   0x00000336   0x00000002   PAD
    0x00000338   0x00000338   0x00000114   Code   RO          169    .text               startup_tm4c123.o
    0x0000044c   0x0000044c   0x00000006   Code   RO          191    .text               c_w.l(heapauxi.o)
    0x00000452   0x00000452   0x0000004a   Code   RO          211    .text               c_w.l(sys_stackheap_outer.o)
    0x0000049c   0x0000049c   0x00000012   Code   RO          213    .text               c_w.l(exit.o)
    0x000004ae   0x000004ae   0x00000002   PAD
    0x000004b0   0x000004b0   0x00000008   Code   RO          221    .text               c_w.l(libspace.o)
    0x000004b8   0x000004b8   0x0000000c   Code   RO          284    .text               c_w.l(sys_exit.o)
    0x000004c4   0x000004c4   0x00000002   Code   RO          299    .text               c_w.l(use_no_semi.o)
    0x000004c6   0x000004c6   0x00000000   Code   RO          301    .text               c_w.l(indicate_semi.o)
    0x000004c6   0x000004c6   0x00000002   PAD
    0x000004c8   0x000004c8   0x0000020e   Code   RO           72    .text.DIO_Init      dio.o
    0x000006d6   0x000006d6   0x00000002   PAD
    0x000006d8   0x000006d8   0x000002aa   Code   RO           74    .text.DIO_SetupDirection  dio.o
    0x00000982   0x00000982   0x00000002   PAD
    0x00000984   0x00000984   0x000001b6   Code   RO           78    .text.DIO_WritePin  dio.o
    0x00000b3a   0x00000b3a   0x00000002   PAD
    0x00000b3c   0x00000b3c   0x00000022   Code   RO          108    .text.SysTickDisable  systicktimer.o
    0x00000b5e   0x00000b5e   0x00000002   PAD
    0x00000b60   0x00000b60   0x0000002e   Code   RO          110    .text.SysTickEnable  systicktimer.o
    0x00000b8e   0x00000b8e   0x00000002   PAD
    0x00000b90   0x00000b90   0x0000004c   Code   RO          114    .text.SysTickPeriodSet  systicktimer.o
    0x00000bdc   0x00000bdc   0x00000012   Code   RO          180    .text.SystemInit    system_tm4c123.o
    0x00000bee   0x00000bee   0x00000002   PAD
    0x00000bf0   0x00000bf0   0x0000009c   Code   RO          127    .text.Timer0ACapture_init  timers.o
    0x00000c8c   0x00000c8c   0x00000022   Code   RO          137    .text.Timer1_enableInterrupt  timers.o
    0x00000cae   0x00000cae   0x00000002   PAD
    0x00000cb0   0x00000cb0   0x0000006c   Code   RO          129    .text.Timer1_init   timers.o
    0x00000d1c   0x00000d1c   0x00000014   Code   RO          131    .text.Timer1_setDelay  timers.o
    0x00000d30   0x00000d30   0x00000056   Code   RO          139    .text.Timer2_init   timers.o
    0x00000d86   0x00000d86   0x00000002   PAD
    0x00000d88   0x00000d88   0x00000014   Code   RO          141    .text.Timer2_setDelay  timers.o
    0x00000d9c   0x00000d9c   0x0000000e   Code   RO          143    .text.Timer2_start  timers.o
    0x00000daa   0x00000daa   0x00000002   PAD
    0x00000dac   0x00000dac   0x0000000e   Code   RO          145    .text.Timer2_stop   timers.o
    0x00000dba   0x00000dba   0x00000002   PAD
    0x00000dbc   0x00000dbc   0x000000b6   Code   RO          156    .text.UART_Init     uart.o
    0x00000e72   0x00000e72   0x00000002   PAD
    0x00000e74   0x00000e74   0x0000001a   Code   RO          158    .text.UART_setBaudRate  uart.o
    0x00000e8e   0x00000e8e   0x00000002   PAD
    0x00000e90   0x00000e90   0x0000000a   Code   RO           33    .text.bluetooth_Init  bluetooth.o
    0x00000e9a   0x00000e9a   0x00000002   PAD
    0x00000e9c   0x00000e9c   0x00000024   Code   RO           35    .text.bluetooth_Read  bluetooth.o
    0x00000ec0   0x00000ec0   0x0000002e   Code   RO           37    .text.bluetooth_Write  bluetooth.o
    0x00000eee   0x00000eee   0x00000002   PAD
    0x00000ef0   0x00000ef0   0x00000022   Code   RO           39    .text.bluetooth_Write_String  bluetooth.o
    0x00000f12   0x00000f12   0x00000002   PAD
    0x00000f14   0x00000f14   0x00000020   Code   RO           59    .text.buzzerInit    buzzer.o
    0x00000f34   0x00000f34   0x00000094   Code   RO            6    .text.getPassword   main.o
    0x00000fc8   0x00000fc8   0x0000006c   Code   RO            4    .text.init          main.o
    0x00001034   0x00001034   0x0000005a   Code   RO            2    .text.initLEDs      main.o
    0x0000108e   0x0000108e   0x00000002   PAD
    0x00001090   0x00001090   0x00000244   Code   RO            8    .text.main          main.o
    0x000012d4   0x000012d4   0x00000030   Code   RO           48    .text.ultrasonic_Init  ultrasonic.o
    0x00001304   0x00001304   0x0000001a   Code   RO          282    x$fpl$fpinit        fz_wm.l(fpinit.o)
    0x0000131e   0x0000131e   0x000002cb   Data   RO           18    .rodata.str1.1      main.o
    0x000015e9   0x000015e9   0x00000003   PAD
    0x000015ec   0x000015ec   0x00000020   Data   RO          357    Region$$Table       anon$$obj.o


    Execution Region RW_IRAM1 (Exec base: 0x20000000, Load base: 0x00001610, Size: 0x00000270, Max: 0x00008000, ABSOLUTE)

    Exec Addr    Load Addr    Size         Type   Attr      Idx    E Section Name        Object

    0x20000000   0x00001610   0x00000004   Data   RW           16    .data.password      main.o
    0x20000004   0x00001614   0x00000004   PAD
    0x20000008        -       0x00000060   Zero   RW          222    .bss                c_w.l(libspace.o)
    0x20000068        -       0x00000004   Zero   RW           17    .bss.input          main.o
    0x2000006c   0x00001614   0x00000004   PAD
    0x20000070        -       0x00000000   Zero   RW          167    HEAP                startup_tm4c123.o
    0x20000070        -       0x00000200   Zero   RW          166    STACK               startup_tm4c123.o


==============================================================================

Image component sizes


      Code (inc. data)   RO Data    RW Data    ZI Data      Debug   Object Name

       126          0          0          0          0        949   bluetooth.o
        32          0          0          0          0        777   buzzer.o
      1646         24          0          0          0       2198   dio.o
       926         10        715          4          4       2681   main.o
       276         24        620          0        512       5492   startup_tm4c123.o
        18          0          0          0          0       6630   system_tm4c123.o
       156          0          0          0          0       1370   systicktimer.o
       452          0          0          0          0       1315   timers.o
       208          0          0          0          0        708   uart.o
        48          0          0          0          0        620   ultrasonic.o

    ----------------------------------------------------------------------
      3920         58       1370          4        524      22740   Object Totals
         0          0         32          0          0          0   (incl. Generated)
        32          0          3          0          8          0   (incl. Padding)

    ----------------------------------------------------------------------

      Code (inc. data)   RO Data    RW Data    ZI Data      Debug   Library Member Name

         8          0          0          0          0         68   __main.o
         0          0          0          0          0          0   __rtentry.o
        12          0          0          0          0          0   __rtentry2.o
         6          0          0          0          0          0   __rtentry4.o
        94          8          0          0          0          0   __scatter.o
        26          0          0          0          0          0   __scatter_copy.o
        28          0          0          0          0          0   __scatter_zi.o
        18          0          0          0          0         80   exit.o
         6          0          0          0          0        152   heapauxi.o
         0          0          0          0          0          0   indicate_semi.o
         2          0          0          0          0          0   libinit.o
         6          0          0          0          0          0   libinit2.o
         2          0          0          0          0          0   libshutdown.o
         2          0          0          0          0          0   libshutdown2.o
         8          4          0          0         96         68   libspace.o
         2          0          0          0          0          0   rtexit.o
        10          0          0          0          0          0   rtexit2.o
        12          4          0          0          0         68   sys_exit.o
        74          0          0          0          0         80   sys_stackheap_outer.o
         2          0          0          0          0         68   use_no_semi.o
        26          0          0          0          0        116   fpinit.o

    ----------------------------------------------------------------------
       354         16          0          0         96        700   Library Totals
        10          0          0          0          0          0   (incl. Padding)

    ----------------------------------------------------------------------

      Code (inc. data)   RO Data    RW Data    ZI Data      Debug   Library Name

       318         16          0          0         96        584   c_w.l
        26          0          0          0          0        116   fz_wm.l

    ----------------------------------------------------------------------
       354         16          0          0         96        700   Library Totals

    ----------------------------------------------------------------------

==============================================================================


      Code (inc. data)   RO Data    RW Data    ZI Data      Debug   

      4274         74       1370          4        620      23192   Grand Totals
      4274         74       1370          4        620      23192   ELF Image Totals
      4274         74       1370          4          0          0   ROM Totals

==============================================================================

    Total RO  Size (Code + RO Data)                 5644 (   5.51kB)
    Total RW  Size (RW Data + ZI Data)               624 (   0.61kB)
    Total ROM Size (Code + RO Data + RW Data)       5648 (   5.52kB)

==============================================================================

