<html>
<body>
<pre>
<h1>µVision Build Log</h1>
<h2>Tool Versions:</h2>
IDE-Version: µVision V5.38.0.0
Copyright (C) 2022 ARM Ltd and ARM Germany GmbH. All rights reserved.
License Information: Mohamed Khalifa, Ain Shams, LIC=----
 
Tool Versions:
Toolchain:       MDK-Lite  Version: 5.38.0.0
Toolchain Path:  C:\Keil_v5\ARM\ARMCLANG\Bin
C Compiler:      ArmClang.exe V6.19
Assembler:       Armasm.exe V6.19
Linker/Locator:  ArmLink.exe V6.19
Library Manager: ArmAr.exe V6.19
Hex Converter:   FromElf.exe V6.19
CPU DLL:         SARMCM3.DLL V5.38.0.0
Dialog DLL:      DCM.DLL V1.17.5.0
Target DLL:      lmidk-agdi.dll V???
Dialog DLL:      TCM.DLL V1.56.4.0
 
<h2>Project:</h2>
D:\College Data\Terms\Senior1 spring\Wireless\Project\Code\Smart_Lock\smartLock.uvprojx
Project File Date:  05/06/2024

<h2>Output:</h2>
*** Using Compiler 'V6.19', folder: 'C:\Keil_v5\ARM\ARMCLANG\Bin'
Rebuild target 'Target 1'
compiling ULTRASONIC.c...
compiling BLUETOOTH.c...
compiling SYSTICKTimer.c...
compiling BUZZER.c...
compiling DIO.c...
compiling INTERRUPT.c...
main.c(90): warning: passing 'char[27]' to parameter of type 'uint8 *' (aka 'unsigned char *') converts between pointers to integer types where one is of the unique plain 'char' type and the other is not [-Wpointer-sign]
                        bluetooth_Write_String("Wrong Password Try Again!\n");
                                               ^~~~~~~~~~~~~~~~~~~~~~~~~~~~~
./HAL/BLUETOOTH.h(15): note: passing argument to parameter 'str' here
void bluetooth_Write_String(uint8 *str);
                                   ^
main.c(107): warning: passing 'char[71]' to parameter of type 'uint8 *' (aka 'unsigned char *') converts between pointers to integer types where one is of the unique plain 'char' type and the other is not [-Wpointer-sign]
                bluetooth_Write_String("  0: open kitchen door     1: open garage door     2: open front door\n");
                                       ^~~~~~~~~~~~~~~~~~~~~~~~~~~~~~~~~~~~~~~~~~~~~~~~~~~~~~~~~~~~~~~~~~~~~~~~~
./HAL/BLUETOOTH.h(15): note: passing argument to parameter 'str' here
void bluetooth_Write_String(uint8 *str);
                                   ^
main.c(108): warning: passing 'char[74]' to parameter of type 'uint8 *' (aka 'unsigned char *') converts between pointers to integer types where one is of the unique plain 'char' type and the other is not [-Wpointer-sign]
                bluetooth_Write_String("  3: open kitchen window   4: open outside window  5: close kitchen door\n");
                                       ^~~~~~~~~~~~~~~~~~~~~~~~~~~~~~~~~~~~~~~~~~~~~~~~~~~~~~~~~~~~~~~~~~~~~~~~~~~~
./HAL/BLUETOOTH.h(15): note: passing argument to parameter 'str' here
void bluetooth_Write_String(uint8 *str);
                                   ^
main.c(109): warning: passing 'char[76]' to parameter of type 'uint8 *' (aka 'unsigned char *') converts between pointers to integer types where one is of the unique plain 'char' type and the other is not [-Wpointer-sign]
                bluetooth_Write_String("  6: close garage door     7: close front door     8: close kitchen window\n");
                                       ^~~~~~~~~~~~~~~~~~~~~~~~~~~~~~~~~~~~~~~~~~~~~~~~~~~~~~~~~~~~~~~~~~~~~~~~~~~~~~
./HAL/BLUETOOTH.h(15): note: passing argument to parameter 'str' here
void bluetooth_Write_String(uint8 *str);
                                   ^
main.c(110): warning: passing 'char[27]' to parameter of type 'uint8 *' (aka 'unsigned char *') converts between pointers to integer types where one is of the unique plain 'char' type and the other is not [-Wpointer-sign]
                bluetooth_Write_String("  9: close outside window\n");
                                       ^~~~~~~~~~~~~~~~~~~~~~~~~~~~~
./HAL/BLUETOOTH.h(15): note: passing argument to parameter 'str' here
void bluetooth_Write_String(uint8 *str);
                                   ^
main.c(119): warning: passing 'char[27]' to parameter of type 'uint8 *' (aka 'unsigned char *') converts between pointers to integer types where one is of the unique plain 'char' type and the other is not [-Wpointer-sign]
                                bluetooth_Write_String("Wrong Option, Try Again!!\n");
                                                       ^~~~~~~~~~~~~~~~~~~~~~~~~~~~~
./HAL/BLUETOOTH.h(15): note: passing argument to parameter 'str' here
void bluetooth_Write_String(uint8 *str);
                                   ^
main.c(126): warning: passing 'char[35]' to parameter of type 'uint8 *' (aka 'unsigned char *') converts between pointers to integer types where one is of the unique plain 'char' type and the other is not [-Wpointer-sign]
                                                                bluetooth_Write_String("Kitchen door opened successfully!\n");
                                                                                       ^~~~~~~~~~~~~~~~~~~~~~~~~~~~~~~~~~~~~
./HAL/BLUETOOTH.h(15): note: passing argument to parameter 'str' here
void bluetooth_Write_String(uint8 *str);
                                   ^
main.c(130): warning: passing 'char[34]' to parameter of type 'uint8 *' (aka 'unsigned char *') converts between pointers to integer types where one is of the unique plain 'char' type and the other is not [-Wpointer-sign]
                                                                bluetooth_Write_String("Garage door opened successfully!\n");
                                                                                       ^~~~~~~~~~~~~~~~~~~~~~~~~~~~~~~~~~~~
./HAL/BLUETOOTH.h(15): note: passing argument to parameter 'str' here
void bluetooth_Write_String(uint8 *str);
                                   ^
main.c(134): warning: passing 'char[33]' to parameter of type 'uint8 *' (aka 'unsigned char *') converts between pointers to integer types where one is of the unique plain 'char' type and the other is not [-Wpointer-sign]
                                                                bluetooth_Write_String("Front door opened successfully!\n");
                                                                                       ^~~~~~~~~~~~~~~~~~~~~~~~~~~~~~~~~~~
./HAL/BLUETOOTH.h(15): note: passing argument to parameter 'str' here
void bluetooth_Write_String(uint8 *str);
                                   ^
main.c(138): warning: passing 'char[37]' to parameter of type 'uint8 *' (aka 'unsigned char *') converts between pointers to integer types where one is of the unique plain 'char' type and the other is not [-Wpointer-sign]
                                                                bluetooth_Write_String("Kitchen window opened successfully!\n");
                                                                                       ^~~~~~~~~~~~~~~~~~~~~~~~~~~~~~~~~~~~~~~
./HAL/BLUETOOTH.h(15): note: passing argument to parameter 'str' here
void bluetooth_Write_String(uint8 *str);
                                   ^
main.c(142): warning: passing 'char[37]' to parameter of type 'uint8 *' (aka 'unsigned char *') converts between pointers to integer types where one is of the unique plain 'char' type and the other is not [-Wpointer-sign]
                                                                bluetooth_Write_String("Outside window opened successfully!\n");
                                                                                       ^~~~~~~~~~~~~~~~~~~~~~~~~~~~~~~~~~~~~~~
./HAL/BLUETOOTH.h(15): note: passing argument to parameter 'str' here
void bluetooth_Write_String(uint8 *str);
                                   ^
main.c(146): warning: passing 'char[35]' to parameter of type 'uint8 *' (aka 'unsigned char *') converts between pointers to integer types where one is of the unique plain 'char' type and the other is not [-Wpointer-sign]
                                                                bluetooth_Write_String("Kitchen door closed successfully!\n");
                                                                                       ^~~~~~~~~~~~~~~~~~~~~~~~~~~~~~~~~~~~~
./HAL/BLUETOOTH.h(15): note: passing argument to parameter 'str' here
void bluetooth_Write_String(uint8 *str);
                                   ^
main.c(150): warning: passing 'char[34]' to parameter of type 'uint8 *' (aka 'unsigned char *') converts between pointers to integer types where one is of the unique plain 'char' type and the other is not [-Wpointer-sign]
                                                                bluetooth_Write_String("Garage door closed successfully!\n");
                                                                                       ^~~~~~~~~~~~~~~~~~~~~~~~~~~~~~~~~~~~
./HAL/BLUETOOTH.h(15): note: passing argument to parameter 'str' here
void bluetooth_Write_String(uint8 *str);
                                   ^
main.c(154): warning: passing 'char[33]' to parameter of type 'uint8 *' (aka 'unsigned char *') converts between pointers to integer types where one is of the unique plain 'char' type and the other is not [-Wpointer-sign]
                                                                bluetooth_Write_String("Front door closed successfully!\n");
                                                                                       ^~~~~~~~~~~~~~~~~~~~~~~~~~~~~~~~~~~
./HAL/BLUETOOTH.h(15): note: passing argument to parameter 'str' here
void bluetooth_Write_String(uint8 *str);
                                   ^
main.c(158): warning: passing 'char[37]' to parameter of type 'uint8 *' (aka 'unsigned char *') converts between pointers to integer types where one is of the unique plain 'char' type and the other is not [-Wpointer-sign]
                                                                bluetooth_Write_String("Kitchen window closed successfully!\n");
                                                                                       ^~~~~~~~~~~~~~~~~~~~~~~~~~~~~~~~~~~~~~~
./HAL/BLUETOOTH.h(15): note: passing argument to parameter 'str' here
void bluetooth_Write_String(uint8 *str);
                                   ^
main.c(162): warning: passing 'char[37]' to parameter of type 'uint8 *' (aka 'unsigned char *') converts between pointers to integer types where one is of the unique plain 'char' type and the other is not [-Wpointer-sign]
                                                                bluetooth_Write_String("Outside window closed successfully!\n");
                                                                                       ^~~~~~~~~~~~~~~~~~~~~~~~~~~~~~~~~~~~~~~
./HAL/BLUETOOTH.h(15): note: passing argument to parameter 'str' here
void bluetooth_Write_String(uint8 *str);
                                   ^
main.c(218): warning: passing 'char[29]' to parameter of type 'uint8 *' (aka 'unsigned char *') converts between pointers to integer types where one is of the unique plain 'char' type and the other is not [-Wpointer-sign]
        bluetooth_Write_String("Someone is near, take care!!");
                               ^~~~~~~~~~~~~~~~~~~~~~~~~~~~~~
./HAL/BLUETOOTH.h(15): note: passing argument to parameter 'str' here
void bluetooth_Write_String(uint8 *str);
                                   ^
17 warnings generated.
compiling main.c...
compiling TIMERS.c...
compiling UART.c...
compiling system_TM4C123.c...
assembling startup_TM4C123.s...
linking...
Program Size: Code=4750 RO-data=1338 RW-data=48 ZI-data=632  
".\smartLock.axf" - 0 Error(s), 17 Warning(s).

<h2>Software Packages used:</h2>

Package Vendor: ARM
                http://www.keil.com/pack/ARM.CMSIS.5.9.0.pack
                ARM.CMSIS.5.9.0
                CMSIS (Common Microcontroller Software Interface Standard)
   * Component: CORE Version: 5.6.0

Package Vendor: Keil
                http://www.keil.com/pack/Keil.TM4C_DFP.1.1.0.pack
                Keil.TM4C_DFP.1.1.0
                Texas Instruments Tiva C Series Device Support and Examples
   * Component: Startup Version: 1.0.1

<h2>Collection of Component include folders:</h2>
  ./RTE/_Target_1
  C:/Users/hp/AppData/Local/Arm/Packs/ARM/CMSIS/5.9.0/CMSIS/Core/Include
  C:/Users/hp/AppData/Local/Arm/Packs/Keil/TM4C_DFP/1.1.0/Device/Include/TM4C123

<h2>Collection of Component Files used:</h2>

   * Component: ARM::CMSIS:CORE:5.6.0

   * Component: Keil::Device:Startup:1.0.1
      Include file:  Device/Include/TM4C123/TM4C123.h
      Source file:   Device/Source/ARM/startup_TM4C123.s
      Source file:   Device/Source/system_TM4C123.c
Build Time Elapsed:  00:00:02
</pre>
</body>
</html>
