Component: Arm Compiler for Embedded 6.19 Tool: armlink [5e73cb00]

==============================================================================

Section Cross References

    main.o(.text.initLEDs) refers to dio.o(.text.DIO_Init) for DIO_Init
    main.o(.text.initLEDs) refers to dio.o(.text.DIO_SetupDirection) for DIO_SetupDirection
    main.o(.ARM.exidx.text.initLEDs) refers to main.o(.text.initLEDs) for [Anonymous Symbol]
    main.o(.text.init) refers to main.o(.text.initLEDs) for initLEDs
    main.o(.text.init) refers to systicktimer.o(.text.SysTickDisable) for SysTickDisable
    main.o(.text.init) refers to systicktimer.o(.text.SysTickPeriodSet) for SysTickPeriodSet
    main.o(.text.init) refers to timers.o(.text.Timer1_init) for Timer1_init
    main.o(.text.init) refers to timers.o(.text.Timer1_setDelay) for Timer1_setDelay
    main.o(.text.init) refers to bluetooth.o(.text.bluetooth_Init) for bluetooth_Init
    main.o(.text.init) refers to ultrasonic.o(.text.ultrasonic_Init) for ultrasonic_Init
    main.o(.text.init) refers to timers.o(.text.Timer2_init) for Timer2_init
    main.o(.text.init) refers to timers.o(.text.Timer2_setDelay) for Timer2_setDelay
    main.o(.text.init) refers to buzzer.o(.text.buzzerInit) for buzzerInit
    main.o(.text.init) refers to timers.o(.text.Timer1_enableInterrupt) for Timer1_enableInterrupt
    main.o(.text.init) refers to systicktimer.o(.text.SysTickEnable) for SysTickEnable
    main.o(.text.init) refers to dio.o(.text.DIO_WritePin) for DIO_WritePin
    main.o(.ARM.exidx.text.init) refers to main.o(.text.init) for [Anonymous Symbol]
    main.o(.text.getPassword) refers to bluetooth.o(.text.bluetooth_Read) for bluetooth_Read
    main.o(.text.getPassword) refers to main.o(.bss.input) for input
    main.o(.text.getPassword) refers to main.o(.data.password) for password
    main.o(.ARM.exidx.text.getPassword) refers to main.o(.text.getPassword) for [Anonymous Symbol]
    main.o(.text.main) refers to main.o(.text.init) for init
    main.o(.text.main) refers to main.o(.data.enter_pass_msg) for enter_pass_msg
    main.o(.text.main) refers to bluetooth.o(.text.bluetooth_Write_String) for bluetooth_Write_String
    main.o(.text.main) refers to main.o(.text.getPassword) for getPassword
    main.o(.text.main) refers to main.o(.data.welcome_msg) for welcome_msg
    main.o(.text.main) refers to main.o(.rodata.str1.1) for .L.str
    main.o(.text.main) refers to buzzer.o(.text.buzzerON) for buzzerON
    main.o(.text.main) refers to timers.o(.text.Timer2_start) for Timer2_start
    main.o(.text.main) refers to timers.o(.text.Timer2_stop) for Timer2_stop
    main.o(.text.main) refers to buzzer.o(.text.buzzerOFF) for buzzerOFF
    main.o(.text.main) refers to bluetooth.o(.text.bluetooth_Read) for bluetooth_Read
    main.o(.text.main) refers to dio.o(.text.DIO_WritePin) for DIO_WritePin
    main.o(.ARM.exidx.text.main) refers to main.o(.text.main) for [Anonymous Symbol]
    main.o(.text.SysTick_Handler) refers to dio.o(.text.DIO_WritePin) for DIO_WritePin
    main.o(.text.SysTick_Handler) refers to systicktimer.o(.text.SysTickDisable) for SysTickDisable
    main.o(.text.SysTick_Handler) refers to timers.o(.text.Timer1_start) for Timer1_start
    main.o(.ARM.exidx.text.SysTick_Handler) refers to main.o(.text.SysTick_Handler) for [Anonymous Symbol]
    main.o(.text.TIMER0A_Handler) refers to main.o(.bss.lastEdge) for lastEdge
    main.o(.text.TIMER0A_Handler) refers to main.o(.bss.lastedgeIn_flag) for lastedgeIn_flag
    main.o(.text.TIMER0A_Handler) refers to main.o(.bss.thisEdge) for thisEdge
    main.o(.text.TIMER0A_Handler) refers to main.o(.bss.time) for time
    main.o(.text.TIMER0A_Handler) refers to main.o(.bss.distance) for distance
    main.o(.text.TIMER0A_Handler) refers to dio.o(.text.DIO_WritePin) for DIO_WritePin
    main.o(.text.TIMER0A_Handler) refers to buzzer.o(.text.buzzerOFF) for buzzerOFF
    main.o(.text.TIMER0A_Handler) refers to buzzer.o(.text.buzzerON) for buzzerON
    main.o(.text.TIMER0A_Handler) refers to main.o(.rodata.str1.1) for .L.str.16
    main.o(.text.TIMER0A_Handler) refers to bluetooth.o(.text.bluetooth_Write_String) for bluetooth_Write_String
    main.o(.ARM.exidx.text.TIMER0A_Handler) refers to main.o(.text.TIMER0A_Handler) for [Anonymous Symbol]
    main.o(.text.TIMER1A_Handler) refers to dio.o(.text.DIO_WritePin) for DIO_WritePin
    main.o(.text.TIMER1A_Handler) refers to timers.o(.text.Timer1_stop) for Timer1_stop
    main.o(.text.TIMER1A_Handler) refers to systicktimer.o(.text.SysTickEnable) for SysTickEnable
    main.o(.ARM.exidx.text.TIMER1A_Handler) refers to main.o(.text.TIMER1A_Handler) for [Anonymous Symbol]
    bluetooth.o(.text.bluetooth_Init) refers to uart.o(.text.UART_Init) for UART_Init
    bluetooth.o(.ARM.exidx.text.bluetooth_Init) refers to bluetooth.o(.text.bluetooth_Init) for [Anonymous Symbol]
    bluetooth.o(.ARM.exidx.text.bluetooth_Read) refers to bluetooth.o(.text.bluetooth_Read) for [Anonymous Symbol]
    bluetooth.o(.ARM.exidx.text.bluetooth_Write) refers to bluetooth.o(.text.bluetooth_Write) for [Anonymous Symbol]
    bluetooth.o(.text.bluetooth_Write_String) refers to bluetooth.o(.text.bluetooth_Write) for bluetooth_Write
    bluetooth.o(.ARM.exidx.text.bluetooth_Write_String) refers to bluetooth.o(.text.bluetooth_Write_String) for [Anonymous Symbol]
    ultrasonic.o(.text.ultrasonic_Init) refers to timers.o(.text.Timer0ACapture_init) for Timer0ACapture_init
    ultrasonic.o(.text.ultrasonic_Init) refers to dio.o(.text.DIO_Init) for DIO_Init
    ultrasonic.o(.text.ultrasonic_Init) refers to dio.o(.text.DIO_SetupDirection) for DIO_SetupDirection
    ultrasonic.o(.ARM.exidx.text.ultrasonic_Init) refers to ultrasonic.o(.text.ultrasonic_Init) for [Anonymous Symbol]
    ultrasonic.o(.ARM.exidx.text.Delay) refers to ultrasonic.o(.text.Delay) for [Anonymous Symbol]
    buzzer.o(.text.buzzerInit) refers to dio.o(.text.DIO_SetupDirection) for DIO_SetupDirection
    buzzer.o(.ARM.exidx.text.buzzerInit) refers to buzzer.o(.text.buzzerInit) for [Anonymous Symbol]
    buzzer.o(.text.buzzerON) refers to dio.o(.text.DIO_WritePin) for DIO_WritePin
    buzzer.o(.ARM.exidx.text.buzzerON) refers to buzzer.o(.text.buzzerON) for [Anonymous Symbol]
    buzzer.o(.text.buzzerOFF) refers to dio.o(.text.DIO_WritePin) for DIO_WritePin
    buzzer.o(.ARM.exidx.text.buzzerOFF) refers to buzzer.o(.text.buzzerOFF) for [Anonymous Symbol]
    dio.o(.ARM.exidx.text.DIO_Init) refers to dio.o(.text.DIO_Init) for [Anonymous Symbol]
    dio.o(.ARM.exidx.text.DIO_SetupDirection) refers to dio.o(.text.DIO_SetupDirection) for [Anonymous Symbol]
    dio.o(.ARM.exidx.text.DIO_WritePort) refers to dio.o(.text.DIO_WritePort) for [Anonymous Symbol]
    dio.o(.ARM.exidx.text.DIO_WritePin) refers to dio.o(.text.DIO_WritePin) for [Anonymous Symbol]
    dio.o(.ARM.exidx.text.DIO_ReadPort) refers to dio.o(.text.DIO_ReadPort) for [Anonymous Symbol]
    dio.o(.ARM.exidx.text.DIO_ReadPin) refers to dio.o(.text.DIO_ReadPin) for [Anonymous Symbol]
    interrupt.o(.ARM.exidx.text.interrupt_init) refers to interrupt.o(.text.interrupt_init) for [Anonymous Symbol]
    interrupt.o(.ARM.exidx.text.interrupt_enable_pin) refers to interrupt.o(.text.interrupt_enable_pin) for [Anonymous Symbol]
    interrupt.o(.ARM.exidx.text.interrupt_disable_pin) refers to interrupt.o(.text.interrupt_disable_pin) for [Anonymous Symbol]
    systicktimer.o(.ARM.exidx.text.enableInterruptToProcessor) refers to systicktimer.o(.text.enableInterruptToProcessor) for [Anonymous Symbol]
    systicktimer.o(.ARM.exidx.text.waitForInterrupt) refers to systicktimer.o(.text.waitForInterrupt) for [Anonymous Symbol]
    systicktimer.o(.ARM.exidx.text.SysTickDisable) refers to systicktimer.o(.text.SysTickDisable) for [Anonymous Symbol]
    systicktimer.o(.ARM.exidx.text.SysTickEnable) refers to systicktimer.o(.text.SysTickEnable) for [Anonymous Symbol]
    systicktimer.o(.ARM.exidx.text.SysTickPeriodGet) refers to systicktimer.o(.text.SysTickPeriodGet) for [Anonymous Symbol]
    systicktimer.o(.ARM.exidx.text.SysTickPeriodSet) refers to systicktimer.o(.text.SysTickPeriodSet) for [Anonymous Symbol]
    systicktimer.o(.ARM.exidx.text.SysTickValueGet) refers to systicktimer.o(.text.SysTickValueGet) for [Anonymous Symbol]
    systicktimer.o(.ARM.exidx.text.SysTick_Is_Time_out) refers to systicktimer.o(.text.SysTick_Is_Time_out) for [Anonymous Symbol]
    timers.o(.text.Timer0ACapture_init) refers to dio.o(.text.DIO_Init) for DIO_Init
    timers.o(.text.Timer0ACapture_init) refers to dio.o(.text.DIO_SetupDirection) for DIO_SetupDirection
    timers.o(.ARM.exidx.text.Timer0ACapture_init) refers to timers.o(.text.Timer0ACapture_init) for [Anonymous Symbol]
    timers.o(.ARM.exidx.text.Timer1_init) refers to timers.o(.text.Timer1_init) for [Anonymous Symbol]
    timers.o(.ARM.exidx.text.Timer1_setDelay) refers to timers.o(.text.Timer1_setDelay) for [Anonymous Symbol]
    timers.o(.ARM.exidx.text.Timer1_start) refers to timers.o(.text.Timer1_start) for [Anonymous Symbol]
    timers.o(.ARM.exidx.text.Timer1_stop) refers to timers.o(.text.Timer1_stop) for [Anonymous Symbol]
    timers.o(.ARM.exidx.text.Timer1_enableInterrupt) refers to timers.o(.text.Timer1_enableInterrupt) for [Anonymous Symbol]
    timers.o(.ARM.exidx.text.Timer2_init) refers to timers.o(.text.Timer2_init) for [Anonymous Symbol]
    timers.o(.ARM.exidx.text.Timer2_setDelay) refers to timers.o(.text.Timer2_setDelay) for [Anonymous Symbol]
    timers.o(.ARM.exidx.text.Timer2_start) refers to timers.o(.text.Timer2_start) for [Anonymous Symbol]
    timers.o(.ARM.exidx.text.Timer2_stop) refers to timers.o(.text.Timer2_stop) for [Anonymous Symbol]
    timers.o(.ARM.exidx.text.Timer2_enableInterrupt) refers to timers.o(.text.Timer2_enableInterrupt) for [Anonymous Symbol]
    uart.o(.text.UART_Init) refers to uart.o(.text.UART_setBaudRate) for UART_setBaudRate
    uart.o(.ARM.exidx.text.UART_Init) refers to uart.o(.text.UART_Init) for [Anonymous Symbol]
    uart.o(.ARM.exidx.text.UART_setBaudRate) refers to uart.o(.text.UART_setBaudRate) for [Anonymous Symbol]
    startup_tm4c123.o(STACK) refers (Special) to heapauxi.o(.text) for __use_two_region_memory
    startup_tm4c123.o(HEAP) refers (Special) to heapauxi.o(.text) for __use_two_region_memory
    startup_tm4c123.o(RESET) refers (Special) to heapauxi.o(.text) for __use_two_region_memory
    startup_tm4c123.o(RESET) refers to startup_tm4c123.o(STACK) for __initial_sp
    startup_tm4c123.o(RESET) refers to startup_tm4c123.o(.text) for Reset_Handler
    startup_tm4c123.o(RESET) refers to main.o(.text.SysTick_Handler) for SysTick_Handler
    startup_tm4c123.o(RESET) refers to main.o(.text.TIMER0A_Handler) for TIMER0A_Handler
    startup_tm4c123.o(RESET) refers to main.o(.text.TIMER1A_Handler) for TIMER1A_Handler
    startup_tm4c123.o(.text) refers (Special) to heapauxi.o(.text) for __use_two_region_memory
    startup_tm4c123.o(.text) refers to system_tm4c123.o(.text.SystemInit) for SystemInit
    startup_tm4c123.o(.text) refers to __main.o(!!!main) for __main
    startup_tm4c123.o(.text) refers to startup_tm4c123.o(HEAP) for Heap_Mem
    startup_tm4c123.o(.text) refers to startup_tm4c123.o(STACK) for Stack_Mem
    system_tm4c123.o(.text.SystemCoreClockUpdate) refers to system_tm4c123.o(.text.getOscClk) for getOscClk
    system_tm4c123.o(.text.SystemCoreClockUpdate) refers to system_tm4c123.o(.data.SystemCoreClock) for SystemCoreClock
    system_tm4c123.o(.ARM.exidx.text.SystemCoreClockUpdate) refers to system_tm4c123.o(.text.SystemCoreClockUpdate) for [Anonymous Symbol]
    system_tm4c123.o(.ARM.exidx.text.getOscClk) refers to system_tm4c123.o(.text.getOscClk) for [Anonymous Symbol]
    system_tm4c123.o(.ARM.exidx.text.SystemInit) refers to system_tm4c123.o(.text.SystemInit) for [Anonymous Symbol]
    __main.o(!!!main) refers to __rtentry.o(.ARM.Collect$$rtentry$$00000000) for __rt_entry
    __rtentry.o(.ARM.Collect$$rtentry$$00000000) refers (Special) to __rtentry2.o(.ARM.Collect$$rtentry$$0000000A) for __rt_entry_li
    __rtentry.o(.ARM.Collect$$rtentry$$00000000) refers (Special) to __rtentry2.o(.ARM.Collect$$rtentry$$0000000D) for __rt_entry_main
    __rtentry.o(.ARM.Collect$$rtentry$$00000000) refers (Special) to __rtentry2.o(.ARM.Collect$$rtentry$$0000000C) for __rt_entry_postli_1
    __rtentry.o(.ARM.Collect$$rtentry$$00000000) refers (Special) to __rtentry2.o(.ARM.Collect$$rtentry$$00000009) for __rt_entry_postsh_1
    __rtentry.o(.ARM.Collect$$rtentry$$00000000) refers (Special) to __rtentry2.o(.ARM.Collect$$rtentry$$00000002) for __rt_entry_presh_1
    __rtentry.o(.ARM.Collect$$rtentry$$00000000) refers (Special) to __rtentry4.o(.ARM.Collect$$rtentry$$00000004) for __rt_entry_sh
    __rtentry2.o(.ARM.Collect$$rtentry$$00000008) refers to boardinit2.o(.text) for _platform_post_stackheap_init
    __rtentry2.o(.ARM.Collect$$rtentry$$0000000A) refers to libinit.o(.ARM.Collect$$libinit$$00000000) for __rt_lib_init
    __rtentry2.o(.ARM.Collect$$rtentry$$0000000B) refers to boardinit3.o(.text) for _platform_post_lib_init
    __rtentry2.o(.ARM.Collect$$rtentry$$0000000D) refers to main.o(.text.main) for main
    __rtentry2.o(.ARM.Collect$$rtentry$$0000000D) refers to exit.o(.text) for exit
    __rtentry2.o(.ARM.exidx) refers to __rtentry2.o(.ARM.Collect$$rtentry$$00000001) for .ARM.Collect$$rtentry$$00000001
    __rtentry2.o(.ARM.exidx) refers to __rtentry2.o(.ARM.Collect$$rtentry$$00000008) for .ARM.Collect$$rtentry$$00000008
    __rtentry2.o(.ARM.exidx) refers to __rtentry2.o(.ARM.Collect$$rtentry$$0000000A) for .ARM.Collect$$rtentry$$0000000A
    __rtentry2.o(.ARM.exidx) refers to __rtentry2.o(.ARM.Collect$$rtentry$$0000000B) for .ARM.Collect$$rtentry$$0000000B
    __rtentry2.o(.ARM.exidx) refers to __rtentry2.o(.ARM.Collect$$rtentry$$0000000D) for .ARM.Collect$$rtentry$$0000000D
    __rtentry4.o(.ARM.Collect$$rtentry$$00000004) refers to sys_stackheap_outer.o(.text) for __user_setup_stackheap
    __rtentry4.o(.ARM.exidx) refers to __rtentry4.o(.ARM.Collect$$rtentry$$00000004) for .ARM.Collect$$rtentry$$00000004
    sys_stackheap_outer.o(.text) refers to libspace.o(.text) for __user_perproc_libspace
    sys_stackheap_outer.o(.text) refers to startup_tm4c123.o(.text) for __user_initial_stackheap
    exit.o(.text) refers to rtexit.o(.ARM.Collect$$rtexit$$00000000) for __rt_exit
    libinit.o(.ARM.Collect$$libinit$$00000000) refers (Special) to libinit2.o(.ARM.Collect$$libinit$$00000030) for __rt_lib_init_alloca_1
    libinit.o(.ARM.Collect$$libinit$$00000000) refers (Special) to libinit2.o(.ARM.Collect$$libinit$$0000002E) for __rt_lib_init_argv_1
    libinit.o(.ARM.Collect$$libinit$$00000000) refers (Special) to libinit2.o(.ARM.Collect$$libinit$$0000001D) for __rt_lib_init_atexit_1
    libinit.o(.ARM.Collect$$libinit$$00000000) refers (Special) to libinit2.o(.ARM.Collect$$libinit$$00000023) for __rt_lib_init_clock_1
    libinit.o(.ARM.Collect$$libinit$$00000000) refers (Special) to libinit2.o(.ARM.Collect$$libinit$$00000034) for __rt_lib_init_cpp_1
    libinit.o(.ARM.Collect$$libinit$$00000000) refers (Special) to libinit2.o(.ARM.Collect$$libinit$$00000032) for __rt_lib_init_exceptions_1
    libinit.o(.ARM.Collect$$libinit$$00000000) refers (Special) to libinit2.o(.ARM.Collect$$libinit$$00000001) for __rt_lib_init_fp_1
    libinit.o(.ARM.Collect$$libinit$$00000000) refers (Special) to libinit2.o(.ARM.Collect$$libinit$$00000021) for __rt_lib_init_fp_trap_1
    libinit.o(.ARM.Collect$$libinit$$00000000) refers (Special) to libinit2.o(.ARM.Collect$$libinit$$00000025) for __rt_lib_init_getenv_1
    libinit.o(.ARM.Collect$$libinit$$00000000) refers (Special) to libinit2.o(.ARM.Collect$$libinit$$0000000C) for __rt_lib_init_heap_1
    libinit.o(.ARM.Collect$$libinit$$00000000) refers (Special) to libinit2.o(.ARM.Collect$$libinit$$00000013) for __rt_lib_init_lc_collate_1
    libinit.o(.ARM.Collect$$libinit$$00000000) refers (Special) to libinit2.o(.ARM.Collect$$libinit$$00000015) for __rt_lib_init_lc_ctype_1
    libinit.o(.ARM.Collect$$libinit$$00000000) refers (Special) to libinit2.o(.ARM.Collect$$libinit$$00000017) for __rt_lib_init_lc_monetary_1
    libinit.o(.ARM.Collect$$libinit$$00000000) refers (Special) to libinit2.o(.ARM.Collect$$libinit$$00000019) for __rt_lib_init_lc_numeric_1
    libinit.o(.ARM.Collect$$libinit$$00000000) refers (Special) to libinit2.o(.ARM.Collect$$libinit$$0000001B) for __rt_lib_init_lc_time_1
    libinit.o(.ARM.Collect$$libinit$$00000000) refers (Special) to libinit2.o(.ARM.Collect$$libinit$$00000006) for __rt_lib_init_preinit_1
    libinit.o(.ARM.Collect$$libinit$$00000000) refers (Special) to libinit2.o(.ARM.Collect$$libinit$$00000010) for __rt_lib_init_rand_1
    libinit.o(.ARM.Collect$$libinit$$00000000) refers (Special) to libinit2.o(.ARM.Collect$$libinit$$00000004) for __rt_lib_init_relocate_pie_1
    libinit.o(.ARM.Collect$$libinit$$00000000) refers (Special) to libinit2.o(.ARM.Collect$$libinit$$00000035) for __rt_lib_init_return
    libinit.o(.ARM.Collect$$libinit$$00000000) refers (Special) to libinit2.o(.ARM.Collect$$libinit$$0000001F) for __rt_lib_init_signal_1
    libinit.o(.ARM.Collect$$libinit$$00000000) refers (Special) to libinit2.o(.ARM.Collect$$libinit$$00000027) for __rt_lib_init_stdio_1
    libinit.o(.ARM.Collect$$libinit$$00000000) refers (Special) to libinit2.o(.ARM.Collect$$libinit$$0000000E) for __rt_lib_init_user_alloc_1
    libspace.o(.text) refers to libspace.o(.bss) for __libspace_start
    rtexit.o(.ARM.Collect$$rtexit$$00000000) refers (Special) to rtexit2.o(.ARM.Collect$$rtexit$$00000004) for __rt_exit_exit
    rtexit.o(.ARM.Collect$$rtexit$$00000000) refers (Special) to rtexit2.o(.ARM.Collect$$rtexit$$00000003) for __rt_exit_ls
    rtexit.o(.ARM.Collect$$rtexit$$00000000) refers (Special) to rtexit2.o(.ARM.Collect$$rtexit$$00000002) for __rt_exit_prels_1
    rtexit.o(.ARM.exidx) refers (Special) to rtexit2.o(.ARM.Collect$$rtexit$$00000004) for __rt_exit_exit
    rtexit.o(.ARM.exidx) refers (Special) to rtexit2.o(.ARM.Collect$$rtexit$$00000003) for __rt_exit_ls
    rtexit.o(.ARM.exidx) refers (Special) to rtexit2.o(.ARM.Collect$$rtexit$$00000002) for __rt_exit_prels_1
    rtexit.o(.ARM.exidx) refers to rtexit.o(.ARM.Collect$$rtexit$$00000000) for .ARM.Collect$$rtexit$$00000000
    libinit2.o(.ARM.Collect$$libinit$$00000001) refers to fpinit.o(x$fpl$fpinit) for _fp_init
    libinit2.o(.ARM.Collect$$libinit$$00000012) refers to libinit2.o(.ARM.Collect$$libinit$$00000011) for .ARM.Collect$$libinit$$00000011
    libinit2.o(.ARM.Collect$$libinit$$00000014) refers to libinit2.o(.ARM.Collect$$libinit$$00000011) for .ARM.Collect$$libinit$$00000011
    libinit2.o(.ARM.Collect$$libinit$$00000016) refers to libinit2.o(.ARM.Collect$$libinit$$00000011) for .ARM.Collect$$libinit$$00000011
    libinit2.o(.ARM.Collect$$libinit$$00000018) refers to libinit2.o(.ARM.Collect$$libinit$$00000011) for .ARM.Collect$$libinit$$00000011
    libinit2.o(.ARM.Collect$$libinit$$0000001A) refers to libinit2.o(.ARM.Collect$$libinit$$00000011) for .ARM.Collect$$libinit$$00000011
    libinit2.o(.ARM.Collect$$libinit$$00000028) refers to argv_veneer.o(.emb_text) for __ARM_argv_veneer
    libinit2.o(.ARM.Collect$$libinit$$00000029) refers to argv_veneer.o(.emb_text) for __ARM_argv_veneer
    rtexit2.o(.ARM.Collect$$rtexit$$00000003) refers to libshutdown.o(.ARM.Collect$$libshutdown$$00000000) for __rt_lib_shutdown
    rtexit2.o(.ARM.Collect$$rtexit$$00000004) refers to sys_exit.o(.text) for _sys_exit
    rtexit2.o(.ARM.exidx) refers to rtexit2.o(.ARM.Collect$$rtexit$$00000001) for .ARM.Collect$$rtexit$$00000001
    rtexit2.o(.ARM.exidx) refers to rtexit2.o(.ARM.Collect$$rtexit$$00000003) for .ARM.Collect$$rtexit$$00000003
    rtexit2.o(.ARM.exidx) refers to rtexit2.o(.ARM.Collect$$rtexit$$00000004) for .ARM.Collect$$rtexit$$00000004
    argv_veneer.o(.emb_text) refers to no_argv.o(.text) for __ARM_get_argv
    sys_exit.o(.text) refers (Special) to use_no_semi.o(.text) for __I$use$semihosting
    sys_exit.o(.text) refers (Special) to indicate_semi.o(.text) for __semihosting_library_function
    sys_exit_hlt.o(.text) refers (Special) to use_no_semi.o(.text) for __I$use$semihosting
    sys_exit_hlt.o(.text) refers (Special) to indicate_semi.o(.text) for __semihosting_library_function
    _get_argv_nomalloc.o(.text) refers (Special) to hrguard.o(.text) for __heap_region$guard
    _get_argv_nomalloc.o(.text) refers to defsig_rtmem_outer.o(.text) for __rt_SIGRTMEM
    _get_argv_nomalloc.o(.text) refers to sys_command.o(.text) for _sys_command_string
    libshutdown.o(.ARM.Collect$$libshutdown$$00000000) refers (Special) to libshutdown2.o(.ARM.Collect$$libshutdown$$00000002) for __rt_lib_shutdown_cpp_1
    libshutdown.o(.ARM.Collect$$libshutdown$$00000000) refers (Special) to libshutdown2.o(.ARM.Collect$$libshutdown$$00000007) for __rt_lib_shutdown_fp_trap_1
    libshutdown.o(.ARM.Collect$$libshutdown$$00000000) refers (Special) to libshutdown2.o(.ARM.Collect$$libshutdown$$0000000F) for __rt_lib_shutdown_heap_1
    libshutdown.o(.ARM.Collect$$libshutdown$$00000000) refers (Special) to libshutdown2.o(.ARM.Collect$$libshutdown$$00000010) for __rt_lib_shutdown_return
    libshutdown.o(.ARM.Collect$$libshutdown$$00000000) refers (Special) to libshutdown2.o(.ARM.Collect$$libshutdown$$0000000A) for __rt_lib_shutdown_signal_1
    libshutdown.o(.ARM.Collect$$libshutdown$$00000000) refers (Special) to libshutdown2.o(.ARM.Collect$$libshutdown$$00000004) for __rt_lib_shutdown_stdio_1
    libshutdown.o(.ARM.Collect$$libshutdown$$00000000) refers (Special) to libshutdown2.o(.ARM.Collect$$libshutdown$$0000000C) for __rt_lib_shutdown_user_alloc_1
    sys_command.o(.text) refers (Special) to use_no_semi.o(.text) for __I$use$semihosting
    sys_command.o(.text) refers (Special) to indicate_semi.o(.text) for __semihosting_library_function
    sys_command_hlt.o(.text) refers (Special) to use_no_semi.o(.text) for __I$use$semihosting
    sys_command_hlt.o(.text) refers (Special) to indicate_semi.o(.text) for __semihosting_library_function
    defsig_rtmem_outer.o(.text) refers to defsig_rtmem_inner.o(.text) for __rt_SIGRTMEM_inner
    defsig_rtmem_outer.o(.text) refers to defsig_exit.o(.text) for __sig_exit
    defsig_rtmem_formal.o(.text) refers to rt_raise.o(.text) for __rt_raise
    rt_raise.o(.text) refers to __raise.o(.text) for __raise
    rt_raise.o(.text) refers to sys_exit.o(.text) for _sys_exit
    defsig_exit.o(.text) refers to sys_exit.o(.text) for _sys_exit
    defsig_rtmem_inner.o(.text) refers to defsig_general.o(.text) for __default_signal_display
    __raise.o(.text) refers to defsig.o(CL$$defsig) for __default_signal_handler
    defsig_general.o(.text) refers to sys_wrch.o(.text) for _ttywrch
    sys_wrch.o(.text) refers (Special) to use_no_semi.o(.text) for __I$use$semihosting
    sys_wrch.o(.text) refers (Special) to indicate_semi.o(.text) for __semihosting_library_function
    sys_wrch_hlt.o(.text) refers (Special) to use_no_semi.o(.text) for __I$use$semihosting
    sys_wrch_hlt.o(.text) refers (Special) to indicate_semi.o(.text) for __semihosting_library_function
    defsig.o(CL$$defsig) refers to defsig_rtmem_inner.o(.text) for __rt_SIGRTMEM_inner
    defsig_abrt_inner.o(.text) refers to defsig_general.o(.text) for __default_signal_display
    defsig_fpe_inner.o(.text) refers to defsig_general.o(.text) for __default_signal_display
    defsig_rtred_inner.o(.text) refers to defsig_general.o(.text) for __default_signal_display
    defsig_stak_inner.o(.text) refers to defsig_general.o(.text) for __default_signal_display
    defsig_pvfn_inner.o(.text) refers to defsig_general.o(.text) for __default_signal_display
    defsig_cppl_inner.o(.text) refers to defsig_general.o(.text) for __default_signal_display
    defsig_segv_inner.o(.text) refers to defsig_general.o(.text) for __default_signal_display
    defsig_other.o(.text) refers to defsig_general.o(.text) for __default_signal_display


==============================================================================

Removing Unused input sections from the image.

    Removing main.o(.text), (0 bytes).
    Removing main.o(.ARM.exidx.text.initLEDs), (8 bytes).
    Removing main.o(.ARM.exidx.text.init), (8 bytes).
    Removing main.o(.ARM.exidx.text.getPassword), (8 bytes).
    Removing main.o(.ARM.exidx.text.main), (8 bytes).
    Removing main.o(.ARM.exidx.text.SysTick_Handler), (8 bytes).
    Removing main.o(.ARM.exidx.text.TIMER0A_Handler), (8 bytes).
    Removing main.o(.ARM.exidx.text.TIMER1A_Handler), (8 bytes).
    Removing main.o(.data.Ourswitch), (13 bytes).
    Removing main.o(.bss.i), (4 bytes).
    Removing main.o(.ARM.use_no_argv), (4 bytes).
    Removing bluetooth.o(.text), (0 bytes).
    Removing bluetooth.o(.ARM.exidx.text.bluetooth_Init), (8 bytes).
    Removing bluetooth.o(.ARM.exidx.text.bluetooth_Read), (8 bytes).
    Removing bluetooth.o(.ARM.exidx.text.bluetooth_Write), (8 bytes).
    Removing bluetooth.o(.ARM.exidx.text.bluetooth_Write_String), (8 bytes).
    Removing ultrasonic.o(.text), (0 bytes).
    Removing ultrasonic.o(.ARM.exidx.text.ultrasonic_Init), (8 bytes).
    Removing ultrasonic.o(.text.Delay), (42 bytes).
    Removing ultrasonic.o(.ARM.exidx.text.Delay), (8 bytes).
    Removing buzzer.o(.text), (0 bytes).
    Removing buzzer.o(.ARM.exidx.text.buzzerInit), (8 bytes).
    Removing buzzer.o(.ARM.exidx.text.buzzerON), (8 bytes).
    Removing buzzer.o(.ARM.exidx.text.buzzerOFF), (8 bytes).
    Removing dio.o(.text), (0 bytes).
    Removing dio.o(.ARM.exidx.text.DIO_Init), (8 bytes).
    Removing dio.o(.ARM.exidx.text.DIO_SetupDirection), (8 bytes).
    Removing dio.o(.text.DIO_WritePort), (156 bytes).
    Removing dio.o(.ARM.exidx.text.DIO_WritePort), (8 bytes).
    Removing dio.o(.ARM.exidx.text.DIO_WritePin), (8 bytes).
    Removing dio.o(.text.DIO_ReadPort), (144 bytes).
    Removing dio.o(.ARM.exidx.text.DIO_ReadPort), (8 bytes).
    Removing dio.o(.text.DIO_ReadPin), (208 bytes).
    Removing dio.o(.ARM.exidx.text.DIO_ReadPin), (8 bytes).
    Removing interrupt.o(.text), (0 bytes).
    Removing interrupt.o(.text.interrupt_init), (380 bytes).
    Removing interrupt.o(.ARM.exidx.text.interrupt_init), (8 bytes).
    Removing interrupt.o(.text.interrupt_enable_pin), (34 bytes).
    Removing interrupt.o(.ARM.exidx.text.interrupt_enable_pin), (8 bytes).
    Removing interrupt.o(.text.interrupt_disable_pin), (34 bytes).
    Removing interrupt.o(.ARM.exidx.text.interrupt_disable_pin), (8 bytes).
    Removing systicktimer.o(.text), (0 bytes).
    Removing systicktimer.o(.text.enableInterruptToProcessor), (4 bytes).
    Removing systicktimer.o(.ARM.exidx.text.enableInterruptToProcessor), (8 bytes).
    Removing systicktimer.o(.text.waitForInterrupt), (4 bytes).
    Removing systicktimer.o(.ARM.exidx.text.waitForInterrupt), (8 bytes).
    Removing systicktimer.o(.ARM.exidx.text.SysTickDisable), (8 bytes).
    Removing systicktimer.o(.ARM.exidx.text.SysTickEnable), (8 bytes).
    Removing systicktimer.o(.text.SysTickPeriodGet), (12 bytes).
    Removing systicktimer.o(.ARM.exidx.text.SysTickPeriodGet), (8 bytes).
    Removing systicktimer.o(.ARM.exidx.text.SysTickPeriodSet), (8 bytes).
    Removing systicktimer.o(.text.SysTickValueGet), (12 bytes).
    Removing systicktimer.o(.ARM.exidx.text.SysTickValueGet), (8 bytes).
    Removing systicktimer.o(.text.SysTick_Is_Time_out), (26 bytes).
    Removing systicktimer.o(.ARM.exidx.text.SysTick_Is_Time_out), (8 bytes).
    Removing timers.o(.text), (0 bytes).
    Removing timers.o(.ARM.exidx.text.Timer0ACapture_init), (8 bytes).
    Removing timers.o(.ARM.exidx.text.Timer1_init), (8 bytes).
    Removing timers.o(.ARM.exidx.text.Timer1_setDelay), (8 bytes).
    Removing timers.o(.ARM.exidx.text.Timer1_start), (8 bytes).
    Removing timers.o(.ARM.exidx.text.Timer1_stop), (8 bytes).
    Removing timers.o(.ARM.exidx.text.Timer1_enableInterrupt), (8 bytes).
    Removing timers.o(.ARM.exidx.text.Timer2_init), (8 bytes).
    Removing timers.o(.ARM.exidx.text.Timer2_setDelay), (8 bytes).
    Removing timers.o(.ARM.exidx.text.Timer2_start), (8 bytes).
    Removing timers.o(.ARM.exidx.text.Timer2_stop), (8 bytes).
    Removing timers.o(.text.Timer2_enableInterrupt), (34 bytes).
    Removing timers.o(.ARM.exidx.text.Timer2_enableInterrupt), (8 bytes).
    Removing uart.o(.text), (0 bytes).
    Removing uart.o(.ARM.exidx.text.UART_Init), (8 bytes).
    Removing uart.o(.ARM.exidx.text.UART_setBaudRate), (8 bytes).
    Removing system_tm4c123.o(.text), (0 bytes).
    Removing system_tm4c123.o(.text.SystemCoreClockUpdate), (326 bytes).
    Removing system_tm4c123.o(.ARM.exidx.text.SystemCoreClockUpdate), (8 bytes).
    Removing system_tm4c123.o(.text.getOscClk), (360 bytes).
    Removing system_tm4c123.o(.ARM.exidx.text.getOscClk), (8 bytes).
    Removing system_tm4c123.o(.ARM.exidx.text.SystemInit), (8 bytes).
    Removing system_tm4c123.o(.data.SystemCoreClock), (4 bytes).

78 unused section(s) (total 2193 bytes) removed from the image.

==============================================================================

Image Symbol Table

    Local Symbols

    Symbol Name                              Value     Ov Type        Size  Object(Section)

    ../clib/angel/boardlib.s                 0x00000000   Number         0  boardinit1.o ABSOLUTE
    ../clib/angel/boardlib.s                 0x00000000   Number         0  boardinit2.o ABSOLUTE
    ../clib/angel/boardlib.s                 0x00000000   Number         0  boardinit3.o ABSOLUTE
    ../clib/angel/boardlib.s                 0x00000000   Number         0  boardshut.o ABSOLUTE
    ../clib/angel/handlers.s                 0x00000000   Number         0  __scatter_copy.o ABSOLUTE
    ../clib/angel/handlers.s                 0x00000000   Number         0  __scatter_zi.o ABSOLUTE
    ../clib/angel/kernel.s                   0x00000000   Number         0  __rtentry.o ABSOLUTE
    ../clib/angel/kernel.s                   0x00000000   Number         0  __rtentry2.o ABSOLUTE
    ../clib/angel/kernel.s                   0x00000000   Number         0  __rtentry4.o ABSOLUTE
    ../clib/angel/kernel.s                   0x00000000   Number         0  rtexit.o ABSOLUTE
    ../clib/angel/kernel.s                   0x00000000   Number         0  rtexit2.o ABSOLUTE
    ../clib/angel/rt.s                       0x00000000   Number         0  rt_raise.o ABSOLUTE
    ../clib/angel/scatter.s                  0x00000000   Number         0  __scatter.o ABSOLUTE
    ../clib/angel/startup.s                  0x00000000   Number         0  __main.o ABSOLUTE
    ../clib/angel/sys.s                      0x00000000   Number         0  sys_stackheap_outer.o ABSOLUTE
    ../clib/angel/sys.s                      0x00000000   Number         0  libspace.o ABSOLUTE
    ../clib/angel/sys.s                      0x00000000   Number         0  use_no_semi.o ABSOLUTE
    ../clib/angel/sys.s                      0x00000000   Number         0  indicate_semi.o ABSOLUTE
    ../clib/angel/sysapp.c                   0x00000000   Number         0  sys_exit.o ABSOLUTE
    ../clib/angel/sysapp.c                   0x00000000   Number         0  sys_exit_hlt.o ABSOLUTE
    ../clib/angel/sysapp.c                   0x00000000   Number         0  sys_command.o ABSOLUTE
    ../clib/angel/sysapp.c                   0x00000000   Number         0  sys_command_hlt.o ABSOLUTE
    ../clib/angel/sysapp.c                   0x00000000   Number         0  sys_wrch.o ABSOLUTE
    ../clib/angel/sysapp.c                   0x00000000   Number         0  sys_wrch_hlt.o ABSOLUTE
    ../clib/armsys.c                         0x00000000   Number         0  argv_veneer.o ABSOLUTE
    ../clib/armsys.c                         0x00000000   Number         0  argv_veneer.o ABSOLUTE
    ../clib/armsys.c                         0x00000000   Number         0  _get_argv_nomalloc.o ABSOLUTE
    ../clib/armsys.c                         0x00000000   Number         0  no_argv.o ABSOLUTE
    ../clib/heapalloc.c                      0x00000000   Number         0  hrguard.o ABSOLUTE
    ../clib/heapaux.c                        0x00000000   Number         0  heapauxi.o ABSOLUTE
    ../clib/libinit.s                        0x00000000   Number         0  libinit.o ABSOLUTE
    ../clib/libinit.s                        0x00000000   Number         0  libinit2.o ABSOLUTE
    ../clib/libinit.s                        0x00000000   Number         0  libshutdown.o ABSOLUTE
    ../clib/libinit.s                        0x00000000   Number         0  libshutdown2.o ABSOLUTE
    ../clib/signal.c                         0x00000000   Number         0  defsig_rtmem_outer.o ABSOLUTE
    ../clib/signal.c                         0x00000000   Number         0  defsig_rtmem_formal.o ABSOLUTE
    ../clib/signal.c                         0x00000000   Number         0  defsig_exit.o ABSOLUTE
    ../clib/signal.c                         0x00000000   Number         0  defsig_rtmem_inner.o ABSOLUTE
    ../clib/signal.c                         0x00000000   Number         0  __raise.o ABSOLUTE
    ../clib/signal.c                         0x00000000   Number         0  defsig_general.o ABSOLUTE
    ../clib/signal.c                         0x00000000   Number         0  defsig_abrt_inner.o ABSOLUTE
    ../clib/signal.c                         0x00000000   Number         0  defsig_fpe_inner.o ABSOLUTE
    ../clib/signal.c                         0x00000000   Number         0  defsig_rtred_inner.o ABSOLUTE
    ../clib/signal.c                         0x00000000   Number         0  defsig_stak_inner.o ABSOLUTE
    ../clib/signal.c                         0x00000000   Number         0  defsig_pvfn_inner.o ABSOLUTE
    ../clib/signal.c                         0x00000000   Number         0  defsig_cppl_inner.o ABSOLUTE
    ../clib/signal.c                         0x00000000   Number         0  defsig_segv_inner.o ABSOLUTE
    ../clib/signal.c                         0x00000000   Number         0  defsig_other.o ABSOLUTE
    ../clib/signal.s                         0x00000000   Number         0  defsig.o ABSOLUTE
    ../clib/stdlib.c                         0x00000000   Number         0  exit.o ABSOLUTE
    ../fplib/fpinit.s                        0x00000000   Number         0  fpinit.o ABSOLUTE
    BLUETOOTH.c                              0x00000000   Number         0  bluetooth.o ABSOLUTE
    BUZZER.c                                 0x00000000   Number         0  buzzer.o ABSOLUTE
    DIO.c                                    0x00000000   Number         0  dio.o ABSOLUTE
    INTERRUPT.c                              0x00000000   Number         0  interrupt.o ABSOLUTE
    RTE/Device/TM4C123GH6PM/startup_TM4C123.s 0x00000000   Number         0  startup_tm4c123.o ABSOLUTE
    SYSTICKTimer.c                           0x00000000   Number         0  systicktimer.o ABSOLUTE
    TIMERS.c                                 0x00000000   Number         0  timers.o ABSOLUTE
    UART.c                                   0x00000000   Number         0  uart.o ABSOLUTE
    ULTRASONIC.c                             0x00000000   Number         0  ultrasonic.o ABSOLUTE
    dc.s                                     0x00000000   Number         0  dc.o ABSOLUTE
    main.c                                   0x00000000   Number         0  main.o ABSOLUTE
    system_TM4C123.c                         0x00000000   Number         0  system_tm4c123.o ABSOLUTE
    RESET                                    0x00000000   Section      620  startup_tm4c123.o(RESET)
    !!!main                                  0x0000026c   Section        8  __main.o(!!!main)
    !!!scatter                               0x00000274   Section       52  __scatter.o(!!!scatter)
    !!handler_copy                           0x000002a8   Section       26  __scatter_copy.o(!!handler_copy)
    !!handler_zi                             0x000002c4   Section       28  __scatter_zi.o(!!handler_zi)
    .ARM.Collect$$libinit$$00000000          0x000002e0   Section        2  libinit.o(.ARM.Collect$$libinit$$00000000)
    .ARM.Collect$$libinit$$00000001          0x000002e2   Section        4  libinit2.o(.ARM.Collect$$libinit$$00000001)
    .ARM.Collect$$libinit$$00000004          0x000002e6   Section        0  libinit2.o(.ARM.Collect$$libinit$$00000004)
    .ARM.Collect$$libinit$$00000006          0x000002e6   Section        0  libinit2.o(.ARM.Collect$$libinit$$00000006)
    .ARM.Collect$$libinit$$0000000C          0x000002e6   Section        0  libinit2.o(.ARM.Collect$$libinit$$0000000C)
    .ARM.Collect$$libinit$$0000000E          0x000002e6   Section        0  libinit2.o(.ARM.Collect$$libinit$$0000000E)
    .ARM.Collect$$libinit$$00000010          0x000002e6   Section        0  libinit2.o(.ARM.Collect$$libinit$$00000010)
    .ARM.Collect$$libinit$$00000013          0x000002e6   Section        0  libinit2.o(.ARM.Collect$$libinit$$00000013)
    .ARM.Collect$$libinit$$00000015          0x000002e6   Section        0  libinit2.o(.ARM.Collect$$libinit$$00000015)
    .ARM.Collect$$libinit$$00000017          0x000002e6   Section        0  libinit2.o(.ARM.Collect$$libinit$$00000017)
    .ARM.Collect$$libinit$$00000019          0x000002e6   Section        0  libinit2.o(.ARM.Collect$$libinit$$00000019)
    .ARM.Collect$$libinit$$0000001B          0x000002e6   Section        0  libinit2.o(.ARM.Collect$$libinit$$0000001B)
    .ARM.Collect$$libinit$$0000001D          0x000002e6   Section        0  libinit2.o(.ARM.Collect$$libinit$$0000001D)
    .ARM.Collect$$libinit$$0000001F          0x000002e6   Section        0  libinit2.o(.ARM.Collect$$libinit$$0000001F)
    .ARM.Collect$$libinit$$00000021          0x000002e6   Section        0  libinit2.o(.ARM.Collect$$libinit$$00000021)
    .ARM.Collect$$libinit$$00000023          0x000002e6   Section        0  libinit2.o(.ARM.Collect$$libinit$$00000023)
    .ARM.Collect$$libinit$$00000025          0x000002e6   Section        0  libinit2.o(.ARM.Collect$$libinit$$00000025)
    .ARM.Collect$$libinit$$00000027          0x000002e6   Section        0  libinit2.o(.ARM.Collect$$libinit$$00000027)
    .ARM.Collect$$libinit$$0000002E          0x000002e6   Section        0  libinit2.o(.ARM.Collect$$libinit$$0000002E)
    .ARM.Collect$$libinit$$00000030          0x000002e6   Section        0  libinit2.o(.ARM.Collect$$libinit$$00000030)
    .ARM.Collect$$libinit$$00000032          0x000002e6   Section        0  libinit2.o(.ARM.Collect$$libinit$$00000032)
    .ARM.Collect$$libinit$$00000034          0x000002e6   Section        0  libinit2.o(.ARM.Collect$$libinit$$00000034)
    .ARM.Collect$$libinit$$00000035          0x000002e6   Section        2  libinit2.o(.ARM.Collect$$libinit$$00000035)
    .ARM.Collect$$libshutdown$$00000000      0x000002e8   Section        2  libshutdown.o(.ARM.Collect$$libshutdown$$00000000)
    .ARM.Collect$$libshutdown$$00000002      0x000002ea   Section        0  libshutdown2.o(.ARM.Collect$$libshutdown$$00000002)
    .ARM.Collect$$libshutdown$$00000004      0x000002ea   Section        0  libshutdown2.o(.ARM.Collect$$libshutdown$$00000004)
    .ARM.Collect$$libshutdown$$00000007      0x000002ea   Section        0  libshutdown2.o(.ARM.Collect$$libshutdown$$00000007)
    .ARM.Collect$$libshutdown$$0000000A      0x000002ea   Section        0  libshutdown2.o(.ARM.Collect$$libshutdown$$0000000A)
    .ARM.Collect$$libshutdown$$0000000C      0x000002ea   Section        0  libshutdown2.o(.ARM.Collect$$libshutdown$$0000000C)
    .ARM.Collect$$libshutdown$$0000000F      0x000002ea   Section        0  libshutdown2.o(.ARM.Collect$$libshutdown$$0000000F)
    .ARM.Collect$$libshutdown$$00000010      0x000002ea   Section        2  libshutdown2.o(.ARM.Collect$$libshutdown$$00000010)
    .ARM.Collect$$rtentry$$00000000          0x000002ec   Section        0  __rtentry.o(.ARM.Collect$$rtentry$$00000000)
    .ARM.Collect$$rtentry$$00000002          0x000002ec   Section        0  __rtentry2.o(.ARM.Collect$$rtentry$$00000002)
    .ARM.Collect$$rtentry$$00000004          0x000002ec   Section        6  __rtentry4.o(.ARM.Collect$$rtentry$$00000004)
    .ARM.Collect$$rtentry$$00000009          0x000002f2   Section        0  __rtentry2.o(.ARM.Collect$$rtentry$$00000009)
    .ARM.Collect$$rtentry$$0000000A          0x000002f2   Section        4  __rtentry2.o(.ARM.Collect$$rtentry$$0000000A)
    .ARM.Collect$$rtentry$$0000000C          0x000002f6   Section        0  __rtentry2.o(.ARM.Collect$$rtentry$$0000000C)
    .ARM.Collect$$rtentry$$0000000D          0x000002f6   Section        8  __rtentry2.o(.ARM.Collect$$rtentry$$0000000D)
    .ARM.Collect$$rtexit$$00000000           0x000002fe   Section        2  rtexit.o(.ARM.Collect$$rtexit$$00000000)
    .ARM.Collect$$rtexit$$00000002           0x00000300   Section        0  rtexit2.o(.ARM.Collect$$rtexit$$00000002)
    .ARM.Collect$$rtexit$$00000003           0x00000300   Section        4  rtexit2.o(.ARM.Collect$$rtexit$$00000003)
    .ARM.Collect$$rtexit$$00000004           0x00000304   Section        6  rtexit2.o(.ARM.Collect$$rtexit$$00000004)
    $v0                                      0x0000030c   Number         0  startup_tm4c123.o(.text)
    .text                                    0x0000030c   Section      276  startup_tm4c123.o(.text)
    .text                                    0x00000420   Section        0  heapauxi.o(.text)
    .text                                    0x00000426   Section       74  sys_stackheap_outer.o(.text)
    .text                                    0x00000470   Section        0  exit.o(.text)
    .text                                    0x00000484   Section        8  libspace.o(.text)
    .text                                    0x0000048c   Section        0  sys_exit.o(.text)
    .text                                    0x00000498   Section        2  use_no_semi.o(.text)
    .text                                    0x0000049a   Section        0  indicate_semi.o(.text)
    [Anonymous Symbol]                       0x0000049c   Section        0  dio.o(.text.DIO_Init)
    [Anonymous Symbol]                       0x000006ac   Section        0  dio.o(.text.DIO_SetupDirection)
    [Anonymous Symbol]                       0x00000958   Section        0  dio.o(.text.DIO_WritePin)
    [Anonymous Symbol]                       0x00000b10   Section        0  systicktimer.o(.text.SysTickDisable)
    [Anonymous Symbol]                       0x00000b34   Section        0  systicktimer.o(.text.SysTickEnable)
    [Anonymous Symbol]                       0x00000b64   Section        0  systicktimer.o(.text.SysTickPeriodSet)
    [Anonymous Symbol]                       0x00000bb0   Section        0  main.o(.text.SysTick_Handler)
    [Anonymous Symbol]                       0x00000bd8   Section        0  system_tm4c123.o(.text.SystemInit)
    [Anonymous Symbol]                       0x00000bec   Section        0  main.o(.text.TIMER0A_Handler)
    [Anonymous Symbol]                       0x00000cf8   Section        0  main.o(.text.TIMER1A_Handler)
    [Anonymous Symbol]                       0x00000d24   Section        0  timers.o(.text.Timer0ACapture_init)
    [Anonymous Symbol]                       0x00000dc0   Section        0  timers.o(.text.Timer1_enableInterrupt)
    [Anonymous Symbol]                       0x00000de4   Section        0  timers.o(.text.Timer1_init)
    [Anonymous Symbol]                       0x00000e50   Section        0  timers.o(.text.Timer1_setDelay)
    [Anonymous Symbol]                       0x00000e70   Section        0  timers.o(.text.Timer1_start)
    [Anonymous Symbol]                       0x00000e80   Section        0  timers.o(.text.Timer1_stop)
    [Anonymous Symbol]                       0x00000e90   Section        0  timers.o(.text.Timer2_init)
    [Anonymous Symbol]                       0x00000ee8   Section        0  timers.o(.text.Timer2_setDelay)
    [Anonymous Symbol]                       0x00000efc   Section        0  timers.o(.text.Timer2_start)
    [Anonymous Symbol]                       0x00000f0c   Section        0  timers.o(.text.Timer2_stop)
    [Anonymous Symbol]                       0x00000f1c   Section        0  uart.o(.text.UART_Init)
    [Anonymous Symbol]                       0x00000fd4   Section        0  uart.o(.text.UART_setBaudRate)
    [Anonymous Symbol]                       0x00000ff0   Section        0  bluetooth.o(.text.bluetooth_Init)
    [Anonymous Symbol]                       0x00000ffc   Section        0  bluetooth.o(.text.bluetooth_Read)
    [Anonymous Symbol]                       0x00001020   Section        0  bluetooth.o(.text.bluetooth_Write)
    [Anonymous Symbol]                       0x00001050   Section        0  bluetooth.o(.text.bluetooth_Write_String)
    [Anonymous Symbol]                       0x00001074   Section        0  buzzer.o(.text.buzzerInit)
    [Anonymous Symbol]                       0x00001094   Section        0  buzzer.o(.text.buzzerOFF)
    [Anonymous Symbol]                       0x000010b4   Section        0  buzzer.o(.text.buzzerON)
    [Anonymous Symbol]                       0x000010d4   Section        0  main.o(.text.getPassword)
    [Anonymous Symbol]                       0x0000117c   Section        0  main.o(.text.init)
    [Anonymous Symbol]                       0x000011e8   Section        0  main.o(.text.initLEDs)
    [Anonymous Symbol]                       0x00001244   Section        0  main.o(.text.main)
    [Anonymous Symbol]                       0x000014b0   Section        0  ultrasonic.o(.text.ultrasonic_Init)
    $v0                                      0x000014e0   Number         0  fpinit.o(x$fpl$fpinit)
    x$fpl$fpinit                             0x000014e0   Section       26  fpinit.o(x$fpl$fpinit)
    .L.str.5                                 0x000014fa   Data          27  main.o(.rodata.str1.1)
    [Anonymous Symbol]                       0x000014fa   Section        0  main.o(.rodata.str1.1)
    .L.str                                   0x00001515   Data          27  main.o(.rodata.str1.1)
    .L.str.7                                 0x00001530   Data          34  main.o(.rodata.str1.1)
    .L.str.6                                 0x00001552   Data          35  main.o(.rodata.str1.1)
    .L.str.8                                 0x00001575   Data          33  main.o(.rodata.str1.1)
    .L.str.10                                0x00001596   Data          37  main.o(.rodata.str1.1)
    .L.str.9                                 0x000015bb   Data          37  main.o(.rodata.str1.1)
    .L.str.12                                0x000015e0   Data          34  main.o(.rodata.str1.1)
    .L.str.11                                0x00001602   Data          35  main.o(.rodata.str1.1)
    .L.str.13                                0x00001625   Data          33  main.o(.rodata.str1.1)
    .L.str.15                                0x00001646   Data          37  main.o(.rodata.str1.1)
    .L.str.14                                0x0000166b   Data          37  main.o(.rodata.str1.1)
    .L.str.2                                 0x00001690   Data          74  main.o(.rodata.str1.1)
    .L.str.1                                 0x000016da   Data          71  main.o(.rodata.str1.1)
    .L.str.4                                 0x00001721   Data          27  main.o(.rodata.str1.1)
    .L.str.3                                 0x0000173c   Data          76  main.o(.rodata.str1.1)
    .L.str.16                                0x00001788   Data          29  main.o(.rodata.str1.1)
    .bss                                     0x20000030   Section       96  libspace.o(.bss)
    Heap_Mem                                 0x200000a8   Data           0  startup_tm4c123.o(HEAP)
    Stack_Mem                                0x200000a8   Data         512  startup_tm4c123.o(STACK)
    HEAP                                     0x200000a8   Section        0  startup_tm4c123.o(HEAP)
    STACK                                    0x200000a8   Section      512  startup_tm4c123.o(STACK)
    __initial_sp                             0x200002a8   Data           0  startup_tm4c123.o(STACK)

    Global Symbols

    Symbol Name                              Value     Ov Type        Size  Object(Section)

    BuildAttributes$$THM_ISAv4$E$P$D$K$B$S$7EM$VFPi3$EXTD16$VFPS$VFMA$PE$A:L22UL41UL21$X:L11$S22US41US21$IEEE1$IW$~IW$USESV6$~STKCKD$USESV7$~SHL$OSPACE$ROPI$EBA8$UX$STANDARDLIB$REQ8$PRES8$EABIv2 0x00000000   Number         0  anon$$obj.o ABSOLUTE
    __Vectors                                0x00000000   Data           4  startup_tm4c123.o(RESET)
    __ARM_exceptions_init                     - Undefined Weak Reference
    __alloca_initialize                       - Undefined Weak Reference
    __arm_preinit_                            - Undefined Weak Reference
    __arm_relocate_pie_                       - Undefined Weak Reference
    __cpp_initialize__aeabi_                  - Undefined Weak Reference
    __cxa_finalize                            - Undefined Weak Reference
    __rt_locale                               - Undefined Weak Reference
    __sigvec_lookup                           - Undefined Weak Reference
    _atexit_init                              - Undefined Weak Reference
    _call_atexit_fns                          - Undefined Weak Reference
    _clock_init                               - Undefined Weak Reference
    _fp_trap_init                             - Undefined Weak Reference
    _fp_trap_shutdown                         - Undefined Weak Reference
    _get_lc_collate                           - Undefined Weak Reference
    _get_lc_ctype                             - Undefined Weak Reference
    _get_lc_monetary                          - Undefined Weak Reference
    _get_lc_numeric                           - Undefined Weak Reference
    _get_lc_time                              - Undefined Weak Reference
    _getenv_init                              - Undefined Weak Reference
    _handle_redirection                       - Undefined Weak Reference
    _init_alloc                               - Undefined Weak Reference
    _init_user_alloc                          - Undefined Weak Reference
    _initio                                   - Undefined Weak Reference
    _rand_init                                - Undefined Weak Reference
    _signal_finish                            - Undefined Weak Reference
    _signal_init                              - Undefined Weak Reference
    _terminate_alloc                          - Undefined Weak Reference
    _terminate_user_alloc                     - Undefined Weak Reference
    _terminateio                              - Undefined Weak Reference
    __Vectors_End                            0x0000026c   Data           0  startup_tm4c123.o(RESET)
    __Vectors_Size                           0x0000026c   Number         0  startup_tm4c123.o ABSOLUTE
    __main                                   0x0000026d   Thumb Code     8  __main.o(!!!main)
    __scatterload                            0x00000275   Thumb Code     0  __scatter.o(!!!scatter)
    __scatterload_rt2                        0x00000275   Thumb Code    44  __scatter.o(!!!scatter)
    __scatterload_rt2_thumb_only             0x00000275   Thumb Code     0  __scatter.o(!!!scatter)
    __scatterload_null                       0x00000283   Thumb Code     0  __scatter.o(!!!scatter)
    __scatterload_copy                       0x000002a9   Thumb Code    26  __scatter_copy.o(!!handler_copy)
    __scatterload_zeroinit                   0x000002c5   Thumb Code    28  __scatter_zi.o(!!handler_zi)
    __rt_lib_init                            0x000002e1   Thumb Code     0  libinit.o(.ARM.Collect$$libinit$$00000000)
    __rt_lib_init_fp_1                       0x000002e3   Thumb Code     0  libinit2.o(.ARM.Collect$$libinit$$00000001)
    __rt_lib_init_alloca_1                   0x000002e7   Thumb Code     0  libinit2.o(.ARM.Collect$$libinit$$00000030)
    __rt_lib_init_argv_1                     0x000002e7   Thumb Code     0  libinit2.o(.ARM.Collect$$libinit$$0000002E)
    __rt_lib_init_atexit_1                   0x000002e7   Thumb Code     0  libinit2.o(.ARM.Collect$$libinit$$0000001D)
    __rt_lib_init_clock_1                    0x000002e7   Thumb Code     0  libinit2.o(.ARM.Collect$$libinit$$00000023)
    __rt_lib_init_cpp_1                      0x000002e7   Thumb Code     0  libinit2.o(.ARM.Collect$$libinit$$00000034)
    __rt_lib_init_exceptions_1               0x000002e7   Thumb Code     0  libinit2.o(.ARM.Collect$$libinit$$00000032)
    __rt_lib_init_fp_trap_1                  0x000002e7   Thumb Code     0  libinit2.o(.ARM.Collect$$libinit$$00000021)
    __rt_lib_init_getenv_1                   0x000002e7   Thumb Code     0  libinit2.o(.ARM.Collect$$libinit$$00000025)
    __rt_lib_init_heap_1                     0x000002e7   Thumb Code     0  libinit2.o(.ARM.Collect$$libinit$$0000000C)
    __rt_lib_init_lc_collate_1               0x000002e7   Thumb Code     0  libinit2.o(.ARM.Collect$$libinit$$00000013)
    __rt_lib_init_lc_ctype_1                 0x000002e7   Thumb Code     0  libinit2.o(.ARM.Collect$$libinit$$00000015)
    __rt_lib_init_lc_monetary_1              0x000002e7   Thumb Code     0  libinit2.o(.ARM.Collect$$libinit$$00000017)
    __rt_lib_init_lc_numeric_1               0x000002e7   Thumb Code     0  libinit2.o(.ARM.Collect$$libinit$$00000019)
    __rt_lib_init_lc_time_1                  0x000002e7   Thumb Code     0  libinit2.o(.ARM.Collect$$libinit$$0000001B)
    __rt_lib_init_preinit_1                  0x000002e7   Thumb Code     0  libinit2.o(.ARM.Collect$$libinit$$00000006)
    __rt_lib_init_rand_1                     0x000002e7   Thumb Code     0  libinit2.o(.ARM.Collect$$libinit$$00000010)
    __rt_lib_init_relocate_pie_1             0x000002e7   Thumb Code     0  libinit2.o(.ARM.Collect$$libinit$$00000004)
    __rt_lib_init_return                     0x000002e7   Thumb Code     0  libinit2.o(.ARM.Collect$$libinit$$00000035)
    __rt_lib_init_signal_1                   0x000002e7   Thumb Code     0  libinit2.o(.ARM.Collect$$libinit$$0000001F)
    __rt_lib_init_stdio_1                    0x000002e7   Thumb Code     0  libinit2.o(.ARM.Collect$$libinit$$00000027)
    __rt_lib_init_user_alloc_1               0x000002e7   Thumb Code     0  libinit2.o(.ARM.Collect$$libinit$$0000000E)
    __rt_lib_shutdown                        0x000002e9   Thumb Code     0  libshutdown.o(.ARM.Collect$$libshutdown$$00000000)
    __rt_lib_shutdown_cpp_1                  0x000002eb   Thumb Code     0  libshutdown2.o(.ARM.Collect$$libshutdown$$00000002)
    __rt_lib_shutdown_fp_trap_1              0x000002eb   Thumb Code     0  libshutdown2.o(.ARM.Collect$$libshutdown$$00000007)
    __rt_lib_shutdown_heap_1                 0x000002eb   Thumb Code     0  libshutdown2.o(.ARM.Collect$$libshutdown$$0000000F)
    __rt_lib_shutdown_return                 0x000002eb   Thumb Code     0  libshutdown2.o(.ARM.Collect$$libshutdown$$00000010)
    __rt_lib_shutdown_signal_1               0x000002eb   Thumb Code     0  libshutdown2.o(.ARM.Collect$$libshutdown$$0000000A)
    __rt_lib_shutdown_stdio_1                0x000002eb   Thumb Code     0  libshutdown2.o(.ARM.Collect$$libshutdown$$00000004)
    __rt_lib_shutdown_user_alloc_1           0x000002eb   Thumb Code     0  libshutdown2.o(.ARM.Collect$$libshutdown$$0000000C)
    __rt_entry                               0x000002ed   Thumb Code     0  __rtentry.o(.ARM.Collect$$rtentry$$00000000)
    __rt_entry_presh_1                       0x000002ed   Thumb Code     0  __rtentry2.o(.ARM.Collect$$rtentry$$00000002)
    __rt_entry_sh                            0x000002ed   Thumb Code     0  __rtentry4.o(.ARM.Collect$$rtentry$$00000004)
    __rt_entry_li                            0x000002f3   Thumb Code     0  __rtentry2.o(.ARM.Collect$$rtentry$$0000000A)
    __rt_entry_postsh_1                      0x000002f3   Thumb Code     0  __rtentry2.o(.ARM.Collect$$rtentry$$00000009)
    __rt_entry_main                          0x000002f7   Thumb Code     0  __rtentry2.o(.ARM.Collect$$rtentry$$0000000D)
    __rt_entry_postli_1                      0x000002f7   Thumb Code     0  __rtentry2.o(.ARM.Collect$$rtentry$$0000000C)
    __rt_exit                                0x000002ff   Thumb Code     0  rtexit.o(.ARM.Collect$$rtexit$$00000000)
    __rt_exit_ls                             0x00000301   Thumb Code     0  rtexit2.o(.ARM.Collect$$rtexit$$00000003)
    __rt_exit_prels_1                        0x00000301   Thumb Code     0  rtexit2.o(.ARM.Collect$$rtexit$$00000002)
    __rt_exit_exit                           0x00000305   Thumb Code     0  rtexit2.o(.ARM.Collect$$rtexit$$00000004)
    Reset_Handler                            0x0000030d   Thumb Code     8  startup_tm4c123.o(.text)
    NMI_Handler                              0x00000315   Thumb Code     2  startup_tm4c123.o(.text)
    HardFault_Handler                        0x00000317   Thumb Code     2  startup_tm4c123.o(.text)
    MemManage_Handler                        0x00000319   Thumb Code     2  startup_tm4c123.o(.text)
    BusFault_Handler                         0x0000031b   Thumb Code     2  startup_tm4c123.o(.text)
    UsageFault_Handler                       0x0000031d   Thumb Code     2  startup_tm4c123.o(.text)
    SVC_Handler                              0x0000031f   Thumb Code     2  startup_tm4c123.o(.text)
    DebugMon_Handler                         0x00000321   Thumb Code     2  startup_tm4c123.o(.text)
    PendSV_Handler                           0x00000323   Thumb Code     2  startup_tm4c123.o(.text)
    GPIOA_Handler                            0x00000327   Thumb Code     2  startup_tm4c123.o(.text)
    GPIOB_Handler                            0x00000329   Thumb Code     2  startup_tm4c123.o(.text)
    GPIOC_Handler                            0x0000032b   Thumb Code     2  startup_tm4c123.o(.text)
    GPIOD_Handler                            0x0000032d   Thumb Code     2  startup_tm4c123.o(.text)
    GPIOE_Handler                            0x0000032f   Thumb Code     2  startup_tm4c123.o(.text)
    UART0_Handler                            0x00000331   Thumb Code     2  startup_tm4c123.o(.text)
    UART1_Handler                            0x00000333   Thumb Code     2  startup_tm4c123.o(.text)
    SSI0_Handler                             0x00000335   Thumb Code     2  startup_tm4c123.o(.text)
    I2C0_Handler                             0x00000337   Thumb Code     2  startup_tm4c123.o(.text)
    PMW0_FAULT_Handler                       0x00000339   Thumb Code     2  startup_tm4c123.o(.text)
    PWM0_0_Handler                           0x0000033b   Thumb Code     2  startup_tm4c123.o(.text)
    PWM0_1_Handler                           0x0000033d   Thumb Code     2  startup_tm4c123.o(.text)
    PWM0_2_Handler                           0x0000033f   Thumb Code     2  startup_tm4c123.o(.text)
    QEI0_Handler                             0x00000341   Thumb Code     2  startup_tm4c123.o(.text)
    ADC0SS0_Handler                          0x00000343   Thumb Code     2  startup_tm4c123.o(.text)
    ADC0SS1_Handler                          0x00000345   Thumb Code     2  startup_tm4c123.o(.text)
    ADC0SS2_Handler                          0x00000347   Thumb Code     2  startup_tm4c123.o(.text)
    ADC0SS3_Handler                          0x00000349   Thumb Code     2  startup_tm4c123.o(.text)
    WDT0_Handler                             0x0000034b   Thumb Code     2  startup_tm4c123.o(.text)
    TIMER0B_Handler                          0x0000034f   Thumb Code     2  startup_tm4c123.o(.text)
    TIMER1B_Handler                          0x00000353   Thumb Code     2  startup_tm4c123.o(.text)
    TIMER2A_Handler                          0x00000355   Thumb Code     2  startup_tm4c123.o(.text)
    TIMER2B_Handler                          0x00000357   Thumb Code     2  startup_tm4c123.o(.text)
    COMP0_Handler                            0x00000359   Thumb Code     2  startup_tm4c123.o(.text)
    COMP1_Handler                            0x0000035b   Thumb Code     2  startup_tm4c123.o(.text)
    COMP2_Handler                            0x0000035d   Thumb Code     2  startup_tm4c123.o(.text)
    SYSCTL_Handler                           0x0000035f   Thumb Code     2  startup_tm4c123.o(.text)
    FLASH_Handler                            0x00000361   Thumb Code     2  startup_tm4c123.o(.text)
    GPIOF_Handler                            0x00000363   Thumb Code     2  startup_tm4c123.o(.text)
    GPIOG_Handler                            0x00000365   Thumb Code     2  startup_tm4c123.o(.text)
    GPIOH_Handler                            0x00000367   Thumb Code     2  startup_tm4c123.o(.text)
    UART2_Handler                            0x00000369   Thumb Code     2  startup_tm4c123.o(.text)
    SSI1_Handler                             0x0000036b   Thumb Code     2  startup_tm4c123.o(.text)
    TIMER3A_Handler                          0x0000036d   Thumb Code     2  startup_tm4c123.o(.text)
    TIMER3B_Handler                          0x0000036f   Thumb Code     2  startup_tm4c123.o(.text)
    I2C1_Handler                             0x00000371   Thumb Code     2  startup_tm4c123.o(.text)
    QEI1_Handler                             0x00000373   Thumb Code     2  startup_tm4c123.o(.text)
    CAN0_Handler                             0x00000375   Thumb Code     2  startup_tm4c123.o(.text)
    CAN1_Handler                             0x00000377   Thumb Code     2  startup_tm4c123.o(.text)
    CAN2_Handler                             0x00000379   Thumb Code     2  startup_tm4c123.o(.text)
    HIB_Handler                              0x0000037b   Thumb Code     2  startup_tm4c123.o(.text)
    USB0_Handler                             0x0000037d   Thumb Code     2  startup_tm4c123.o(.text)
    PWM0_3_Handler                           0x0000037f   Thumb Code     2  startup_tm4c123.o(.text)
    UDMA_Handler                             0x00000381   Thumb Code     2  startup_tm4c123.o(.text)
    UDMAERR_Handler                          0x00000383   Thumb Code     2  startup_tm4c123.o(.text)
    ADC1SS0_Handler                          0x00000385   Thumb Code     2  startup_tm4c123.o(.text)
    ADC1SS1_Handler                          0x00000387   Thumb Code     2  startup_tm4c123.o(.text)
    ADC1SS2_Handler                          0x00000389   Thumb Code     2  startup_tm4c123.o(.text)
    ADC1SS3_Handler                          0x0000038b   Thumb Code     2  startup_tm4c123.o(.text)
    GPIOJ_Handler                            0x0000038d   Thumb Code     2  startup_tm4c123.o(.text)
    GPIOK_Handler                            0x0000038f   Thumb Code     2  startup_tm4c123.o(.text)
    GPIOL_Handler                            0x00000391   Thumb Code     2  startup_tm4c123.o(.text)
    SSI2_Handler                             0x00000393   Thumb Code     2  startup_tm4c123.o(.text)
    SSI3_Handler                             0x00000395   Thumb Code     2  startup_tm4c123.o(.text)
    UART3_Handler                            0x00000397   Thumb Code     2  startup_tm4c123.o(.text)
    UART4_Handler                            0x00000399   Thumb Code     2  startup_tm4c123.o(.text)
    UART5_Handler                            0x0000039b   Thumb Code     2  startup_tm4c123.o(.text)
    UART6_Handler                            0x0000039d   Thumb Code     2  startup_tm4c123.o(.text)
    UART7_Handler                            0x0000039f   Thumb Code     2  startup_tm4c123.o(.text)
    I2C2_Handler                             0x000003a1   Thumb Code     2  startup_tm4c123.o(.text)
    I2C3_Handler                             0x000003a3   Thumb Code     2  startup_tm4c123.o(.text)
    TIMER4A_Handler                          0x000003a5   Thumb Code     2  startup_tm4c123.o(.text)
    TIMER4B_Handler                          0x000003a7   Thumb Code     2  startup_tm4c123.o(.text)
    TIMER5A_Handler                          0x000003a9   Thumb Code     2  startup_tm4c123.o(.text)
    TIMER5B_Handler                          0x000003ab   Thumb Code     2  startup_tm4c123.o(.text)
    WTIMER0A_Handler                         0x000003ad   Thumb Code     2  startup_tm4c123.o(.text)
    WTIMER0B_Handler                         0x000003af   Thumb Code     2  startup_tm4c123.o(.text)
    WTIMER1A_Handler                         0x000003b1   Thumb Code     2  startup_tm4c123.o(.text)
    WTIMER1B_Handler                         0x000003b3   Thumb Code     2  startup_tm4c123.o(.text)
    WTIMER2A_Handler                         0x000003b5   Thumb Code     2  startup_tm4c123.o(.text)
    WTIMER2B_Handler                         0x000003b7   Thumb Code     2  startup_tm4c123.o(.text)
    WTIMER3A_Handler                         0x000003b9   Thumb Code     2  startup_tm4c123.o(.text)
    WTIMER3B_Handler                         0x000003bb   Thumb Code     2  startup_tm4c123.o(.text)
    WTIMER4A_Handler                         0x000003bd   Thumb Code     2  startup_tm4c123.o(.text)
    WTIMER4B_Handler                         0x000003bf   Thumb Code     2  startup_tm4c123.o(.text)
    WTIMER5A_Handler                         0x000003c1   Thumb Code     2  startup_tm4c123.o(.text)
    WTIMER5B_Handler                         0x000003c3   Thumb Code     2  startup_tm4c123.o(.text)
    FPU_Handler                              0x000003c5   Thumb Code     2  startup_tm4c123.o(.text)
    I2C4_Handler                             0x000003c7   Thumb Code     2  startup_tm4c123.o(.text)
    I2C5_Handler                             0x000003c9   Thumb Code     2  startup_tm4c123.o(.text)
    GPIOM_Handler                            0x000003cb   Thumb Code     2  startup_tm4c123.o(.text)
    GPION_Handler                            0x000003cd   Thumb Code     2  startup_tm4c123.o(.text)
    QEI2_Handler                             0x000003cf   Thumb Code     2  startup_tm4c123.o(.text)
    GPIOP0_Handler                           0x000003d1   Thumb Code     2  startup_tm4c123.o(.text)
    GPIOP1_Handler                           0x000003d3   Thumb Code     2  startup_tm4c123.o(.text)
    GPIOP2_Handler                           0x000003d5   Thumb Code     2  startup_tm4c123.o(.text)
    GPIOP3_Handler                           0x000003d7   Thumb Code     2  startup_tm4c123.o(.text)
    GPIOP4_Handler                           0x000003d9   Thumb Code     2  startup_tm4c123.o(.text)
    GPIOP5_Handler                           0x000003db   Thumb Code     2  startup_tm4c123.o(.text)
    GPIOP6_Handler                           0x000003dd   Thumb Code     2  startup_tm4c123.o(.text)
    GPIOP7_Handler                           0x000003df   Thumb Code     2  startup_tm4c123.o(.text)
    GPIOQ0_Handler                           0x000003e1   Thumb Code     2  startup_tm4c123.o(.text)
    GPIOQ1_Handler                           0x000003e3   Thumb Code     2  startup_tm4c123.o(.text)
    GPIOQ2_Handler                           0x000003e5   Thumb Code     2  startup_tm4c123.o(.text)
    GPIOQ3_Handler                           0x000003e7   Thumb Code     2  startup_tm4c123.o(.text)
    GPIOQ4_Handler                           0x000003e9   Thumb Code     2  startup_tm4c123.o(.text)
    GPIOQ5_Handler                           0x000003eb   Thumb Code     2  startup_tm4c123.o(.text)
    GPIOQ6_Handler                           0x000003ed   Thumb Code     2  startup_tm4c123.o(.text)
    GPIOQ7_Handler                           0x000003ef   Thumb Code     2  startup_tm4c123.o(.text)
    GPIOR_Handler                            0x000003f1   Thumb Code     2  startup_tm4c123.o(.text)
    GPIOS_Handler                            0x000003f3   Thumb Code     2  startup_tm4c123.o(.text)
    PMW1_0_Handler                           0x000003f5   Thumb Code     2  startup_tm4c123.o(.text)
    PWM1_1_Handler                           0x000003f7   Thumb Code     2  startup_tm4c123.o(.text)
    PWM1_2_Handler                           0x000003f9   Thumb Code     2  startup_tm4c123.o(.text)
    PWM1_3_Handler                           0x000003fb   Thumb Code     2  startup_tm4c123.o(.text)
    PWM1_FAULT_Handler                       0x000003fd   Thumb Code     2  startup_tm4c123.o(.text)
    __user_initial_stackheap                 0x00000401   Thumb Code     0  startup_tm4c123.o(.text)
    __use_two_region_memory                  0x00000421   Thumb Code     2  heapauxi.o(.text)
    __rt_heap_escrow$2region                 0x00000423   Thumb Code     2  heapauxi.o(.text)
    __rt_heap_expand$2region                 0x00000425   Thumb Code     2  heapauxi.o(.text)
    __user_setup_stackheap                   0x00000427   Thumb Code    74  sys_stackheap_outer.o(.text)
    exit                                     0x00000471   Thumb Code    18  exit.o(.text)
    __user_libspace                          0x00000485   Thumb Code     8  libspace.o(.text)
    __user_perproc_libspace                  0x00000485   Thumb Code     0  libspace.o(.text)
    __user_perthread_libspace                0x00000485   Thumb Code     0  libspace.o(.text)
    _sys_exit                                0x0000048d   Thumb Code     8  sys_exit.o(.text)
    __I$use$semihosting                      0x00000499   Thumb Code     0  use_no_semi.o(.text)
    __use_no_semihosting_swi                 0x00000499   Thumb Code     2  use_no_semi.o(.text)
    __semihosting_library_function           0x0000049b   Thumb Code     0  indicate_semi.o(.text)
    DIO_Init                                 0x0000049d   Thumb Code   526  dio.o(.text.DIO_Init)
    DIO_SetupDirection                       0x000006ad   Thumb Code   682  dio.o(.text.DIO_SetupDirection)
    DIO_WritePin                             0x00000959   Thumb Code   438  dio.o(.text.DIO_WritePin)
    SysTickDisable                           0x00000b11   Thumb Code    34  systicktimer.o(.text.SysTickDisable)
    SysTickEnable                            0x00000b35   Thumb Code    46  systicktimer.o(.text.SysTickEnable)
    SysTickPeriodSet                         0x00000b65   Thumb Code    76  systicktimer.o(.text.SysTickPeriodSet)
    SysTick_Handler                          0x00000bb1   Thumb Code    40  main.o(.text.SysTick_Handler)
    SystemInit                               0x00000bd9   Thumb Code    18  system_tm4c123.o(.text.SystemInit)
    TIMER0A_Handler                          0x00000bed   Thumb Code   268  main.o(.text.TIMER0A_Handler)
    TIMER1A_Handler                          0x00000cf9   Thumb Code    42  main.o(.text.TIMER1A_Handler)
    Timer0ACapture_init                      0x00000d25   Thumb Code   156  timers.o(.text.Timer0ACapture_init)
    Timer1_enableInterrupt                   0x00000dc1   Thumb Code    34  timers.o(.text.Timer1_enableInterrupt)
    Timer1_init                              0x00000de5   Thumb Code   108  timers.o(.text.Timer1_init)
    Timer1_setDelay                          0x00000e51   Thumb Code    32  timers.o(.text.Timer1_setDelay)
    Timer1_start                             0x00000e71   Thumb Code    14  timers.o(.text.Timer1_start)
    Timer1_stop                              0x00000e81   Thumb Code    14  timers.o(.text.Timer1_stop)
    Timer2_init                              0x00000e91   Thumb Code    86  timers.o(.text.Timer2_init)
    Timer2_setDelay                          0x00000ee9   Thumb Code    20  timers.o(.text.Timer2_setDelay)
    Timer2_start                             0x00000efd   Thumb Code    14  timers.o(.text.Timer2_start)
    Timer2_stop                              0x00000f0d   Thumb Code    14  timers.o(.text.Timer2_stop)
    UART_Init                                0x00000f1d   Thumb Code   182  uart.o(.text.UART_Init)
    UART_setBaudRate                         0x00000fd5   Thumb Code    26  uart.o(.text.UART_setBaudRate)
    bluetooth_Init                           0x00000ff1   Thumb Code    10  bluetooth.o(.text.bluetooth_Init)
    bluetooth_Read                           0x00000ffd   Thumb Code    36  bluetooth.o(.text.bluetooth_Read)
    bluetooth_Write                          0x00001021   Thumb Code    46  bluetooth.o(.text.bluetooth_Write)
    bluetooth_Write_String                   0x00001051   Thumb Code    34  bluetooth.o(.text.bluetooth_Write_String)
    buzzerInit                               0x00001075   Thumb Code    32  buzzer.o(.text.buzzerInit)
    buzzerOFF                                0x00001095   Thumb Code    30  buzzer.o(.text.buzzerOFF)
    buzzerON                                 0x000010b5   Thumb Code    30  buzzer.o(.text.buzzerON)
    getPassword                              0x000010d5   Thumb Code   168  main.o(.text.getPassword)
    init                                     0x0000117d   Thumb Code   108  main.o(.text.init)
    initLEDs                                 0x000011e9   Thumb Code    90  main.o(.text.initLEDs)
    main                                     0x00001245   Thumb Code   620  main.o(.text.main)
    ultrasonic_Init                          0x000014b1   Thumb Code    48  ultrasonic.o(.text.ultrasonic_Init)
    _fp_init                                 0x000014e1   Thumb Code    26  fpinit.o(x$fpl$fpinit)
    __fplib_config_fpu_vfp                   0x000014f9   Thumb Code     0  fpinit.o(x$fpl$fpinit)
    __fplib_config_pureend_doubles           0x000014f9   Thumb Code     0  fpinit.o(x$fpl$fpinit)
    Region$$Table$$Base                      0x000017a8   Number         0  anon$$obj.o(Region$$Table)
    Region$$Table$$Limit                     0x000017c8   Number         0  anon$$obj.o(Region$$Table)
    enter_pass_msg                           0x20000000   Data          29  main.o(.data.enter_pass_msg)
    password                                 0x2000001d   Data           4  main.o(.data.password)
    welcome_msg                              0x20000021   Data          14  main.o(.data.welcome_msg)
    __libspace_start                         0x20000030   Data          96  libspace.o(.bss)
    __temporary_stack_top$libspace           0x20000090   Data           0  libspace.o(.bss)
    distance                                 0x20000090   Data           4  main.o(.bss.distance)
    input                                    0x20000094   Data           4  main.o(.bss.input)
    lastEdge                                 0x20000098   Data           4  main.o(.bss.lastEdge)
    lastedgeIn_flag                          0x2000009c   Data           1  main.o(.bss.lastedgeIn_flag)
    thisEdge                                 0x200000a0   Data           4  main.o(.bss.thisEdge)
    time                                     0x200000a4   Data           4  main.o(.bss.time)



==============================================================================

Memory Map of the image

  Image Entry point : 0x0000026d

  Load Region LR_IROM1 (Base: 0x00000000, Size: 0x000017f8, Max: 0x00040000, ABSOLUTE)

    Execution Region ER_IROM1 (Exec base: 0x00000000, Load base: 0x00000000, Size: 0x000017c8, Max: 0x00040000, ABSOLUTE)

    Exec Addr    Load Addr    Size         Type   Attr      Idx    E Section Name        Object

    0x00000000   0x00000000   0x0000026c   Data   RO          171    RESET               startup_tm4c123.o
    0x0000026c   0x0000026c   0x00000008   Code   RO          196  * !!!main             c_w.l(__main.o)
    0x00000274   0x00000274   0x00000034   Code   RO          361    !!!scatter          c_w.l(__scatter.o)
    0x000002a8   0x000002a8   0x0000001a   Code   RO          363    !!handler_copy      c_w.l(__scatter_copy.o)
    0x000002c2   0x000002c2   0x00000002   PAD
    0x000002c4   0x000002c4   0x0000001c   Code   RO          365    !!handler_zi        c_w.l(__scatter_zi.o)
    0x000002e0   0x000002e0   0x00000002   Code   RO          223    .ARM.Collect$$libinit$$00000000  c_w.l(libinit.o)
    0x000002e2   0x000002e2   0x00000004   Code   RO          229    .ARM.Collect$$libinit$$00000001  c_w.l(libinit2.o)
    0x000002e6   0x000002e6   0x00000000   Code   RO          232    .ARM.Collect$$libinit$$00000004  c_w.l(libinit2.o)
    0x000002e6   0x000002e6   0x00000000   Code   RO          234    .ARM.Collect$$libinit$$00000006  c_w.l(libinit2.o)
    0x000002e6   0x000002e6   0x00000000   Code   RO          237    .ARM.Collect$$libinit$$0000000C  c_w.l(libinit2.o)
    0x000002e6   0x000002e6   0x00000000   Code   RO          239    .ARM.Collect$$libinit$$0000000E  c_w.l(libinit2.o)
    0x000002e6   0x000002e6   0x00000000   Code   RO          241    .ARM.Collect$$libinit$$00000010  c_w.l(libinit2.o)
    0x000002e6   0x000002e6   0x00000000   Code   RO          244    .ARM.Collect$$libinit$$00000013  c_w.l(libinit2.o)
    0x000002e6   0x000002e6   0x00000000   Code   RO          246    .ARM.Collect$$libinit$$00000015  c_w.l(libinit2.o)
    0x000002e6   0x000002e6   0x00000000   Code   RO          248    .ARM.Collect$$libinit$$00000017  c_w.l(libinit2.o)
    0x000002e6   0x000002e6   0x00000000   Code   RO          250    .ARM.Collect$$libinit$$00000019  c_w.l(libinit2.o)
    0x000002e6   0x000002e6   0x00000000   Code   RO          252    .ARM.Collect$$libinit$$0000001B  c_w.l(libinit2.o)
    0x000002e6   0x000002e6   0x00000000   Code   RO          254    .ARM.Collect$$libinit$$0000001D  c_w.l(libinit2.o)
    0x000002e6   0x000002e6   0x00000000   Code   RO          256    .ARM.Collect$$libinit$$0000001F  c_w.l(libinit2.o)
    0x000002e6   0x000002e6   0x00000000   Code   RO          258    .ARM.Collect$$libinit$$00000021  c_w.l(libinit2.o)
    0x000002e6   0x000002e6   0x00000000   Code   RO          260    .ARM.Collect$$libinit$$00000023  c_w.l(libinit2.o)
    0x000002e6   0x000002e6   0x00000000   Code   RO          262    .ARM.Collect$$libinit$$00000025  c_w.l(libinit2.o)
    0x000002e6   0x000002e6   0x00000000   Code   RO          264    .ARM.Collect$$libinit$$00000027  c_w.l(libinit2.o)
    0x000002e6   0x000002e6   0x00000000   Code   RO          268    .ARM.Collect$$libinit$$0000002E  c_w.l(libinit2.o)
    0x000002e6   0x000002e6   0x00000000   Code   RO          270    .ARM.Collect$$libinit$$00000030  c_w.l(libinit2.o)
    0x000002e6   0x000002e6   0x00000000   Code   RO          272    .ARM.Collect$$libinit$$00000032  c_w.l(libinit2.o)
    0x000002e6   0x000002e6   0x00000000   Code   RO          274    .ARM.Collect$$libinit$$00000034  c_w.l(libinit2.o)
    0x000002e6   0x000002e6   0x00000002   Code   RO          275    .ARM.Collect$$libinit$$00000035  c_w.l(libinit2.o)
    0x000002e8   0x000002e8   0x00000002   Code   RO          297    .ARM.Collect$$libshutdown$$00000000  c_w.l(libshutdown.o)
    0x000002ea   0x000002ea   0x00000000   Code   RO          312    .ARM.Collect$$libshutdown$$00000002  c_w.l(libshutdown2.o)
    0x000002ea   0x000002ea   0x00000000   Code   RO          314    .ARM.Collect$$libshutdown$$00000004  c_w.l(libshutdown2.o)
    0x000002ea   0x000002ea   0x00000000   Code   RO          317    .ARM.Collect$$libshutdown$$00000007  c_w.l(libshutdown2.o)
    0x000002ea   0x000002ea   0x00000000   Code   RO          320    .ARM.Collect$$libshutdown$$0000000A  c_w.l(libshutdown2.o)
    0x000002ea   0x000002ea   0x00000000   Code   RO          322    .ARM.Collect$$libshutdown$$0000000C  c_w.l(libshutdown2.o)
    0x000002ea   0x000002ea   0x00000000   Code   RO          325    .ARM.Collect$$libshutdown$$0000000F  c_w.l(libshutdown2.o)
    0x000002ea   0x000002ea   0x00000002   Code   RO          326    .ARM.Collect$$libshutdown$$00000010  c_w.l(libshutdown2.o)
    0x000002ec   0x000002ec   0x00000000   Code   RO          198    .ARM.Collect$$rtentry$$00000000  c_w.l(__rtentry.o)
    0x000002ec   0x000002ec   0x00000000   Code   RO          200    .ARM.Collect$$rtentry$$00000002  c_w.l(__rtentry2.o)
    0x000002ec   0x000002ec   0x00000006   Code   RO          212    .ARM.Collect$$rtentry$$00000004  c_w.l(__rtentry4.o)
    0x000002f2   0x000002f2   0x00000000   Code   RO          202    .ARM.Collect$$rtentry$$00000009  c_w.l(__rtentry2.o)
    0x000002f2   0x000002f2   0x00000004   Code   RO          203    .ARM.Collect$$rtentry$$0000000A  c_w.l(__rtentry2.o)
    0x000002f6   0x000002f6   0x00000000   Code   RO          205    .ARM.Collect$$rtentry$$0000000C  c_w.l(__rtentry2.o)
    0x000002f6   0x000002f6   0x00000008   Code   RO          206    .ARM.Collect$$rtentry$$0000000D  c_w.l(__rtentry2.o)
    0x000002fe   0x000002fe   0x00000002   Code   RO          227    .ARM.Collect$$rtexit$$00000000  c_w.l(rtexit.o)
    0x00000300   0x00000300   0x00000000   Code   RO          277    .ARM.Collect$$rtexit$$00000002  c_w.l(rtexit2.o)
    0x00000300   0x00000300   0x00000004   Code   RO          278    .ARM.Collect$$rtexit$$00000003  c_w.l(rtexit2.o)
    0x00000304   0x00000304   0x00000006   Code   RO          279    .ARM.Collect$$rtexit$$00000004  c_w.l(rtexit2.o)
    0x0000030a   0x0000030a   0x00000002   PAD
    0x0000030c   0x0000030c   0x00000114   Code   RO          172    .text               startup_tm4c123.o
    0x00000420   0x00000420   0x00000006   Code   RO          194    .text               c_w.l(heapauxi.o)
    0x00000426   0x00000426   0x0000004a   Code   RO          214    .text               c_w.l(sys_stackheap_outer.o)
    0x00000470   0x00000470   0x00000012   Code   RO          216    .text               c_w.l(exit.o)
    0x00000482   0x00000482   0x00000002   PAD
    0x00000484   0x00000484   0x00000008   Code   RO          224    .text               c_w.l(libspace.o)
    0x0000048c   0x0000048c   0x0000000c   Code   RO          287    .text               c_w.l(sys_exit.o)
    0x00000498   0x00000498   0x00000002   Code   RO          302    .text               c_w.l(use_no_semi.o)
    0x0000049a   0x0000049a   0x00000000   Code   RO          304    .text               c_w.l(indicate_semi.o)
    0x0000049a   0x0000049a   0x00000002   PAD
    0x0000049c   0x0000049c   0x0000020e   Code   RO           75    .text.DIO_Init      dio.o
    0x000006aa   0x000006aa   0x00000002   PAD
    0x000006ac   0x000006ac   0x000002aa   Code   RO           77    .text.DIO_SetupDirection  dio.o
    0x00000956   0x00000956   0x00000002   PAD
    0x00000958   0x00000958   0x000001b6   Code   RO           81    .text.DIO_WritePin  dio.o
    0x00000b0e   0x00000b0e   0x00000002   PAD
    0x00000b10   0x00000b10   0x00000022   Code   RO          111    .text.SysTickDisable  systicktimer.o
    0x00000b32   0x00000b32   0x00000002   PAD
    0x00000b34   0x00000b34   0x0000002e   Code   RO          113    .text.SysTickEnable  systicktimer.o
    0x00000b62   0x00000b62   0x00000002   PAD
    0x00000b64   0x00000b64   0x0000004c   Code   RO          117    .text.SysTickPeriodSet  systicktimer.o
    0x00000bb0   0x00000bb0   0x00000028   Code   RO           10    .text.SysTick_Handler  main.o
    0x00000bd8   0x00000bd8   0x00000012   Code   RO          183    .text.SystemInit    system_tm4c123.o
    0x00000bea   0x00000bea   0x00000002   PAD
    0x00000bec   0x00000bec   0x0000010c   Code   RO           12    .text.TIMER0A_Handler  main.o
    0x00000cf8   0x00000cf8   0x0000002a   Code   RO           14    .text.TIMER1A_Handler  main.o
    0x00000d22   0x00000d22   0x00000002   PAD
    0x00000d24   0x00000d24   0x0000009c   Code   RO          130    .text.Timer0ACapture_init  timers.o
    0x00000dc0   0x00000dc0   0x00000022   Code   RO          140    .text.Timer1_enableInterrupt  timers.o
    0x00000de2   0x00000de2   0x00000002   PAD
    0x00000de4   0x00000de4   0x0000006c   Code   RO          132    .text.Timer1_init   timers.o
    0x00000e50   0x00000e50   0x00000020   Code   RO          134    .text.Timer1_setDelay  timers.o
    0x00000e70   0x00000e70   0x0000000e   Code   RO          136    .text.Timer1_start  timers.o
    0x00000e7e   0x00000e7e   0x00000002   PAD
    0x00000e80   0x00000e80   0x0000000e   Code   RO          138    .text.Timer1_stop   timers.o
    0x00000e8e   0x00000e8e   0x00000002   PAD
    0x00000e90   0x00000e90   0x00000056   Code   RO          142    .text.Timer2_init   timers.o
    0x00000ee6   0x00000ee6   0x00000002   PAD
    0x00000ee8   0x00000ee8   0x00000014   Code   RO          144    .text.Timer2_setDelay  timers.o
    0x00000efc   0x00000efc   0x0000000e   Code   RO          146    .text.Timer2_start  timers.o
    0x00000f0a   0x00000f0a   0x00000002   PAD
    0x00000f0c   0x00000f0c   0x0000000e   Code   RO          148    .text.Timer2_stop   timers.o
    0x00000f1a   0x00000f1a   0x00000002   PAD
    0x00000f1c   0x00000f1c   0x000000b6   Code   RO          159    .text.UART_Init     uart.o
    0x00000fd2   0x00000fd2   0x00000002   PAD
    0x00000fd4   0x00000fd4   0x0000001a   Code   RO          161    .text.UART_setBaudRate  uart.o
    0x00000fee   0x00000fee   0x00000002   PAD
    0x00000ff0   0x00000ff0   0x0000000a   Code   RO           36    .text.bluetooth_Init  bluetooth.o
    0x00000ffa   0x00000ffa   0x00000002   PAD
    0x00000ffc   0x00000ffc   0x00000024   Code   RO           38    .text.bluetooth_Read  bluetooth.o
    0x00001020   0x00001020   0x0000002e   Code   RO           40    .text.bluetooth_Write  bluetooth.o
    0x0000104e   0x0000104e   0x00000002   PAD
    0x00001050   0x00001050   0x00000022   Code   RO           42    .text.bluetooth_Write_String  bluetooth.o
    0x00001072   0x00001072   0x00000002   PAD
    0x00001074   0x00001074   0x00000020   Code   RO           62    .text.buzzerInit    buzzer.o
    0x00001094   0x00001094   0x0000001e   Code   RO           66    .text.buzzerOFF     buzzer.o
    0x000010b2   0x000010b2   0x00000002   PAD
    0x000010b4   0x000010b4   0x0000001e   Code   RO           64    .text.buzzerON      buzzer.o
    0x000010d2   0x000010d2   0x00000002   PAD
    0x000010d4   0x000010d4   0x000000a8   Code   RO            6    .text.getPassword   main.o
    0x0000117c   0x0000117c   0x0000006c   Code   RO            4    .text.init          main.o
    0x000011e8   0x000011e8   0x0000005a   Code   RO            2    .text.initLEDs      main.o
    0x00001242   0x00001242   0x00000002   PAD
    0x00001244   0x00001244   0x0000026c   Code   RO            8    .text.main          main.o
    0x000014b0   0x000014b0   0x00000030   Code   RO           51    .text.ultrasonic_Init  ultrasonic.o
    0x000014e0   0x000014e0   0x0000001a   Code   RO          285    x$fpl$fpinit        fz_wm.l(fpinit.o)
    0x000014fa   0x000014fa   0x000002ab   Data   RO           21    .rodata.str1.1      main.o
    0x000017a5   0x000017a5   0x00000003   PAD
    0x000017a8   0x000017a8   0x00000020   Data   RO          360    Region$$Table       anon$$obj.o


    Execution Region RW_IRAM1 (Exec base: 0x20000000, Load base: 0x000017c8, Size: 0x000002a8, Max: 0x00008000, ABSOLUTE)

    Exec Addr    Load Addr    Size         Type   Attr      Idx    E Section Name        Object

    0x20000000   0x000017c8   0x0000001d   Data   RW           16    .data.enter_pass_msg  main.o
    0x2000001d   0x000017e5   0x00000004   Data   RW           19    .data.password      main.o
    0x20000021   0x000017e9   0x0000000e   Data   RW           17    .data.welcome_msg   main.o
    0x2000002f   0x000017f7   0x00000001   PAD
    0x20000030        -       0x00000060   Zero   RW          225    .bss                c_w.l(libspace.o)
    0x20000090        -       0x00000004   Zero   RW           27    .bss.distance       main.o
    0x20000094        -       0x00000004   Zero   RW           20    .bss.input          main.o
    0x20000098        -       0x00000004   Zero   RW           24    .bss.lastEdge       main.o
    0x2000009c        -       0x00000001   Zero   RW           22    .bss.lastedgeIn_flag  main.o
    0x2000009d   0x000017f7   0x00000003   PAD
    0x200000a0        -       0x00000004   Zero   RW           25    .bss.thisEdge       main.o
    0x200000a4        -       0x00000004   Zero   RW           26    .bss.time           main.o
    0x200000a8        -       0x00000000   Zero   RW          170    HEAP                startup_tm4c123.o
    0x200000a8        -       0x00000200   Zero   RW          169    STACK               startup_tm4c123.o


==============================================================================

Image component sizes


      Code (inc. data)   RO Data    RW Data    ZI Data      Debug   Object Name

       126          0          0          0          0        962   bluetooth.o
        92          0          0          0          0        783   buzzer.o
      1646         24          0          0          0       2189   dio.o
      1336         10        683         47         21       2789   main.o
       276         24        620          0        512       5500   startup_tm4c123.o
        18          0          0          0          0       6633   system_tm4c123.o
       156          0          0          0          0       1380   systicktimer.o
       492          0          0          0          0       1324   timers.o
       208          0          0          0          0        716   uart.o
        48          0          0          0          0        627   ultrasonic.o

    ----------------------------------------------------------------------
      4440         58       1338         48        536      22903   Object Totals
         0          0         32          0          0          0   (incl. Generated)
        42          0          3          1          3          0   (incl. Padding)

    ----------------------------------------------------------------------

      Code (inc. data)   RO Data    RW Data    ZI Data      Debug   Library Member Name

         8          0          0          0          0         68   __main.o
         0          0          0          0          0          0   __rtentry.o
        12          0          0          0          0          0   __rtentry2.o
         6          0          0          0          0          0   __rtentry4.o
        52          8          0          0          0          0   __scatter.o
        26          0          0          0          0          0   __scatter_copy.o
        28          0          0          0          0          0   __scatter_zi.o
        18          0          0          0          0         80   exit.o
         6          0          0          0          0        152   heapauxi.o
         0          0          0          0          0          0   indicate_semi.o
         2          0          0          0          0          0   libinit.o
         6          0          0          0          0          0   libinit2.o
         2          0          0          0          0          0   libshutdown.o
         2          0          0          0          0          0   libshutdown2.o
         8          4          0          0         96         68   libspace.o
         2          0          0          0          0          0   rtexit.o
        10          0          0          0          0          0   rtexit2.o
        12          4          0          0          0         68   sys_exit.o
        74          0          0          0          0         80   sys_stackheap_outer.o
         2          0          0          0          0         68   use_no_semi.o
        26          0          0          0          0        116   fpinit.o

    ----------------------------------------------------------------------
       310         16          0          0         96        700   Library Totals
         8          0          0          0          0          0   (incl. Padding)

    ----------------------------------------------------------------------

      Code (inc. data)   RO Data    RW Data    ZI Data      Debug   Library Name

       276         16          0          0         96        584   c_w.l
        26          0          0          0          0        116   fz_wm.l

    ----------------------------------------------------------------------
       310         16          0          0         96        700   Library Totals

    ----------------------------------------------------------------------

==============================================================================


      Code (inc. data)   RO Data    RW Data    ZI Data      Debug   

      4750         74       1338         48        632      23287   Grand Totals
      4750         74       1338         48        632      23287   ELF Image Totals
      4750         74       1338         48          0          0   ROM Totals

==============================================================================

    Total RO  Size (Code + RO Data)                 6088 (   5.95kB)
    Total RW  Size (RW Data + ZI Data)               680 (   0.66kB)
    Total ROM Size (Code + RO Data + RW Data)       6136 (   5.99kB)

==============================================================================

